<html>
<body>
<pre>
<h1>µVision Build Log</h1>
<h2>Tool Versions:</h2>
IDE-Version: ¦ÌVision V5.33.0.0
Copyright (C) 2020 ARM Ltd and ARM Germany GmbH. All rights reserved.
License Information: 1226721052@qq.com 1226721052@qq.com, 1226721052@qq.com, LIC=MPPLD-8CAKD-HLCCL-0NAAC-65JI1-8GTPV
 
Tool Versions:
Toolchain:       MDK-ARM Plus  Version: 5.33.0.0
Toolchain Path:  D:\keil5\ARM\ARMCLANG\Bin
C Compiler:      ArmClang.exe V6.15
Assembler:       Armasm.exe V6.15
Linker/Locator:  ArmLink.exe V6.15
Library Manager: ArmAr.exe V6.15
Hex Converter:   FromElf.exe V6.15
CPU DLL:         SARMCM3.DLL V5.33.0.0
Dialog DLL:      DARMCM1.DLL V1.19.4.0
Target DLL:      Segger\JL2CM3.dll V2.99.38.0
Dialog DLL:      TARMCM1.DLL V1.14.3.0
 
<h2>Project:</h2>
D:\×ÀÃæ\singg\P13_IIC\SFG2022_P13_IIC_V2.24_2\Project\CBMX56X.uvprojx
Project File Date:  08/22/2025

<h2>Output:</h2>
*** Using Compiler 'V6.15', folder: 'D:\keil5\ARM\ARMCLANG\Bin'
Build target 'Target 1'
../src/Core/src/task.c(454): warning: implicit declaration of function 'IIC_ReadReg' is invalid in C99 [-Wimplicit-function-declaration]
                    IIC_ReadReg(0x75, &temperature_ex);
                    ^
../src/Core/src/task.c(520): warning: implicit declaration of function 'IIC_ReadReg' is invalid in C99 [-Wimplicit-function-declaration]
                IIC_ReadReg(0x75, &temperature_ex);
                ^
../src/Core/src/task.c(758): warning: implicit declaration of function 'ts_W_L' is invalid in C99 [-Wimplicit-function-declaration]
                ts_W_L();
                ^
../src/Core/src/task.c(798): warning: implicit declaration of function 'ts_W_H' is invalid in C99 [-Wimplicit-function-declaration]
                ts_W_H();
                ^
4 warnings generated.
compiling task.c...
linking...
Program Size: Code=52760 RO-data=7644 RW-data=412 ZI-data=3204  
FromELF: creating hex file...
After Build - User command #1: fromelf.exe --bin --bincombined --bincombined_padding=1,0xff --output CBMX56X_fw.bin ..\Output\Objects\CBMX56X_fw.axf
After Build - User command #2: CBM8560_bin.exe
"..\Output\Objects\CBMX56X_fw.axf" - 0 Error(s), 4 Warning(s).

<h2>Software Packages used:</h2>

Package Vendor: ARM
                http://www.keil.com/pack/ARM.CMSIS.5.8.0.pack
                ARM.CMSIS.5.8.0
                CMSIS (Common Microcontroller Software Interface Standard)
   * Component: CORE Version: 5.5.0

Package Vendor: Chipsea
                http://www.keil.com/pack/Chipsea.CBMX56X_DFP.1.0.5.pack
                Chipsea.CBMX56X_DFP.1.0.5
                Chipsea Technologies(ShenZhen) CBMX56X Series Device Support, Drivers and Examples
   * Component: Framework Version: 1.0.5
   * Component: Startup Version: 1.0.5

<h2>Collection of Component include folders:</h2>
  .\RTE\_Target_1
  C:\Users\12267\AppData\Local\Arm\Packs\ARM\CMSIS\5.8.0\CMSIS\Core\Include
  C:\Users\12267\AppData\Local\Arm\Packs\Chipsea\CBMX56X_DFP\1.0.5\Device\Driver\inc
  C:\Users\12267\AppData\Local\Arm\Packs\Chipsea\CBMX56X_DFP\1.0.5\Device\Include

<h2>Collection of Component Files used:</h2>

   * Component: ARM::CMSIS:CORE:5.5.0

   * Component: Chipsea::Device:HAL:Framework:1.0.5
      Include file:  Device\Driver\inc\cbmx56x_config.h
      Source file:   Device\Driver\templates\Src\cbmx56x_it.c
      Include file:  Device\Driver\templates\Inc\cbmx56x_it.h
      Source file:   Device\Driver\cbmx56x.lib

   * Component: Chipsea::Device:Startup:1.0.5
      Source file:   Device\Source\system_cbmx56x.c
      Source file:   Device\Source\ARM\KEIL\startup_cbmx56x.S
Build Time Elapsed:  00:00:01
</pre>
</body>
</html>
