<html>
<body>
<pre>
<h1>µVision Build Log</h1>
<h2>Tool Versions:</h2>
IDE-Version: ¦ÌVision V5.31.0.0
Copyright (C) 2020 ARM Ltd and ARM Germany GmbH. All rights reserved.
License Information: 111 admin, 111, LIC=32B1Q-N2DAQ-X7XRZ-JSARL-ZBPKW-DKE26
 
Tool Versions:
Toolchain:       MDK-ARM Plus  Version: 5.31.0.0
Toolchain Path:  D:\Keil_v5\ARM\ARMCLANG\Bin
C Compiler:      ArmClang.exe V6.14
Assembler:       Armasm.exe V6.14
Linker/Locator:  ArmLink.exe V6.14
Library Manager: ArmAr.exe V6.14
Hex Converter:   FromElf.exe V6.14
CPU DLL:         SARMCM3.DLL V5.31.0.0
Dialog DLL:      DARMCM1.DLL V1.19.3.0
Target DLL:      Segger\JL2CM3.dll V2.99.38.0
Dialog DLL:      TARMCM1.DLL V1.14.2.0
 
<h2>Project:</h2>
E:\1KPFwork\14 µ¥½Ú\P13\SFG2022_P13_IIC_V3.37_T1\Project\CBMX56X.uvprojx
Project File Date:  10/13/2025

<h2>Output:</h2>
*** Using Compiler 'V6.14', folder: 'D:\Keil_v5\ARM\ARMCLANG\Bin'
Build target 'Target 1'
compiling main.c...
compiling app_debug_mode_handle.c...
../src/App/src/app_reg_cmd_handle.c(73): warning: implicit declaration of function 'ts_W_L' is invalid in C99 [-Wimplicit-function-declaration]
        ts_W_L(); 
        ^
../src/App/src/app_reg_cmd_handle.c(81): warning: implicit declaration of function 'ts_W_L' is invalid in C99 [-Wimplicit-function-declaration]
        ts_W_L(); 
        ^
../src/App/src/app_reg_cmd_handle.c(91): warning: implicit declaration of function 'ts_W_L' is invalid in C99 [-Wimplicit-function-declaration]
        ts_W_L(); 
        ^
3 warnings generated.
compiling app_reg_cmd_handle.c...
../src/Core/src/block_command.c(251): warning: implicit conversion from 'int' to 'uint8_t' (aka 'unsigned char') changes value from 13105 to 49 [-Wconstant-conversion]
    *data = HW_VERSION >> 8; data++;
          ~ ~~~~~~~~~~~^~~~
1 warning generated.
compiling block_command.c...
../src/Core/src/task.c(454): warning: implicit declaration of function 'IIC_ReadReg' is invalid in C99 [-Wimplicit-function-declaration]
                    IIC_ReadReg(0x75, &temperature_ex);
                    ^
../src/Core/src/task.c(520): warning: implicit declaration of function 'IIC_ReadReg' is invalid in C99 [-Wimplicit-function-declaration]
                IIC_ReadReg(0x75, &temperature_ex);
                ^
../src/Core/src/task.c(758): warning: implicit declaration of function 'ts_W_L' is invalid in C99 [-Wimplicit-function-declaration]
                ts_W_L();
                ^
../src/Core/src/task.c(798): warning: implicit declaration of function 'ts_W_H' is invalid in C99 [-Wimplicit-function-declaration]
                ts_W_H();
                ^
4 warnings generated.
compiling task.c...
compiling comm_protocol.c...
../src/Modules/modules_pmu.c(76): warning: implicit declaration of function 'get_high_speed_current' is invalid in C99 [-Wimplicit-function-declaration]
       bat_current = get_high_speed_current();
                     ^
1 warning generated.
compiling modules_pmu.c...
compiling Calc_CVT.c...
../src/Core/src/standard_data_cmd.c(715): warning: implicit declaration of function 'ts_W_H' is invalid in C99 [-Wimplicit-function-declaration]
                    ts_W_H();
                    ^
../src/Core/src/standard_data_cmd.c(864): warning: implicit declaration of function 'ts_W_H' is invalid in C99 [-Wimplicit-function-declaration]
                    ts_W_H();
                    ^
../src/Core/src/standard_data_cmd.c(875): warning: implicit declaration of function 'ts_W_L' is invalid in C99 [-Wimplicit-function-declaration]
                    ts_W_L();
                    ^
../src/Core/src/standard_data_cmd.c(880): warning: implicit declaration of function 'IIC_ReadReg' is invalid in C99 [-Wimplicit-function-declaration]
                    IIC_ReadReg(g_i2cBuffRecv[0],&t_com06);
                    ^
../src/Core/src/standard_data_cmd.c(1330): warning: implicit declaration of function 'IIC_WriteIpa' is invalid in C99 [-Wimplicit-function-declaration]
                    IIC_WriteIpa(0x61, buf4);
                    ^
5 warnings generated.
compiling standard_data_cmd.c...
linking...
Program Size: Code=52700 RO-data=7704 RW-data=436 ZI-data=3180  
FromELF: creating hex file...
After Build - User command #1: fromelf.exe --bin --bincombined --bincombined_padding=1,0xff --output CBMX56X_fw.bin ..\Output\Objects\CBMX56X_fw.axf
After Build - User command #2: CBM8560_bin.exe
"..\Output\Objects\CBMX56X_fw.axf" - 0 Error(s), 14 Warning(s).

<h2>Software Packages used:</h2>

Package Vendor: ARM
                http://www.keil.com/pack/ARM.CMSIS.5.9.0.pack
                ARM.CMSIS.5.9.0
                CMSIS (Common Microcontroller Software Interface Standard)
   * Component: CORE Version: 5.6.0

Package Vendor: Chipsea
                http://www.keil.com/pack/Chipsea.CBMX56X_DFP.1.0.5.pack
                Chipsea.CBMX56X_DFP.1.0.5
                Chipsea Technologies(ShenZhen) CBMX56X Series Device Support, Drivers and Examples
   * Component: Framework Version: 1.0.5
   * Component: Startup Version: 1.0.5

<h2>Collection of Component include folders:</h2>
  .\RTE\_Target_1
  D:\Keil_v5\ARM\CMSIS\5.9.0\CMSIS\Core\Include
  D:\Keil_v5\Chipsea\CBMX56X_DFP\1.0.5\Device\Driver\inc
  D:\Keil_v5\Chipsea\CBMX56X_DFP\1.0.5\Device\Include

<h2>Collection of Component Files used:</h2>

   * Component: ARM::CMSIS:CORE:5.6.0

   * Component: Chipsea::Device:HAL:Framework:1.0.5
      Include file:  Device\Driver\inc\cbmx56x_config.h
      Source file:   Device\Driver\templates\Src\cbmx56x_it.c
      Source file:   Device\Driver\cbmx56x.lib
      Include file:  Device\Driver\templates\Inc\cbmx56x_it.h

   * Component: Chipsea::Device:Startup:1.0.5
      Source file:   Device\Source\system_cbmx56x.c
      Source file:   Device\Source\ARM\KEIL\startup_cbmx56x.S
Build Time Elapsed:  00:00:02
</pre>
</body>
</html>
