Component: ARM Compiler 6.15 Tool: armlink [5dd79300]

==============================================================================

Section Cross References

    main.o(.text.main) refers to modules_init.o(.text.user_app_init) for user_app_init
    main.o(.text.main) refers to app_task.o(.text.app_init) for app_init
    main.o(.text.main) refers to modules_init.o(.text.clear_dog) for clear_dog
    main.o(.text.main) refers to modules_init.o(.text.IIC_timeout_process) for IIC_timeout_process
    main.o(.text.main) refers to app_task.o(.text.app_handle_task) for app_handle_task
    main.o(.text.main) refers to task.o(.text.app_task_loop) for app_task_loop
    main.o(.ARM.exidx.text.main) refers to main.o(.text.main) for [Anonymous Symbol]
    api_implement.o(.text.os_i2c_data_send) refers to cbmx56x_i2c.o(.text.i2c_data_send) for i2c_data_send
    api_implement.o(.ARM.exidx.text.os_i2c_data_send) refers to api_implement.o(.text.os_i2c_data_send) for [Anonymous Symbol]
    api_implement.o(.ARM.exidx.text.os_sleep) refers to api_implement.o(.text.os_sleep) for [Anonymous Symbol]
    api_implement.o(.ARM.exidx.text.os_read_reg_block) refers to api_implement.o(.text.os_read_reg_block) for [Anonymous Symbol]
    api_implement.o(.ARM.exidx.text.os_write_reg_block) refers to api_implement.o(.text.os_write_reg_block) for [Anonymous Symbol]
    api_implement.o(.text.os_read_flash) refers to modules_fmc.o(.text.fmc_read_flash) for fmc_read_flash
    api_implement.o(.ARM.exidx.text.os_read_flash) refers to api_implement.o(.text.os_read_flash) for [Anonymous Symbol]
    api_implement.o(.text.os_write_flash) refers to modules_fmc.o(.text.fmc_write_flash) for fmc_write_flash
    api_implement.o(.ARM.exidx.text.os_write_flash) refers to api_implement.o(.text.os_write_flash) for [Anonymous Symbol]
    api_implement.o(.ARM.exidx.text.os_enable_interrupt) refers to api_implement.o(.text.os_enable_interrupt) for [Anonymous Symbol]
    api_implement.o(.ARM.exidx.text.os_reset_system) refers to api_implement.o(.text.os_reset_system) for [Anonymous Symbol]
    comm_protocol.o(.ARM.exidx.text.cal_crc8_check) refers to comm_protocol.o(.text.cal_crc8_check) for [Anonymous Symbol]
    comm_protocol.o(.ARM.exidx.text.set_reg_field_value) refers to comm_protocol.o(.text.set_reg_field_value) for [Anonymous Symbol]
    comm_protocol.o(.text.get_new_random) refers to task.o(.text.get_sys_run_time) for get_sys_run_time
    comm_protocol.o(.ARM.exidx.text.get_new_random) refers to comm_protocol.o(.text.get_new_random) for [Anonymous Symbol]
    comm_protocol.o(.text.set_task_event) refers to comm_protocol.o(.bss..L_MergedGlobals) for [Anonymous Symbol]
    comm_protocol.o(.ARM.exidx.text.set_task_event) refers to comm_protocol.o(.text.set_task_event) for [Anonymous Symbol]
    comm_protocol.o(.text.check_rx_data_packet) refers to comm_protocol.o(.bss..L_MergedGlobals) for [Anonymous Symbol]
    comm_protocol.o(.ARM.exidx.text.check_rx_data_packet) refers to comm_protocol.o(.text.check_rx_data_packet) for [Anonymous Symbol]
    comm_protocol.o(.text.filled_info_cmd) refers to rt_memclr.o(.text) for __aeabi_memclr4
    comm_protocol.o(.text.filled_info_cmd) refers to task.o(.text.get_sys_run_time) for get_sys_run_time
    comm_protocol.o(.text.filled_info_cmd) refers to cbmx56x_gcr.o(.text.gcr_reg_unlock) for gcr_reg_unlock
    comm_protocol.o(.text.filled_info_cmd) refers to cbmx56x_flash.o(.text.flash_get_ChipUID_value) for flash_get_ChipUID_value
    comm_protocol.o(.text.filled_info_cmd) refers to cbmx56x_gcr.o(.text.gcr_reg_lock) for gcr_reg_lock
    comm_protocol.o(.text.filled_info_cmd) refers to rt_memcpy.o(.text) for __aeabi_memcpy
    comm_protocol.o(.text.filled_info_cmd) refers to comm_protocol.o(.bss..L_MergedGlobals) for [Anonymous Symbol]
    comm_protocol.o(.ARM.exidx.text.filled_info_cmd) refers to comm_protocol.o(.text.filled_info_cmd) for [Anonymous Symbol]
    comm_protocol.o(.text.filled_connected_cmd) refers to task.o(.text.get_sys_run_time) for get_sys_run_time
    comm_protocol.o(.text.filled_connected_cmd) refers to comm_protocol.o(.bss..L_MergedGlobals) for [Anonymous Symbol]
    comm_protocol.o(.ARM.exidx.text.filled_connected_cmd) refers to comm_protocol.o(.text.filled_connected_cmd) for [Anonymous Symbol]
    comm_protocol.o(.text.filled_disconnected_cmd) refers to task.o(.text.get_sys_run_time) for get_sys_run_time
    comm_protocol.o(.text.filled_disconnected_cmd) refers to comm_protocol.o(.bss..L_MergedGlobals) for [Anonymous Symbol]
    comm_protocol.o(.ARM.exidx.text.filled_disconnected_cmd) refers to comm_protocol.o(.text.filled_disconnected_cmd) for [Anonymous Symbol]
    comm_protocol.o(.text.cmd_handshake) refers to rt_memcpy.o(.text) for __aeabi_memcpy
    comm_protocol.o(.text.cmd_handshake) refers to cbmx56x_sha256.o(.text.sha256_hmac_calc) for sha256_hmac_calc
    comm_protocol.o(.text.cmd_handshake) refers to memcmp.o(.text) for memcmp
[...]
    cc_interrupt_config                      0x000089a9   Thumb Code    28  cbmx56x_cc.o(.text.cc_interrupt_config)
    cc_intetrrupt_flag_clear                 0x000089c5   Thumb Code    12  cbmx56x_cc.o(.text.cc_intetrrupt_flag_clear)
    cc_intetrrupt_status_get                 0x000089d1   Thumb Code    20  cbmx56x_cc.o(.text.cc_intetrrupt_status_get)
    cc_opchop_enable_ctrl                    0x000089e5   Thumb Code    24  cbmx56x_cc.o(.text.cc_opchop_enable_ctrl)
    cc_start_connection                      0x000089fd   Thumb Code     8  task.o(.text.cc_start_connection)
    cc_stop_mode_set                         0x00008a05   Thumb Code    24  cbmx56x_cc.o(.text.cc_stop_mode_set)
    cc_vcm_set                               0x00008a1d   Thumb Code    24  cbmx56x_cc.o(.text.cc_vcm_set)
    check_rx_data_packet                     0x00008a35   Thumb Code   248  comm_protocol.o(.text.check_rx_data_packet)
    chg_pinghua                              0x00008b2d   Thumb Code   280  datcalc_spl.o(.text.chg_pinghua)
    clear_dog                                0x00008c45   Thumb Code    24  modules_init.o(.text.clear_dog)
    crc_def_init                             0x00008c5d   Thumb Code    28  cbmx56x_crc.o(.text.crc_def_init)
    data_memory_read_fun                     0x00008c79   Thumb Code   204  data_flash.o(.text.data_memory_read_fun)
    data_memory_write_fun                    0x00008d45   Thumb Code   192  data_flash.o(.text.data_memory_write_fun)
    filled_authen_cmd                        0x00008e05   Thumb Code   300  comm_protocol.o(.text.filled_authen_cmd)
    filled_calibration_enable_cmd            0x00008f31   Thumb Code   232  comm_protocol.o(.text.filled_calibration_enable_cmd)
    filled_connected_cmd                     0x00009019   Thumb Code   264  comm_protocol.o(.text.filled_connected_cmd)
    filled_disconnected_cmd                  0x00009121   Thumb Code   236  comm_protocol.o(.text.filled_disconnected_cmd)
    filled_info_cmd                          0x0000920d   Thumb Code   292  comm_protocol.o(.text.filled_info_cmd)
    filled_jump_cmd                          0x00009331   Thumb Code   244  comm_protocol.o(.text.filled_jump_cmd)
    filled_unlock_memory_cmd                 0x00009425   Thumb Code   236  comm_protocol.o(.text.filled_unlock_memory_cmd)
    filled_write_calibration_value_cmd       0x00009511   Thumb Code   244  comm_protocol.o(.text.filled_write_calibration_value_cmd)
    flash_get_ChipUID_value                  0x00009605   Thumb Code   224  cbmx56x_flash.o(.text.flash_get_ChipUID_value)
    flash_init                               0x000096e5   Thumb Code   100  cbmx56x_flash.o(.text.flash_init)
    flash_last_operation_wait                0x00009749   Thumb Code    36  cbmx56x_flash.o(.text.flash_last_operation_wait)
    flash_page_erase                         0x0000976d   Thumb Code    92  cbmx56x_flash.o(.text.flash_page_erase)
    flash_page_read                          0x000097c9   Thumb Code   164  cbmx56x_flash.o(.text.flash_page_read)
    flash_page_write                         0x0000986d   Thumb Code   224  cbmx56x_flash.o(.text.flash_page_write)
    flash_wait_counter_set                   0x0000994d   Thumb Code    20  cbmx56x_flash.o(.text.flash_wait_counter_set)
    fmc_page_erase                           0x00009961   Thumb Code    38  modules_fmc.o(.text.fmc_page_erase)
    fmc_read_flash                           0x00009987   Thumb Code   118  modules_fmc.o(.text.fmc_read_flash)
    fmc_write_flash                          0x000099fd   Thumb Code   184  modules_fmc.o(.text.fmc_write_flash)
    fristsample                              0x00009ab5   Thumb Code    22  task.o(.text.fristsample)
    fw_pmu_proc                              0x00009acd   Thumb Code   284  modules_pmu.o(.text.fw_pmu_proc)
    fw_pmu_set_run_mode                      0x00009be9   Thumb Code    36  modules_pmu.o(.text.fw_pmu_set_run_mode)
    gcr_reg_lock                             0x00009c0d   Thumb Code     8  cbmx56x_gcr.o(.text.gcr_reg_lock)
    gcr_reg_unlock                           0x00009c15   Thumb Code    20  cbmx56x_gcr.o(.text.gcr_reg_unlock)
    get_chip_uid                             0x00009c29   Thumb Code    48  task.o(.text.get_chip_uid)
    get_high_speed_current                   0x00009c59   Thumb Code    12  task.o(.text.get_high_speed_current)
    get_iic_rx_handle_type                   0x00009c65   Thumb Code     8  standard_data_cmd.o(.text.get_iic_rx_handle_type)
    get_new_random                           0x00009c6d   Thumb Code    34  comm_protocol.o(.text.get_new_random)
    get_pmu_period_time                      0x00009c91   Thumb Code    12  modules_pmu.o(.text.get_pmu_period_time)
    get_sys_run_time                         0x00009c9d   Thumb Code    12  task.o(.text.get_sys_run_time)
    get_sys_seal_type                        0x00009ca9   Thumb Code     4  block_command.o(.text.get_sys_seal_type)
    gpio_bit_value_read                      0x00009cad   Thumb Code    16  cbmx56x_gpio.o(.text.gpio_bit_value_read)
    gpio_bit_write                           0x00009cbd   Thumb Code    24  cbmx56x_gpio.o(.text.gpio_bit_write)
    gpio_init                                0x00009cd5   Thumb Code   136  cbmx56x_gpio.o(.text.gpio_init)
    gpio_interrupt_status_clear              0x00009d5d   Thumb Code    16  cbmx56x_gpio.o(.text.gpio_interrupt_status_clear)
    gpio_mf_config                           0x00009d6d   Thumb Code    32  cbmx56x_gpio.o(.text.gpio_mf_config)
    handle_block_read                        0x00009d8d   Thumb Code   116  standard_data_cmd.o(.text.handle_block_read)
    handle_debug_mode                        0x00009e01   Thumb Code    30  app_debug_mode_handle.o(.text.handle_debug_mode)
    hdiv_quotient_int                        0x00009e21   Thumb Code    32  cbmx56x_hdiv.o(.text.hdiv_quotient_int)
    hdiv_quotient_read                       0x00009e41   Thumb Code    44  cbmx56x_hdiv.o(.text.hdiv_quotient_read)
    i2c_addr_timeout_enable_ctrl             0x00009e6d   Thumb Code    24  cbmx56x_i2c.o(.text.i2c_addr_timeout_enable_ctrl)
    i2c_addr_timeout_set                     0x00009e85   Thumb Code    16  cbmx56x_i2c.o(.text.i2c_addr_timeout_set)
    i2c_busy_judge                           0x00009e95   Thumb Code   128  cbmx56x_i2c.o(.text.i2c_busy_judge)
    i2c_busy_timeout_enable_ctrl             0x00009f15   Thumb Code    24  cbmx56x_i2c.o(.text.i2c_busy_timeout_enable_ctrl)
    i2c_busy_timeout_set                     0x00009f2d   Thumb Code    24  cbmx56x_i2c.o(.text.i2c_busy_timeout_set)
    i2c_data_receive                         0x00009f45   Thumb Code    12  cbmx56x_i2c.o(.text.i2c_data_receive)
    i2c_data_send                            0x00009f51   Thumb Code    12  cbmx56x_i2c.o(.text.i2c_data_send)
    i2c_def_init                             0x00009f5d   Thumb Code    22  cbmx56x_i2c.o(.text.i2c_def_init)
    i2c_enable_ctrl                          0x00009f75   Thumb Code    20  cbmx56x_i2c.o(.text.i2c_enable_ctrl)
    i2c_flag_clear                           0x00009f89   Thumb Code    20  cbmx56x_i2c.o(.text.i2c_flag_clear)
    i2c_flag_status_get                      0x00009f9d   Thumb Code    28  cbmx56x_i2c.o(.text.i2c_flag_status_get)
    i2c_init                                 0x00009fb9   Thumb Code   100  cbmx56x_i2c.o(.text.i2c_init)
    i2c_interrupt_bit_clear                  0x0000a01d   Thumb Code    12  cbmx56x_i2c.o(.text.i2c_interrupt_bit_clear)
    i2c_interrupt_config                     0x0000a029   Thumb Code    20  cbmx56x_i2c.o(.text.i2c_interrupt_config)
    i2c_software_reset                       0x0000a03d   Thumb Code    20  cbmx56x_i2c.o(.text.i2c_software_reset)
    i2c_stretch_clock_enable_ctrl            0x0000a051   Thumb Code    24  cbmx56x_i2c.o(.text.i2c_stretch_clock_enable_ctrl)
    i2c_wakeup_enable_ctrl                   0x0000a069   Thumb Code    28  cbmx56x_i2c.o(.text.i2c_wakeup_enable_ctrl)
    iic_isr_process                          0x0000a085   Thumb Code  3588  standard_data_cmd.o(.text.iic_isr_process)
    init_soc_input_state                     0x0000ae89   Thumb Code   260  task.o(.text.init_soc_input_state)
    iwdg_enable                              0x0000af8d   Thumb Code    12  cbmx56x_iwdg.o(.text.iwdg_enable)
    iwdg_prescaler_set                       0x0000af99   Thumb Code    12  cbmx56x_iwdg.o(.text.iwdg_prescaler_set)
    iwdg_reload_counter                      0x0000afa5   Thumb Code    12  cbmx56x_iwdg.o(.text.iwdg_reload_counter)
    iwdg_reload_set                          0x0000afb1   Thumb Code    12  cbmx56x_iwdg.o(.text.iwdg_reload_set)
    iwdg_write_access_enable_ctrl            0x0000afbd   Thumb Code    12  cbmx56x_iwdg.o(.text.iwdg_write_access_enable_ctrl)
    main                                     0x0000afc9   Thumb Code    26  main.o(.text.main)
    modules_cc_hp_updata_value               0x0000afe5   Thumb Code    64  modules_current.o(.text.modules_cc_hp_updata_value)
    modules_cc_hs_get_value                  0x0000b025   Thumb Code    12  modules_current.o(.text.modules_cc_hs_get_value)
    modules_init                             0x0000b031   Thumb Code   552  modules_init.o(.text.modules_init)
    more_init                                0x0000b259   Thumb Code   392  bi2cs_interface.o(.text.more_init)
    nvic_init                                0x0000b3e1   Thumb Code    84  cbmx56x_nvic.o(.text.nvic_init)
    os_enable_interrupt                      0x0000b435   Thumb Code    12  api_implement.o(.text.os_enable_interrupt)
    os_read_flash                            0x0000b441   Thumb Code    10  api_implement.o(.text.os_read_flash)
    os_reset_system                          0x0000b44d   Thumb Code    28  api_implement.o(.text.os_reset_system)
    os_write_flash                           0x0000b469   Thumb Code    10  api_implement.o(.text.os_write_flash)
    parse_rx_data_packet                     0x0000b475   Thumb Code   154  comm_protocol.o(.text.parse_rx_data_packet)
    pmu_deepsleep2_init                      0x0000b511   Thumb Code    32  cbmx56x_pmu.o(.text.pmu_deepsleep2_init)
    rcc_ahb_periph_clock_enable_ctrl         0x0000b531   Thumb Code    24  cbmx56x_rcc.o(.text.rcc_ahb_periph_clock_enable_ctrl)
    rcc_apb_periph_clock_enable_ctrl         0x0000b549   Thumb Code    24  cbmx56x_rcc.o(.text.rcc_apb_periph_clock_enable_ctrl)
    rcc_periph_reset_enable_ctrl             0x0000b561   Thumb Code    16  cbmx56x_rcc.o(.text.rcc_periph_reset_enable_ctrl)
    rcc_tim1_clk_config                      0x0000b571   Thumb Code    24  cbmx56x_rcc.o(.text.rcc_tim1_clk_config)
    readIPAmessage                           0x0000b589   Thumb Code  1524  bi2cs_interface.o(.text.readIPAmessage)
    read_ChemID_fun                          0x0000bb7d   Thumb Code    16  block_command.o(.text.read_ChemID_fun)
    read_DeviceType_fun                      0x0000bb8d   Thumb Code    30  block_command.o(.text.read_DeviceType_fun)
    read_FirmwareVersion_fun                 0x0000bbab   Thumb Code    14  block_command.o(.text.read_FirmwareVersion_fun)
    read_command_id_handle                   0x0000bbb9   Thumb Code   196  block_command.o(.text.read_command_id_handle)
    read_serial_number                       0x0000bc7d   Thumb Code    20  block_command.o(.text.read_serial_number)
    register_read_fun                        0x0000bc91   Thumb Code   168  data_flash.o(.text.register_read_fun)
    register_write_fun                       0x0000bd39   Thumb Code   140  data_flash.o(.text.register_write_fun)
    run_task_event                           0x0000bdc5   Thumb Code    32  comm_protocol.o(.text.run_task_event)
    set_I2C_TimeOut_Count                    0x0000bde5   Thumb Code    12  modules_init.o(.text.set_I2C_TimeOut_Count)
    set_iic_rx_handle_type                   0x0000bdf1   Thumb Code    32  standard_data_cmd.o(.text.set_iic_rx_handle_type)
    set_task_event                           0x0000be11   Thumb Code    16  comm_protocol.o(.text.set_task_event)
    sha256_calc                              0x0000be21   Thumb Code   260  cbmx56x_sha256.o(.text.sha256_calc)
    sha256_hmac_calc                         0x0000bf25   Thumb Code   232  cbmx56x_sha256.o(.text.sha256_hmac_calc)
    sleep                                    0x0000c00d   Thumb Code    64  modules_init.o(.text.sleep)
    sleep_timeout_decrease                   0x0000c04d   Thumb Code    56  modules_pmu.o(.text.sleep_timeout_decrease)
    t_comA0Change                            0x0000c085   Thumb Code   424  bi2cs_interface.o(.text.t_comA0Change)
    tim1_cnt_update_enable_ctrl              0x0000c22d   Thumb Code    24  cbmx56x_tim1.o(.text.tim1_cnt_update_enable_ctrl)
    tim1_enable_ctrl                         0x0000c245   Thumb Code    24  cbmx56x_tim1.o(.text.tim1_enable_ctrl)
    tim1_interrupt_status_clear              0x0000c25d   Thumb Code    12  cbmx56x_tim1.o(.text.tim1_interrupt_status_clear)
    tim1_interrupt_status_get                0x0000c269   Thumb Code    16  cbmx56x_tim1.o(.text.tim1_interrupt_status_get)
    tim1_timer_config                        0x0000c279   Thumb Code    80  cbmx56x_tim1.o(.text.tim1_timer_config)
    timer_reg_command                        0x0000c2c9   Thumb Code   288  app_reg_cmd_handle.o(.text.timer_reg_command)
    ts_W_H                                   0x0000c3e9   Thumb Code    12  myi2c.o(.text.ts_W_H)
    ts_W_L                                   0x0000c3f5   Thumb Code    12  myi2c.o(.text.ts_W_L)
    tx_err_code_packet                       0x0000c401   Thumb Code   240  comm_protocol.o(.text.tx_err_code_packet)
    update_soc_input_param                   0x0000c4f1   Thumb Code  1404  task.o(.text.update_soc_input_param)
    user_app_init                            0x0000ca6d   Thumb Code     8  modules_init.o(.text.user_app_init)
    vadc_channel_enable_ctrl                 0x0000ca75   Thumb Code    28  cbmx56x_vadc.o(.text.vadc_channel_enable_ctrl)
    vadc_channel_init                        0x0000ca91   Thumb Code    68  cbmx56x_vadc.o(.text.vadc_channel_init)
    vadc_chop_enable_ctrl                    0x0000cad5   Thumb Code    24  cbmx56x_vadc.o(.text.vadc_chop_enable_ctrl)
    vadc_down_sampling_rate_set              0x0000caed   Thumb Code    12  cbmx56x_vadc.o(.text.vadc_down_sampling_rate_set)
    vadc_enable_ctrl                         0x0000caf9   Thumb Code    20  cbmx56x_vadc.o(.text.vadc_enable_ctrl)
    vadc_get_temperature                     0x0000cb0d   Thumb Code   452  cbmx56x_vadc.o(.text.vadc_get_temperature)
    vadc_get_voltage                         0x0000ccd1   Thumb Code   220  cbmx56x_vadc.o(.text.vadc_get_voltage)
    vadc_init                                0x0000cdad   Thumb Code    44  cbmx56x_vadc.o(.text.vadc_init)
    vadc_interrupt_config                    0x0000cdd9   Thumb Code    28  cbmx56x_vadc.o(.text.vadc_interrupt_config)
    vadc_intetrrupt_flag_clear               0x0000cdf5   Thumb Code    12  cbmx56x_vadc.o(.text.vadc_intetrrupt_flag_clear)
    vadc_intetrrupt_status_get               0x0000ce01   Thumb Code    20  cbmx56x_vadc.o(.text.vadc_intetrrupt_status_get)
    vadc_stop_mode_set                       0x0000ce15   Thumb Code    24  cbmx56x_vadc.o(.text.vadc_stop_mode_set)
    vadc_vcm_set                             0x0000ce2d   Thumb Code    24  cbmx56x_vadc.o(.text.vadc_vcm_set)
    writeDFbySubcmd                          0x0000ce45   Thumb Code   144  standard_data_cmd.o(.text.writeDFbySubcmd)
    write_Reset_sys_fun                      0x0000ced5   Thumb Code    12  block_command.o(.text.write_Reset_sys_fun)
    write_SealDevice_fun                     0x0000cee1   Thumb Code     4  block_command.o(.text.write_SealDevice_fun)
    write_calibration_enable_fun             0x0000cee5   Thumb Code     4  block_command.o(.text.write_calibration_enable_fun)
    write_command_id_handle                  0x0000cee9   Thumb Code   228  block_command.o(.text.write_command_id_handle)
    write_full_unseal_fun                    0x0000cfcd   Thumb Code     4  block_command.o(.text.write_full_unseal_fun)
    write_life_time_enable_fun               0x0000cfd1   Thumb Code     4  block_command.o(.text.write_life_time_enable_fun)
    write_life_time_flush_fun                0x0000cfd5   Thumb Code     4  block_command.o(.text.write_life_time_flush_fun)
    write_unseal_fun                         0x0000cfd9   Thumb Code     4  block_command.o(.text.write_unseal_fun)
    __aeabi_uidiv                            0x0000cfdd   Thumb Code    68  aeabi_sdivfast.o(.text_divfast)
    __aeabi_idiv                             0x0000d021   Thumb Code   434  aeabi_sdivfast.o(.text_divfast)
    __aeabi_dcmpgt                           0x0000d1d3   Thumb Code     0  dcmp.o(i._dgr)
    _dgr                                     0x0000d1d3   Thumb Code    22  dcmp.o(i._dgr)
    __aeabi_dcmple                           0x0000d1e9   Thumb Code     0  dcmp.o(i._dleq)
    _dleq                                    0x0000d1e9   Thumb Code    26  dcmp.o(i._dleq)
    _dcmpge                                  0x0000d205   Thumb Code    94  dgef.o(x$fpl$dgeqf)
    __aeabi_cdcmple                          0x0000d269   Thumb Code     0  dlef.o(x$fpl$dleqf)
    _dcmple                                  0x0000d269   Thumb Code    94  dlef.o(x$fpl$dleqf)
    __aeabi_fadd                             0x0000d2cd   Thumb Code     0  faddsub.o(x$fpl$fadd)
    _fadd                                    0x0000d2cd   Thumb Code   134  faddsub.o(x$fpl$fadd)
    __aeabi_fsub                             0x0000d359   Thumb Code     0  faddsub.o(x$fpl$fsub)
    _fsub                                    0x0000d359   Thumb Code   204  faddsub.o(x$fpl$fsub)
    __I$use$fp                               0x0000d428   Number         0  usenofp.o(x$fpl$usenofp)
    CRC8TBL                                  0x0000d4b4   Data         256  standard_data_cmd.o(.rodata.CRC8TBL)
    command_id_fun                           0x0000d5b4   Data          88  block_command.o(.rodata.command_id_fun)
    scom_no_tbl                              0x0000d80c   Data        2040  standard_data_cmd.o(.rodata.scom_no_tbl)
    Region$$Table$$Base                      0x0000e004   Number         0  anon$$obj.o(Region$$Table)
    Region$$Table$$Limit                     0x0000e024   Number         0  anon$$obj.o(Region$$Table)
    u_fd_rom                                 0x0000e400   Data         861  cell.o(.ARM.__at_0x0000E400)
    Long_BIN_VER                             0x0000eff0   Data           4  main.o(.ARM.__at_0x0000EFF0)
    readIPAFrist                             0x20000000   Data           1  task.o(.data..L_MergedGlobals)
    readIPAmesCnt                            0x20000001   Data           1  task.o(.data..L_MergedGlobals)
    dis_fac_cpl                              0x20000002   Data           2  datcalc_spl.o(.data.dis_fac_cpl)
    lt_test                                  0x20000004   Data           2  lifetime.o(.data.lt_test)
    pCMDAddress                              0x20000008   Data         400  standard_data_cmd.o(.data.pCMDAddress)
    protocol_type                            0x20000199   Data           1  isr.o(.data.protocol_type)
    t_ChargingVoltage                        0x2000019a   Data           2  standard_data_cmd.o(.data.t_ChargingVoltage)
    __libspace_start                         0x200001a0   Data          96  libspace.o(.bss)
    __temporary_stack_top$libspace           0x20000200   Data           0  libspace.o(.bss)
    rcv_random                               0x20000200   Data           1  comm_protocol.o(.bss..L_MergedGlobals)
    new_random                               0x20000201   Data           1  comm_protocol.o(.bss..L_MergedGlobals)
    task_event                               0x20000202   Data           1  comm_protocol.o(.bss..L_MergedGlobals)
    t_com3eBufFlg                            0x20000208   Data           1  standard_data_cmd.o(.bss..L_MergedGlobals)
    iic_rx_cnt                               0x20000209   Data           1  standard_data_cmd.o(.bss..L_MergedGlobals)
    iic_tx_cnt                               0x2000020a   Data           1  standard_data_cmd.o(.bss..L_MergedGlobals)
    t_com62Flg                               0x2000020b   Data           1  standard_data_cmd.o(.bss..L_MergedGlobals)
    apec                                     0x2000020c   Data           1  standard_data_cmd.o(.bss..L_MergedGlobals)
    nPos                                     0x2000020d   Data           1  standard_data_cmd.o(.bss..L_MergedGlobals)
    subcmd_datalen                           0x2000020f   Data           1  standard_data_cmd.o(.bss..L_MergedGlobals)
    ccnt                                     0x20000210   Data           2  standard_data_cmd.o(.bss..L_MergedGlobals)
    nReadLen                                 0x20000212   Data           2  standard_data_cmd.o(.bss..L_MergedGlobals)
    nWriteLen                                0x20000214   Data           2  standard_data_cmd.o(.bss..L_MergedGlobals)
    LifeTimeprt                              0x20000216   Data           2  standard_data_cmd.o(.bss..L_MergedGlobals)
    iic_rx_type                              0x20000218   Data           4  standard_data_cmd.o(.bss..L_MergedGlobals)
    chargetv                                 0x2000021c   Data           4  standard_data_cmd.o(.bss..L_MergedGlobals)
    chargetC                                 0x20000220   Data           4  standard_data_cmd.o(.bss..L_MergedGlobals)
    ssmbdata                                 0x20000228   Data           8  standard_data_cmd.o(.bss..L_MergedGlobals)
    g_i2cBuffRecv                            0x20000230   Data          36  standard_data_cmd.o(.bss..L_MergedGlobals)
    pmu_sleep_timeout                        0x2000025c   Data           1  modules_pmu.o(.bss..L_MergedGlobals)
    ut_com66                                 0x20000260   Data           2  bi2cs_interface.o(.bss..L_MergedGlobals)
    ManufacturingStatus                      0x20000262   Data           2  bi2cs_interface.o(.bss..L_MergedGlobals)
    t_com09_new                              0x20000264   Data           4  bi2cs_interface.o(.bss..L_MergedGlobals)
    t_com0a_new                              0x20000268   Data           4  bi2cs_interface.o(.bss..L_MergedGlobals)
    t_com08_new                              0x2000026c   Data           4  bi2cs_interface.o(.bss..L_MergedGlobals)
    t_com75_new                              0x20000270   Data           4  bi2cs_interface.o(.bss..L_MergedGlobals)
    t_com8c_new                              0x20000274   Data           4  bi2cs_interface.o(.bss..L_MergedGlobals)
    adfflg                                   0x2000027a   Data           2  ram.o(.bss..L_MergedGlobals)
    sdf                                      0x20000280   Data          60  ram.o(.bss..L_MergedGlobals)
    f_cnt_30m_start                          0x200002bc   Data           1  datcalc_spl.o(.bss..L_MergedGlobals)
    cnt5_i                                   0x200002bd   Data           1  datcalc_spl.o(.bss..L_MergedGlobals)
    cnt5_j                                   0x200002be   Data           1  datcalc_spl.o(.bss..L_MergedGlobals)
    f_start_save                             0x200002bf   Data           1  datcalc_spl.o(.bss..L_MergedGlobals)
    f_chg_last_state1                        0x200002c0   Data           1  datcalc_spl.o(.bss..L_MergedGlobals)
    f_relex3_last                            0x200002c1   Data           1  datcalc_spl.o(.bss..L_MergedGlobals)
    FLAG_PINGHUA                             0x200002c2   Data           1  datcalc_spl.o(.bss..L_MergedGlobals)
    f_bat_init                               0x200002c3   Data           1  datcalc_spl.o(.bss..L_MergedGlobals)
    dsg_upfcc_keep_temp                      0x200002c4   Data           1  datcalc_spl.o(.bss..L_MergedGlobals)
    count_3s                                 0x200002c5   Data           1  datcalc_spl.o(.bss..L_MergedGlobals)
    f_count3s_en                             0x200002c6   Data           1  datcalc_spl.o(.bss..L_MergedGlobals)
    f_count3s_en_b                           0x200002c7   Data           1  datcalc_spl.o(.bss..L_MergedGlobals)
    f_ful_chg_once                           0x200002c8   Data           1  datcalc_spl.o(.bss..L_MergedGlobals)
    f_chg_last2                              0x200002c9   Data           1  datcalc_spl.o(.bss..L_MergedGlobals)
    f_start_add_chg                          0x200002ca   Data           1  datcalc_spl.o(.bss..L_MergedGlobals)
    f_relax_last_dsgupdate_use               0x200002cb   Data           1  datcalc_spl.o(.bss..L_MergedGlobals)
    f_charge_last_dsgupdate_use              0x200002cc   Data           1  datcalc_spl.o(.bss..L_MergedGlobals)
    CellTemp_last_time_update                0x200002cd   Data           1  datcalc_spl.o(.bss..L_MergedGlobals)
    f_bigger_than_zero                       0x200002ce   Data           1  datcalc_spl.o(.bss..L_MergedGlobals)
    f_discharge_last2                        0x200002cf   Data           1  datcalc_spl.o(.bss..L_MergedGlobals)
    f_cp_l_last                              0x200002d0   Data           1  datcalc_spl.o(.bss..L_MergedGlobals)
    f_cp_l_fccupdated                        0x200002d1   Data           1  datcalc_spl.o(.bss..L_MergedGlobals)
    f_study_d1                               0x200002d2   Data           1  datcalc_spl.o(.bss..L_MergedGlobals)
    arelearn_cnt                             0x200002d3   Data           1  datcalc_spl.o(.bss..L_MergedGlobals)
    arcflg                                   0x200002d4   Data           1  datcalc_spl.o(.bss..L_MergedGlobals)
    f_cp_h_fccupdated                        0x200002d5   Data           1  datcalc_spl.o(.bss..L_MergedGlobals)
    f_study_d2                               0x200002d6   Data           1  datcalc_spl.o(.bss..L_MergedGlobals)
    pinghua_soc_start                        0x200002d7   Data           1  datcalc_spl.o(.bss..L_MergedGlobals)
    buchang_conditon_cnt                     0x200002d8   Data           1  datcalc_spl.o(.bss..L_MergedGlobals)
    f_cp_l_off_delay_count                   0x200002dc   Data           1  datcalc_spl.o(.bss..L_MergedGlobals)
    Count_0volt                              0x200002dd   Data           1  datcalc_spl.o(.bss..L_MergedGlobals)
    isochold1                                0x200002de   Data           1  datcalc_spl.o(.bss..L_MergedGlobals)
    f_calc_inner_3res_work                   0x200002e0   Data           2  datcalc_spl.o(.bss..L_MergedGlobals)
    cnt_30m                                  0x200002e2   Data           2  datcalc_spl.o(.bss..L_MergedGlobals)
    save_fac_dsg_upd                         0x200002e4   Data           2  datcalc_spl.o(.bss..L_MergedGlobals)
    tcph_v                                   0x200002e6   Data           2  datcalc_spl.o(.bss..L_MergedGlobals)
    tcpl_v                                   0x200002e8   Data           2  datcalc_spl.o(.bss..L_MergedGlobals)
    voltage_new                              0x200002ea   Data           2  datcalc_spl.o(.bss..L_MergedGlobals)
    current_dsg_keep                         0x200002ec   Data           2  datcalc_spl.o(.bss..L_MergedGlobals)
    dsg_upfcc_keep_current                   0x200002ee   Data           2  datcalc_spl.o(.bss..L_MergedGlobals)
    save_dsg_upd_fcc                         0x200002f0   Data           2  datcalc_spl.o(.bss..L_MergedGlobals)
    t_com0dlast                              0x200002f2   Data           2  datcalc_spl.o(.bss..L_MergedGlobals)
    fcc_last_cpl_pinghua                     0x200002f4   Data           2  datcalc_spl.o(.bss..L_MergedGlobals)
    t_com0f_cwh                              0x200002f6   Data           2  datcalc_spl.o(.bss..L_MergedGlobals)
    t_com10_cwh                              0x200002f8   Data           2  datcalc_spl.o(.bss..L_MergedGlobals)
    tcom10c_w                                0x200002fa   Data           2  datcalc_spl.o(.bss..L_MergedGlobals)
    tcom2a_w                                 0x200002fc   Data           2  datcalc_spl.o(.bss..L_MergedGlobals)
    rsoc_enlarge_1000                        0x200002fe   Data           2  datcalc_spl.o(.bss..L_MergedGlobals)
    IdealFcc_last                            0x20000300   Data           2  datcalc_spl.o(.bss..L_MergedGlobals)
    temp_Current                             0x20000302   Data           2  datcalc_spl.o(.bss..L_MergedGlobals)
    chg_pinghua_current                      0x20000304   Data           2  datcalc_spl.o(.bss..L_MergedGlobals)
    toldrc                                   0x20000306   Data           2  datcalc_spl.o(.bss..L_MergedGlobals)
    inner_res_buchang_vol                    0x20000308   Data           2  datcalc_spl.o(.bss..L_MergedGlobals)
    inner_res_old_buchang_vol                0x2000030a   Data           2  datcalc_spl.o(.bss..L_MergedGlobals)
    tdfup_cnt                                0x2000030c   Data           2  datcalc_spl.o(.bss..L_MergedGlobals)
    tccup                                    0x2000030e   Data           2  datcalc_spl.o(.bss..L_MergedGlobals)
    keep_rc_rsoc20                           0x20000310   Data           4  datcalc_spl.o(.bss..L_MergedGlobals)
    cap_accmu_chg_update                     0x20000314   Data           4  datcalc_spl.o(.bss..L_MergedGlobals)
    leiji                                    0x20000318   Data           4  datcalc_spl.o(.bss..L_MergedGlobals)
    lrc_w_last                               0x2000031c   Data           4  datcalc_spl.o(.bss..L_MergedGlobals)
    lrccr_w                                  0x20000320   Data           4  datcalc_spl.o(.bss..L_MergedGlobals)
    lrcdr_w                                  0x20000324   Data           4  datcalc_spl.o(.bss..L_MergedGlobals)
    lrlstp_cnt                               0x20000328   Data           4  datcalc_spl.o(.bss..L_MergedGlobals)
    accu_chg_cap                             0x2000032c   Data           4  datcalc_spl.o(.bss..L_MergedGlobals)
    lmaxerr_cnt                              0x20000330   Data           4  datcalc_spl.o(.bss..L_MergedGlobals)
    volt_keep                                0x20000334   Data           6  datcalc_spl.o(.bss..L_MergedGlobals)
    Fwrun_Cnt                                0x2000034a   Data           2  lifetime.o(.bss..L_MergedGlobals)
    HT_Cnt                                   0x2000034c   Data           2  lifetime.o(.bss..L_MergedGlobals)
    HV_Cnt                                   0x2000034e   Data           2  lifetime.o(.bss..L_MergedGlobals)
    HTV_Cnt                                  0x20000350   Data           2  lifetime.o(.bss..L_MergedGlobals)
    altflg                                   0x20000352   Data           2  lifetime.o(.bss..L_MergedGlobals)
    LtW_CntW                                 0x20000354   Data           4  lifetime.o(.bss..L_MergedGlobals)
    DF_LifeTime                              0x2000035c   Data          54  lifetime.o(.bss..L_MergedGlobals)
    relaxing                                 0x20000398   Data           1  calc_cvt.o(.bss..L_MergedGlobals)
    AveCurNum                                0x20000399   Data           1  calc_cvt.o(.bss..L_MergedGlobals)
    aaveragecur_cnt                          0x2000039a   Data           1  calc_cvt.o(.bss..L_MergedGlobals)
    f_Qmax_ctrl                              0x2000039b   Data           1  calc_cvt.o(.bss..L_MergedGlobals)
    SOC_Init                                 0x2000039c   Data           1  calc_cvt.o(.bss..L_MergedGlobals)
    SOC_End                                  0x2000039d   Data           1  calc_cvt.o(.bss..L_MergedGlobals)
    relaxingCnt                              0x2000039e   Data           2  calc_cvt.o(.bss..L_MergedGlobals)
    LastCur                                  0x200003a0   Data           2  calc_cvt.o(.bss..L_MergedGlobals)
    tfc_cnt                                  0x200003a2   Data           2  calc_cvt.o(.bss..L_MergedGlobals)
    AverageCurSum                            0x200003a4   Data           4  calc_cvt.o(.bss..L_MergedGlobals)
    MinFCCCap                                0x200003a8   Data           4  calc_cvt.o(.bss..L_MergedGlobals)
    at_startqmax_cnt                         0x200003ac   Data           4  calc_cvt.o(.bss..L_MergedGlobals)
    at_endqmax_cnt                           0x200003b0   Data           4  calc_cvt.o(.bss..L_MergedGlobals)
    QmaxCapcity_Calc                         0x200003b4   Data           4  calc_cvt.o(.bss..L_MergedGlobals)
    CalcCur                                  0x200003b8   Data           8  calc_cvt.o(.bss..L_MergedGlobals)
    CS_Cnt                                   0x200003c0   Data           2  mode.o(.bss..L_MergedGlobals)
    CS_Cnt1                                  0x200003c2   Data           2  mode.o(.bss..L_MergedGlobals)
    timer_inc_cnt                            0x200003c4   Data           1  task.o(.bss..L_MergedGlobals.1)
    readIPAmes_flag                          0x200003c5   Data           1  task.o(.bss..L_MergedGlobals.1)
    f_ipa_vol                                0x200003c6   Data           1  task.o(.bss..L_MergedGlobals.1)
    f_ipa_temp                               0x200003c7   Data           1  task.o(.bss..L_MergedGlobals.1)
    readCommErr                              0x200003c8   Data           1  task.o(.bss..L_MergedGlobals.1)
    cali_timeout_cnt                         0x200003cb   Data           1  task.o(.bss..L_MergedGlobals.1)
    cc_value_valid                           0x200003cd   Data           1  task.o(.bss..L_MergedGlobals.1)
    t_com86cnt                               0x200003d0   Data           2  task.o(.bss..L_MergedGlobals.1)
    open_IPA                                 0x200003d2   Data           2  task.o(.bss..L_MergedGlobals.1)
    t_com66_FC_cnt                           0x200003d4   Data           2  task.o(.bss..L_MergedGlobals.1)
    t_com62cnt                               0x200003d6   Data           2  task.o(.bss..L_MergedGlobals.1)
    readCommErrCnt                           0x200003d8   Data           2  task.o(.bss..L_MergedGlobals.1)
    alg_run_time_tick                        0x200003da   Data           2  task.o(.bss..L_MergedGlobals.1)
    currlimit                                0x200003de   Data           2  task.o(.bss..L_MergedGlobals.1)
    CC_Vadc_value                            0x200003e4   Data          12  task.o(.bss..L_MergedGlobals.1)
    curr_keep                                0x200003f0   Data           6  datcalc_spl.o(.bss..L_MergedGlobals.1)
    Vol3                                     0x200003f6   Data          10  datcalc_spl.o(.bss..L_MergedGlobals.1)
    CellTemp                                 0x20000400   Data           1  bi2cs_interface.o(.bss.CellTemp)
    CellTemp_use_rsoc                        0x20000401   Data           1  bi2cs_interface.o(.bss.CellTemp_use_rsoc)
    CellVoltRange                            0x20000402   Data           1  mode.o(.bss.CellVoltRange)
    ChargingStatus                           0x20000404   Data           2  bi2cs_interface.o(.bss.ChargingStatus)
    CurrentPower                             0x20000406   Data           2  lifetime.o(.bss.CurrentPower)
    DFUpdate                                 0x20000408   Data           4  data_flash.o(.bss.DFUpdate)
    FVoltage                                 0x2000040c   Data           2  mode.o(.bss.FVoltage)
    GaugingStatus                            0x2000040e   Data           2  bi2cs_interface.o(.bss.GaugingStatus)
    I2C_TimeOut_Count                        0x20000410   Data           2  modules_init.o(.bss.I2C_TimeOut_Count)
    IntTemp                                  0x20000412   Data           1  bi2cs_interface.o(.bss.IntTemp)
    OperationStatusA                         0x20000414   Data           2  bi2cs_interface.o(.bss.OperationStatusA)
    OperationStatusB                         0x20000416   Data           2  bi2cs_interface.o(.bss.OperationStatusB)
    ReadRecord                               0x20000418   Data          60  ram.o(.bss.ReadRecord)
    SOCFlagConfig_update_flag                0x20000454   Data           1  data_flash.o(.bss.SOCFlagConfig_update_flag)
    TempRange                                0x20000456   Data           2  bi2cs_interface.o(.bss.TempRange)
    TimesTamp                                0x20000458   Data           4  standard_data_cmd.o(.bss.TimesTamp)
    debug_mode_buf                           0x2000045c   Data         250  standard_data_cmd.o(.bss.debug_mode_buf)
    fmc_tick_cnt                             0x20000556   Data           2  modules_fmc.o(.bss.fmc_tick_cnt)
    g_StdCmdData                             0x20000558   Data        1024  bi2cs_interface.o(.bss.g_StdCmdData)
    inner_res_dsg_100                        0x20000958   Data           2  standard_data_cmd.o(.bss.inner_res_dsg_100)
    inner_res_out                            0x2000095a   Data           2  standard_data_cmd.o(.bss.inner_res_out)
    new_factor                               0x2000095c   Data           2  standard_data_cmd.o(.bss.new_factor)
    new_fcc                                  0x2000095e   Data           2  standard_data_cmd.o(.bss.new_fcc)
    old_factor                               0x20000960   Data           2  standard_data_cmd.o(.bss.old_factor)
    outer_tinreg                             0x20000962   Data           2  standard_data_cmd.o(.bss.outer_tinreg)
    save_tabsc3                              0x20000964   Data           2  standard_data_cmd.o(.bss.save_tabsc3)
    save_volend_dsg_inner                    0x20000966   Data           2  standard_data_cmd.o(.bss.save_volend_dsg_inner)
    save_volstart_dsg_inner                  0x20000968   Data           2  standard_data_cmd.o(.bss.save_volstart_dsg_inner)
    std_data                                 0x2000096a   Data         118  standard_data_cmd.o(.bss.std_data)
    sys_run_time_cnt                         0x200009e0   Data           4  task.o(.bss.sys_run_time_cnt)
    t_com09_rep                              0x200009e4   Data           2  standard_data_cmd.o(.bss.t_com09_rep)
    t_com62Buf                               0x200009e6   Data          34  standard_data_cmd.o(.bss.t_com62Buf)
    t_com84_cwh                              0x20000a08   Data           2  calc_cvt.o(.bss.t_com84_cwh)
    tabsc                                    0x20000a0a   Data           2  bi2cs_interface.o(.bss.tabsc)
    tabsc_out                                0x20000a0c   Data           2  standard_data_cmd.o(.bss.tabsc_out)
    tcom89_new                               0x20000a10   Data           4  bi2cs_interface.o(.bss.tcom89_new)
    tcph_v_out                               0x20000a14   Data           2  standard_data_cmd.o(.bss.tcph_v_out)
    tcpl_v_end_out                           0x20000a16   Data           2  standard_data_cmd.o(.bss.tcpl_v_end_out)
    tcpl_v_out                               0x20000a18   Data           2  standard_data_cmd.o(.bss.tcpl_v_out)
    tcpl_v_start1                            0x20000a1a   Data           2  standard_data_cmd.o(.bss.tcpl_v_start1)
    temp_dsg_inner_res                       0x20000a1c   Data           2  standard_data_cmd.o(.bss.temp_dsg_inner_res)



==============================================================================

Memory Map of the image

  Image Entry point : 0x00000521

  Load Region LR_IROM1 (Base: 0x00000000, Size: 0x00000120, Max: 0x00000120, ABSOLUTE)

    Execution Region ER_IROM1 (Exec base: 0x00000000, Load base: 0x00000000, Size: 0x00000120, Max: 0x00000120, ABSOLUTE)

    Exec Addr    Load Addr    Size         Type   Attr      Idx    E Section Name        Object

    0x00000000   0x00000000   0x00000080   Data   RO          836    RESET               startup_cbmx56x.o
    0x00000080   0x00000080   0x00000080   PAD
    0x00000100   0x00000100   0x00000004   Data   RO            5    .ARM.__at_0x00000100  main.o
    0x00000104   0x00000104   0x0000000c   PAD
    0x00000110   0x00000110   0x00000010   Data   RO            4    .ARM.__at_0x00000110  main.o



  Load Region LR_IROM2 (Base: 0x00000120, Size: 0x000001a0, Max: 0x00000400, ABSOLUTE, COMPRESSED[0x00000080])

    Execution Region RW_IRAM1 (Exec base: 0x20000000, Load base: 0x00000120, Size: 0x00000e20, Max: 0x00001000, ABSOLUTE, COMPRESSED[0x00000080])

    Exec Addr    Load Addr    Size         Type   Attr      Idx    E Section Name        Object

    0x20000000   COMPRESSED   0x00000002   Data   RW          203    .data..L_MergedGlobals  task.o
    0x20000002   COMPRESSED   0x00000002   Data   RW          698    .data.dis_fac_cpl   datcalc_spl.o
    0x20000004   COMPRESSED   0x00000002   Data   RW          730    .data.lt_test       lifetime.o
    0x20000006   COMPRESSED   0x00000002   PAD
    0x20000008   COMPRESSED   0x00000190   Data   RW          262    .data.pCMDAddress   standard_data_cmd.o
    0x20000198   COMPRESSED   0x00000001   Data   RW          517    .data.pmu_period_time  modules_pmu.o
    0x20000199   COMPRESSED   0x00000001   Data   RW          140    .data.protocol_type  isr.o
    0x2000019a   COMPRESSED   0x00000002   Data   RW          251    .data.t_ChargingVoltage  standard_data_cmd.o
    0x2000019c   COMPRESSED   0x00000004   PAD
    0x200001a0        -       0x00000060   Zero   RW         1573    .bss                c_p.l(libspace.o)
    0x20000200        -       0x00000003   Zero   RW           78    .bss..L_MergedGlobals  comm_protocol.o
    0x20000203   COMPRESSED   0x00000005   PAD
    0x20000208        -       0x0000004c   Zero   RW          280    .bss..L_MergedGlobals  standard_data_cmd.o
    0x20000254        -       0x00000008   Zero   RW          418    .bss..L_MergedGlobals  modules_current.o
    0x2000025c        -       0x00000003   Zero   RW          518    .bss..L_MergedGlobals  modules_pmu.o
    0x2000025f   COMPRESSED   0x00000001   PAD
    0x20000260        -       0x00000018   Zero   RW          614    .bss..L_MergedGlobals  bi2cs_interface.o
    0x20000278        -       0x00000044   Zero   RW          640    .bss..L_MergedGlobals  ram.o
    0x200002bc        -       0x0000007e   Zero   RW          706    .bss..L_MergedGlobals  datcalc_spl.o
    0x2000033a   COMPRESSED   0x00000002   PAD
    0x2000033c        -       0x00000056   Zero   RW          733    .bss..L_MergedGlobals  lifetime.o
    0x20000392   COMPRESSED   0x00000006   PAD
    0x20000398        -       0x00000028   Zero   RW          757    .bss..L_MergedGlobals  calc_cvt.o
    0x200003c0        -       0x00000004   Zero   RW          780    .bss..L_MergedGlobals  mode.o
    0x200003c4        -       0x0000002c   Zero   RW          204    .bss..L_MergedGlobals.1  task.o
    0x200003f0        -       0x00000010   Zero   RW          707    .bss..L_MergedGlobals.1  datcalc_spl.o
    0x20000400        -       0x00000001   Zero   RW          609    .bss.CellTemp       bi2cs_interface.o
    0x20000401        -       0x00000001   Zero   RW          610    .bss.CellTemp_use_rsoc  bi2cs_interface.o
    0x20000402        -       0x00000001   Zero   RW          779    .bss.CellVoltRange  mode.o
    0x20000403   COMPRESSED   0x00000001   PAD
    0x20000404        -       0x00000002   Zero   RW          605    .bss.ChargingStatus  bi2cs_interface.o
    0x20000406        -       0x00000002   Zero   RW          732    .bss.CurrentPower   lifetime.o
    0x20000408        -       0x00000004   Zero   RW          100    .bss.DFUpdate       data_flash.o
    0x2000040c        -       0x00000002   Zero   RW          778    .bss.FVoltage       mode.o
    0x2000040e        -       0x00000002   Zero   RW          604    .bss.GaugingStatus  bi2cs_interface.o
    0x20000410        -       0x00000002   Zero   RW          498    .bss.I2C_TimeOut_Count  modules_init.o
    0x20000412        -       0x00000001   Zero   RW          611    .bss.IntTemp        bi2cs_interface.o
    0x20000413   COMPRESSED   0x00000001   PAD
    0x20000414        -       0x00000002   Zero   RW          603    .bss.OperationStatusA  bi2cs_interface.o
    0x20000416        -       0x00000002   Zero   RW          606    .bss.OperationStatusB  bi2cs_interface.o
    0x20000418        -       0x0000003c   Zero   RW          639    .bss.ReadRecord     ram.o
    0x20000454        -       0x00000001   Zero   RW           99    .bss.SOCFlagConfig_update_flag  data_flash.o
    0x20000455   COMPRESSED   0x00000001   PAD
    0x20000456        -       0x00000002   Zero   RW          607    .bss.TempRange      bi2cs_interface.o
    0x20000458        -       0x00000004   Zero   RW          254    .bss.TimesTamp      standard_data_cmd.o
    0x2000045c        -       0x000000fa   Zero   RW          267    .bss.debug_mode_buf  standard_data_cmd.o
    0x20000556        -       0x00000002   Zero   RW          435    .bss.fmc_tick_cnt   modules_fmc.o
    0x20000558        -       0x00000400   Zero   RW          602    .bss.g_StdCmdData   bi2cs_interface.o
    0x20000958        -       0x00000002   Zero   RW          259    .bss.inner_res_dsg_100  standard_data_cmd.o
    0x2000095a        -       0x00000002   Zero   RW          258    .bss.inner_res_out  standard_data_cmd.o
    0x2000095c        -       0x00000002   Zero   RW          275    .bss.new_factor     standard_data_cmd.o
    0x2000095e        -       0x00000002   Zero   RW          277    .bss.new_fcc        standard_data_cmd.o
    0x20000960        -       0x00000002   Zero   RW          274    .bss.old_factor     standard_data_cmd.o
    0x20000962        -       0x00000002   Zero   RW          279    .bss.outer_tinreg   standard_data_cmd.o
    0x20000964        -       0x00000002   Zero   RW          278    .bss.save_tabsc3    standard_data_cmd.o
    0x20000966        -       0x00000002   Zero   RW          273    .bss.save_volend_dsg_inner  standard_data_cmd.o
    0x20000968        -       0x00000002   Zero   RW          272    .bss.save_volstart_dsg_inner  standard_data_cmd.o
    0x2000096a        -       0x00000076   Zero   RW          269    .bss.std_data       standard_data_cmd.o
    0x200009e0        -       0x00000004   Zero   RW          189    .bss.sys_run_time_cnt  task.o
    0x200009e4        -       0x00000002   Zero   RW          263    .bss.t_com09_rep    standard_data_cmd.o
    0x200009e6        -       0x00000022   Zero   RW          252    .bss.t_com62Buf     standard_data_cmd.o
    0x20000a08        -       0x00000002   Zero   RW          756    .bss.t_com84_cwh    calc_cvt.o
    0x20000a0a        -       0x00000002   Zero   RW          608    .bss.tabsc          bi2cs_interface.o
    0x20000a0c        -       0x00000002   Zero   RW          261    .bss.tabsc_out      standard_data_cmd.o
    0x20000a0e   COMPRESSED   0x00000002   PAD
    0x20000a10        -       0x00000004   Zero   RW          612    .bss.tcom89_new     bi2cs_interface.o
    0x20000a14        -       0x00000002   Zero   RW          257    .bss.tcph_v_out     standard_data_cmd.o
    0x20000a16        -       0x00000002   Zero   RW          260    .bss.tcpl_v_end_out  standard_data_cmd.o
    0x20000a18        -       0x00000002   Zero   RW          256    .bss.tcpl_v_out     standard_data_cmd.o
    0x20000a1a        -       0x00000002   Zero   RW          255    .bss.tcpl_v_start1  standard_data_cmd.o
    0x20000a1c        -       0x00000002   Zero   RW          271    .bss.temp_dsg_inner_res  standard_data_cmd.o
    0x20000a1e   COMPRESSED   0x00000002   PAD
    0x20000a20        -       0x00000000   Zero   RW          835    HEAP                startup_cbmx56x.o
    0x20000a20        -       0x00000400   Zero   RW          834    STACK               startup_cbmx56x.o



  Load Region LR_IROM3 (Base: 0x00000520, Size: 0x0000ead4, Max: 0x0000f000, ABSOLUTE)

    Execution Region ER_IROM3 (Exec base: 0x00000520, Load base: 0x00000520, Size: 0x0000ead4, Max: 0x0000f000, ABSOLUTE)

    Exec Addr    Load Addr    Size         Type   Attr      Idx    E Section Name        Object

    0x00000520   0x00000520   0x00000008   Code   RO         1468  * !!!main             c_p.l(__main.o)
    0x00000528   0x00000528   0x0000003c   Code   RO         1712    !!!scatter          c_p.l(__scatter.o)
    0x00000564   0x00000564   0x0000001c   Code   RO         1714    !!handler_zi        c_p.l(__scatter_zi.o)
    0x00000580   0x00000580   0x00000002   Code   RO         1567    .ARM.Collect$$libinit$$00000000  c_p.l(libinit.o)
    0x00000582   0x00000582   0x00000000   Code   RO         1585    .ARM.Collect$$libinit$$00000002  c_p.l(libinit2.o)
    0x00000582   0x00000582   0x00000000   Code   RO         1587    .ARM.Collect$$libinit$$00000004  c_p.l(libinit2.o)
    0x00000582   0x00000582   0x00000000   Code   RO         1590    .ARM.Collect$$libinit$$0000000A  c_p.l(libinit2.o)
    0x00000582   0x00000582   0x00000000   Code   RO         1592    .ARM.Collect$$libinit$$0000000C  c_p.l(libinit2.o)
    0x00000582   0x00000582   0x00000000   Code   RO         1594    .ARM.Collect$$libinit$$0000000E  c_p.l(libinit2.o)
    0x00000582   0x00000582   0x00000000   Code   RO         1597    .ARM.Collect$$libinit$$00000011  c_p.l(libinit2.o)
    0x00000582   0x00000582   0x00000000   Code   RO         1599    .ARM.Collect$$libinit$$00000013  c_p.l(libinit2.o)
    0x00000582   0x00000582   0x00000000   Code   RO         1601    .ARM.Collect$$libinit$$00000015  c_p.l(libinit2.o)
    0x00000582   0x00000582   0x00000000   Code   RO         1603    .ARM.Collect$$libinit$$00000017  c_p.l(libinit2.o)
    0x00000582   0x00000582   0x00000000   Code   RO         1605    .ARM.Collect$$libinit$$00000019  c_p.l(libinit2.o)
    0x00000582   0x00000582   0x00000000   Code   RO         1607    .ARM.Collect$$libinit$$0000001B  c_p.l(libinit2.o)
    0x00000582   0x00000582   0x00000000   Code   RO         1609    .ARM.Collect$$libinit$$0000001D  c_p.l(libinit2.o)
    0x00000582   0x00000582   0x00000000   Code   RO         1611    .ARM.Collect$$libinit$$0000001F  c_p.l(libinit2.o)
    0x00000582   0x00000582   0x00000000   Code   RO         1613    .ARM.Collect$$libinit$$00000021  c_p.l(libinit2.o)
    0x00000582   0x00000582   0x00000000   Code   RO         1615    .ARM.Collect$$libinit$$00000023  c_p.l(libinit2.o)
    0x00000582   0x00000582   0x00000000   Code   RO         1617    .ARM.Collect$$libinit$$00000025  c_p.l(libinit2.o)
    0x00000582   0x00000582   0x00000000   Code   RO         1621    .ARM.Collect$$libinit$$0000002C  c_p.l(libinit2.o)
    0x00000582   0x00000582   0x00000000   Code   RO         1623    .ARM.Collect$$libinit$$0000002E  c_p.l(libinit2.o)
    0x00000582   0x00000582   0x00000000   Code   RO         1625    .ARM.Collect$$libinit$$00000030  c_p.l(libinit2.o)
    0x00000582   0x00000582   0x00000000   Code   RO         1627    .ARM.Collect$$libinit$$00000032  c_p.l(libinit2.o)
    0x00000582   0x00000582   0x00000002   Code   RO         1628    .ARM.Collect$$libinit$$00000033  c_p.l(libinit2.o)
    0x00000584   0x00000584   0x00000002   Code   RO         1665    .ARM.Collect$$libshutdown$$00000000  c_p.l(libshutdown.o)
    0x00000586   0x00000586   0x00000000   Code   RO         1693    .ARM.Collect$$libshutdown$$00000002  c_p.l(libshutdown2.o)
    0x00000586   0x00000586   0x00000000   Code   RO         1695    .ARM.Collect$$libshutdown$$00000004  c_p.l(libshutdown2.o)
    0x00000586   0x00000586   0x00000000   Code   RO         1698    .ARM.Collect$$libshutdown$$00000007  c_p.l(libshutdown2.o)
    0x00000586   0x00000586   0x00000000   Code   RO         1701    .ARM.Collect$$libshutdown$$0000000A  c_p.l(libshutdown2.o)
    0x00000586   0x00000586   0x00000000   Code   RO         1703    .ARM.Collect$$libshutdown$$0000000C  c_p.l(libshutdown2.o)
    0x00000586   0x00000586   0x00000000   Code   RO         1706    .ARM.Collect$$libshutdown$$0000000F  c_p.l(libshutdown2.o)
    0x00000586   0x00000586   0x00000002   Code   RO         1707    .ARM.Collect$$libshutdown$$00000010  c_p.l(libshutdown2.o)
    0x00000588   0x00000588   0x00000000   Code   RO         1516    .ARM.Collect$$rtentry$$00000000  c_p.l(__rtentry.o)
    0x00000588   0x00000588   0x00000000   Code   RO         1535    .ARM.Collect$$rtentry$$00000002  c_p.l(__rtentry2.o)
    0x00000588   0x00000588   0x00000006   Code   RO         1547    .ARM.Collect$$rtentry$$00000004  c_p.l(__rtentry4.o)
    0x0000058e   0x0000058e   0x00000000   Code   RO         1537    .ARM.Collect$$rtentry$$00000009  c_p.l(__rtentry2.o)
    0x0000058e   0x0000058e   0x00000004   Code   RO         1538    .ARM.Collect$$rtentry$$0000000A  c_p.l(__rtentry2.o)
    0x00000592   0x00000592   0x00000000   Code   RO         1540    .ARM.Collect$$rtentry$$0000000C  c_p.l(__rtentry2.o)
    0x00000592   0x00000592   0x00000008   Code   RO         1541    .ARM.Collect$$rtentry$$0000000D  c_p.l(__rtentry2.o)
    0x0000059a   0x0000059a   0x00000002   Code   RO         1576    .ARM.Collect$$rtexit$$00000000  c_p.l(rtexit.o)
    0x0000059c   0x0000059c   0x00000000   Code   RO         1636    .ARM.Collect$$rtexit$$00000002  c_p.l(rtexit2.o)
    0x0000059c   0x0000059c   0x00000004   Code   RO         1637    .ARM.Collect$$rtexit$$00000003  c_p.l(rtexit2.o)
    0x000005a0   0x000005a0   0x00000006   Code   RO         1638    .ARM.Collect$$rtexit$$00000004  c_p.l(rtexit2.o)
    0x000005a6   0x000005a6   0x00000002   PAD
    0x000005a8   0x000005a8   0x00000038   Code   RO         1452    .emb_text           c_p.l(rt_memcpy.o)
    0x000005e0   0x000005e0   0x00000034   Code   RO          837    .text               startup_cbmx56x.o
    0x00000614   0x00000614   0x00000006   Code   RO         1466    .text               c_p.l(heapauxi.o)
    0x0000061a   0x0000061a   0x00000002   Code   RO         1654    .text               c_p.l(use_no_semi.o)
    0x0000061c   0x0000061c   0x00000000   Code   RO         1656    .text               c_p.l(indicate_semi.o)
    0x0000061c   0x0000061c   0x00000002   Code   RO          120    .text.HardFault_Handler  isr.o
    0x0000061e   0x0000061e   0x00000002   Code   RO          118    .text.NMI_Handler   isr.o
    0x00000620   0x00000620   0x00000004   Data   RO            6    .ARM.__at_0x00000620  main.o
    0x00000624   0x00000624   0x00000030   Code   RO         1446    .text               c_p.l(llmul.o)
    0x00000654   0x00000654   0x000000a6   Code   RO         1448    .text               c_p.l(llsdiv.o)
    0x000006fa   0x000006fa   0x0000005a   Code   RO         1450    .text               c_p.l(memcmp.o)
    0x00000754   0x00000754   0x00000082   Code   RO         1453    .text               c_p.l(rt_memcpy.o)
    0x000007d6   0x000007d6   0x00000040   Code   RO         1456    .text               c_p.l(rt_memclr.o)
    0x00000816   0x00000816   0x00000002   PAD
    0x00000818   0x00000818   0x000001f8   Code   RO         1458    .text               c_p.l(aeabi_sdivfast.o)
    0x00000a10   0x00000a10   0x00000358   Code   RO         1470    .text               fz_ps.l(daddsub.o)
    0x00000d68   0x00000d68   0x00000448   Code   RO         1484    .text               fz_ps.l(ddiv.o)
    0x000011b0   0x000011b0   0x0000006c   Code   RO         1487    .text               fz_ps.l(dfixi.o)
    0x0000121c   0x0000121c   0x00000048   Code   RO         1489    .text               fz_ps.l(dfixui.o)
    0x00001264   0x00001264   0x00000058   Code   RO         1491    .text               fz_ps.l(dflti.o)
    0x000012bc   0x000012bc   0x00000084   Code   RO         1493    .text               fz_ps.l(dfltl.o)
    0x00001340   0x00001340   0x00000248   Code   RO         1495    .text               fz_ps.l(dmul.o)
    0x00001588   0x00001588   0x0000004c   Code   RO         1506    .text               fz_ps.l(ffixi.o)
    0x000015d4   0x000015d4   0x0000005e   Code   RO         1510    .text               fz_ps.l(fflti.o)
    0x00001632   0x00001632   0x00000110   Code   RO         1525    .text               c_p.l(lludiv.o)
    0x00001742   0x00001742   0x00000002   PAD
    0x00001744   0x00001744   0x000000a0   Code   RO         1551    .text               fz_ps.l(dcmpin.o)
    0x000017e4   0x000017e4   0x0000003e   Code   RO         1553    .text               c_p.l(sys_stackheap_outer.o)
    0x00001822   0x00001822   0x00000010   Code   RO         1556    .text               c_p.l(exit.o)
    0x00001832   0x00001832   0x0000002e   Code   RO         1568    .text               fz_ps.l(cmpret.o)
    0x00001860   0x00001860   0x00000014   Code   RO         1570    .text               fz_ps.l(dnan2.o)
    0x00001874   0x00001874   0x00000008   Code   RO         1572    .text               c_p.l(libspace.o)
    0x0000187c   0x0000187c   0x0000005e   Code   RO         1629    .text               fz_ps.l(retnan.o)
    0x000018da   0x000018da   0x00000002   PAD
    0x000018dc   0x000018dc   0x0000000c   Code   RO         1631    .text               c_p.l(sys_exit.o)
    0x000018e8   0x000018e8   0x00000056   Code   RO         1710    .text               c_p.l(__dczerorl2.o)
    0x0000193e   0x0000193e   0x00000018   Code   RO          213    .text.A_Div_B       utility.o
    0x00001956   0x00001956   0x00000014   Code   RO          132    .text.CC_IRQHandler  isr.o
    0x0000196a   0x0000196a   0x00000002   PAD
    0x0000196c   0x0000196c   0x00000074   Code   RO          744    .text.Calc_ATTE     calc_cvt.o
    0x000019e0   0x000019e0   0x00000064   Code   RO          746    .text.Calc_ATTF     calc_cvt.o
    0x00001a44   0x00001a44   0x000000f4   Code   RO          742    .text.Calc_AvgCur   calc_cvt.o
    0x00001b38   0x00001b38   0x00000184   Code   RO          691    .text.Calc_CC       datcalc_spl.o
    0x00001cbc   0x00001cbc   0x00000698   Code   RO          657    .text.Calc_CPVolt   datcalc_spl.o
    0x00002354   0x00002354   0x00000140   Code   RO          748    .text.Calc_FullCharge  calc_cvt.o
    0x00002494   0x00002494   0x000002a4   Code   RO          673    .text.Calc_HoseiRC  datcalc_spl.o
    0x00002738   0x00002738   0x000006a8   Code   RO          754    .text.Calc_QMax     calc_cvt.o
    0x00002de0   0x00002de0   0x000006b0   Code   RO          685    .text.Calc_RC       datcalc_spl.o
    0x00003490   0x00003490   0x000001ac   Code   RO          669    .text.Calc_RSOC     datcalc_spl.o
    0x0000363c   0x0000363c   0x000001b0   Code   RO          655    .text.Calc_factor_of_fcc  datcalc_spl.o
    0x000037ec   0x000037ec   0x000000c4   Code   RO          681    .text.Calc_iRSOC    datcalc_spl.o
    0x000038b0   0x000038b0   0x00000154   Code   RO          649    .text.Calc_inner_3res  datcalc_spl.o
    0x00003a04   0x00003a04   0x00000178   Code   RO          752    .text.DCR_Mode      calc_cvt.o
    0x00003b7c   0x00003b7c   0x00000558   Code   RO           97    .text.DFUdata_Chk   data_flash.o
    0x000040d4   0x000040d4   0x0000000a   Code   RO          629    .text.DF_Erase_A    ram.o
    0x000040de   0x000040de   0x0000000a   Code   RO          631    .text.DF_Erase_B    ram.o
    0x000040e8   0x000040e8   0x00000174   Code   RO          637    .text.DF_Read       ram.o
    0x0000425c   0x0000425c   0x000001f0   Code   RO          633    .text.DF_Write      ram.o
    0x0000444c   0x0000444c   0x000002a0   Code   RO          665    .text.Dsg_Update_FCC  datcalc_spl.o
    0x000046ec   0x000046ec   0x00000150   Code   RO          667    .text.Dsg_Update_work  datcalc_spl.o
    0x0000483c   0x0000483c   0x00000044   Code   RO          882    .text.ECCComm       MyI2C.lib(myi2c.o)
    0x00004880   0x00004880   0x00000070   Code   RO          675    .text.FCC_Limit_Chk  datcalc_spl.o
    0x000048f0   0x000048f0   0x00000008   Code   RO          217    .text.Fabs          utility.o
    0x000048f8   0x000048f8   0x0000005c   Code   RO          774    .text.FlagStatus    mode.o
    0x00004954   0x00004954   0x0000017c   Code   RO          750    .text.FullCharge    calc_cvt.o
    0x00004ad0   0x00004ad0   0x00000024   Code   RO          136    .text.I2C_IRQHandler  isr.o
    0x00004af4   0x00004af4   0x000001e8   Code   RO          880    .text.IIC_ReadIpa   MyI2C.lib(myi2c.o)
    0x00004cdc   0x00004cdc   0x000001d2   Code   RO          876    .text.IIC_ReadReg   MyI2C.lib(myi2c.o)
    0x00004eae   0x00004eae   0x000001d4   Code   RO          878    .text.IIC_WriteIpa  MyI2C.lib(myi2c.o)
    0x00005082   0x00005082   0x00000002   PAD
    0x00005084   0x00005084   0x000000b8   Code   RO          456    .text.IIC_timeout_process  modules_init.o
    0x0000513c   0x0000513c   0x0000000c   Code   RO          886    .text.IPHSeril      MyI2C.lib(myi2c.o)
    0x00005148   0x00005148   0x00000032   Code   RO          884    .text.IPhVerify     MyI2C.lib(myi2c.o)
    0x0000517a   0x0000517a   0x00000002   PAD
    0x0000517c   0x0000517c   0x0000028c   Code   RO          693    .text.Init_Cap      datcalc_spl.o
    0x00005408   0x00005408   0x0000000a   Code   RO          718    .text.LT_Erase_A    lifetime.o
    0x00005412   0x00005412   0x0000000a   Code   RO          720    .text.LT_Erase_B    lifetime.o
    0x0000541c   0x0000541c   0x00000410   Code   RO          716    .text.LifeTime_Calc  lifetime.o
    0x0000582c   0x0000582c   0x00000178   Code   RO          722    .text.LifeTime_Read  lifetime.o
    0x000059a4   0x000059a4   0x00000250   Code   RO          724    .text.LifeTime_Write  lifetime.o
    0x00005bf4   0x00005bf4   0x00000044   Code   RO          659    .text.Make_RC       datcalc_spl.o
    0x00005c38   0x00005c38   0x00000170   Code   RO          677    .text.Make_Relearning  datcalc_spl.o
    0x00005da8   0x00005da8   0x0000027c   Code   RO          679    .text.Make_Relearning_cpl  datcalc_spl.o
    0x00006024   0x00006024   0x0000004c   Code   RO          661    .text.Make_iRC      datcalc_spl.o
    0x00006070   0x00006070   0x00000068   Code   RO          848    .text.MyI2C_Init    MyI2C.lib(myi2c.o)
    0x000060d8   0x000060d8   0x000000b6   Code   RO          872    .text.MyI2C_ReceiveAck  MyI2C.lib(myi2c.o)
    0x0000618e   0x0000618e   0x000000b2   Code   RO          866    .text.MyI2C_ReceiveByte  MyI2C.lib(myi2c.o)
    0x00006240   0x00006240   0x00000078   Code   RO          870    .text.MyI2C_SendAck  MyI2C.lib(myi2c.o)
    0x000062b8   0x000062b8   0x00000080   Code   RO          868    .text.MyI2C_SendByte  MyI2C.lib(myi2c.o)
    0x00006338   0x00006338   0x000000ce   Code   RO          862    .text.MyI2C_Start   MyI2C.lib(myi2c.o)
    0x00006406   0x00006406   0x00000078   Code   RO          864    .text.MyI2C_Stop    MyI2C.lib(myi2c.o)
    0x0000647e   0x0000647e   0x00000002   PAD
    0x00006480   0x00006480   0x00000020   Code   RO          138    .text.PA_IRQHandler  isr.o
    0x000064a0   0x000064a0   0x00000002   Code   RO          124    .text.PendSV_Handler  isr.o
    0x000064a2   0x000064a2   0x00000002   PAD
    0x000064a4   0x000064a4   0x000001b8   Code   RO          241    .text.ReadFlashData  standard_data_cmd.o
    0x0000665c   0x0000665c   0x0000018c   Code   RO          245    .text.ReadLifeTimeData  standard_data_cmd.o
    0x000067e8   0x000067e8   0x00000190   Code   RO          243    .text.ReadRecordData  standard_data_cmd.o
    0x00006978   0x00006978   0x00000002   Code   RO          122    .text.SVC_Handler   isr.o
    0x0000697a   0x0000697a   0x00000002   PAD
    0x0000697c   0x0000697c   0x0000050c   Code   RO          776    .text.Set_CCCV      mode.o
    0x00006e88   0x00006e88   0x00000780   Code   RO          249    .text.SubCmdProcess  standard_data_cmd.o
    0x00007608   0x00007608   0x00000002   Code   RO          126    .text.SysTick_Handler  isr.o
    0x0000760a   0x0000760a   0x00000002   PAD
    0x0000760c   0x0000760c   0x0000001c   Code   RO          825    .text.SystemInit    system_cbmx56x.o
    0x00007628   0x00007628   0x00000318   Code   RO          772    .text.TFStatus      mode.o
    0x00007940   0x00007940   0x00000008   Code   RO          128    .text.TMR1_IRQHandler  isr.o
    0x00007948   0x00007948   0x00000144   Code   RO          766    .text.TemperatureRangeJudge  mode.o
    0x00007a8c   0x00007a8c   0x00000054   Code   RO          728    .text.Timestamp     lifetime.o
    0x00007ae0   0x00007ae0   0x00000014   Code   RO          134    .text.VADC_IRQHandler  isr.o
    0x00007af4   0x00007af4   0x00000084   Code   RO          472    .text.VADC_init     modules_init.o
    0x00007b78   0x00007b78   0x00000178   Code   RO          768    .text.VoltageRangeJudge  mode.o
    0x00007cf0   0x00007cf0   0x00000028   Code   RO          484    .text.address_gpio_disable_irq  modules_init.o
    0x00007d18   0x00007d18   0x00000008   Code   RO          391    .text.app_handle_task  app_task.o
    0x00007d20   0x00007d20   0x000000a8   Code   RO          389    .text.app_init      app_task.o
    0x00007dc8   0x00007dc8   0x0000008c   Code   RO          181    .text.app_task_isr_process  task.o
    0x00007e54   0x00007e54   0x000000cc   Code   RO          183    .text.app_task_loop  task.o
    0x00007f20   0x00007f20   0x00000304   Code   RO          573    .text.bi2cs_dataCmd_Save  bi2cs_interface.o
    0x00008224   0x00008224   0x000004cc   Code   RO          571    .text.bi2cs_dataCmd_init  bi2cs_interface.o
    0x000086f0   0x000086f0   0x00000034   Code   RO          446    .text.block_delay_ms  modules_init.o
    0x00008724   0x00008724   0x000000a6   Code   RO           39    .text.cal_crc8_check  comm_protocol.o
    0x000087ca   0x000087ca   0x00000002   PAD
    0x000087cc   0x000087cc   0x00000018   Code   RO          950    .text.cc_ccidr_get  cbmx56x.lib(cbmx56x_cc.o)
    0x000087e4   0x000087e4   0x00000018   Code   RO          920    .text.cc_chop_enable_ctrl  cbmx56x.lib(cbmx56x_cc.o)
    0x000087fc   0x000087fc   0x00000014   Code   RO          932    .text.cc_down_sampling_rate_set  cbmx56x.lib(cbmx56x_cc.o)
    0x00008810   0x00008810   0x00000024   Code   RO          904    .text.cc_enable_ctrl  cbmx56x.lib(cbmx56x_cc.o)
    0x00008834   0x00008834   0x00000128   Code   RO          948    .text.cc_get_current  cbmx56x.lib(cbmx56x_cc.o)
    0x0000895c   0x0000895c   0x00000014   Code   RO          928    .text.cc_gtc_set    cbmx56x.lib(cbmx56x_cc.o)
    0x00008970   0x00008970   0x00000038   Code   RO          900    .text.cc_init       cbmx56x.lib(cbmx56x_cc.o)
    0x000089a8   0x000089a8   0x0000001c   Code   RO          940    .text.cc_interrupt_config  cbmx56x.lib(cbmx56x_cc.o)
    0x000089c4   0x000089c4   0x0000000c   Code   RO          946    .text.cc_intetrrupt_flag_clear  cbmx56x.lib(cbmx56x_cc.o)
    0x000089d0   0x000089d0   0x00000014   Code   RO          944    .text.cc_intetrrupt_status_get  cbmx56x.lib(cbmx56x_cc.o)
    0x000089e4   0x000089e4   0x00000018   Code   RO          922    .text.cc_opchop_enable_ctrl  cbmx56x.lib(cbmx56x_cc.o)
    0x000089fc   0x000089fc   0x00000008   Code   RO          187    .text.cc_start_connection  task.o
    0x00008a04   0x00008a04   0x00000018   Code   RO          906    .text.cc_stop_mode_set  cbmx56x.lib(cbmx56x_cc.o)
    0x00008a1c   0x00008a1c   0x00000018   Code   RO          926    .text.cc_vcm_set    cbmx56x.lib(cbmx56x_cc.o)
    0x00008a34   0x00008a34   0x000000f8   Code   RO           47    .text.check_rx_data_packet  comm_protocol.o
    0x00008b2c   0x00008b2c   0x00000118   Code   RO          683    .text.chg_pinghua   datcalc_spl.o
    0x00008c44   0x00008c44   0x00000018   Code   RO          450    .text.clear_dog     modules_init.o
    0x00008c5c   0x00008c5c   0x0000001c   Code   RO          962    .text.crc_def_init  cbmx56x.lib(cbmx56x_crc.o)
    0x00008c78   0x00008c78   0x000000cc   Code   RO           93    .text.data_memory_read_fun  data_flash.o
    0x00008d44   0x00008d44   0x000000c0   Code   RO           95    .text.data_memory_write_fun  data_flash.o
    0x00008e04   0x00008e04   0x0000012c   Code   RO           57    .text.filled_authen_cmd  comm_protocol.o
    0x00008f30   0x00008f30   0x000000e8   Code   RO           63    .text.filled_calibration_enable_cmd  comm_protocol.o
    0x00009018   0x00009018   0x00000108   Code   RO           51    .text.filled_connected_cmd  comm_protocol.o
    0x00009120   0x00009120   0x000000ec   Code   RO           53    .text.filled_disconnected_cmd  comm_protocol.o
    0x0000920c   0x0000920c   0x00000124   Code   RO           49    .text.filled_info_cmd  comm_protocol.o
    0x00009330   0x00009330   0x000000f4   Code   RO           67    .text.filled_jump_cmd  comm_protocol.o
    0x00009424   0x00009424   0x000000ec   Code   RO           69    .text.filled_unlock_memory_cmd  comm_protocol.o
    0x00009510   0x00009510   0x000000f4   Code   RO           65    .text.filled_write_calibration_value_cmd  comm_protocol.o
    0x00009604   0x00009604   0x000000e0   Code   RO          996    .text.flash_get_ChipUID_value  cbmx56x.lib(cbmx56x_flash.o)
    0x000096e4   0x000096e4   0x00000064   Code   RO         1002    .text.flash_init    cbmx56x.lib(cbmx56x_flash.o)
    0x00009748   0x00009748   0x00000024   Code   RO         1006    .text.flash_last_operation_wait  cbmx56x.lib(cbmx56x_flash.o)
    0x0000976c   0x0000976c   0x0000005c   Code   RO         1010    .text.flash_page_erase  cbmx56x.lib(cbmx56x_flash.o)
    0x000097c8   0x000097c8   0x000000a4   Code   RO          998    .text.flash_page_read  cbmx56x.lib(cbmx56x_flash.o)
    0x0000986c   0x0000986c   0x000000e0   Code   RO         1012    .text.flash_page_write  cbmx56x.lib(cbmx56x_flash.o)
    0x0000994c   0x0000994c   0x00000014   Code   RO         1000    .text.flash_wait_counter_set  cbmx56x.lib(cbmx56x_flash.o)
    0x00009960   0x00009960   0x00000026   Code   RO          431    .text.fmc_page_erase  modules_fmc.o
    0x00009986   0x00009986   0x00000076   Code   RO          429    .text.fmc_read_flash  modules_fmc.o
    0x000099fc   0x000099fc   0x000000b8   Code   RO          433    .text.fmc_write_flash  modules_fmc.o
    0x00009ab4   0x00009ab4   0x00000016   Code   RO          185    .text.fristsample   task.o
    0x00009aca   0x00009aca   0x00000002   PAD
    0x00009acc   0x00009acc   0x0000011c   Code   RO          513    .text.fw_pmu_proc   modules_pmu.o
    0x00009be8   0x00009be8   0x00000024   Code   RO          507    .text.fw_pmu_set_run_mode  modules_pmu.o
    0x00009c0c   0x00009c0c   0x00000008   Code   RO         1044    .text.gcr_reg_lock  cbmx56x.lib(cbmx56x_gcr.o)
    0x00009c14   0x00009c14   0x00000014   Code   RO         1042    .text.gcr_reg_unlock  cbmx56x.lib(cbmx56x_gcr.o)
    0x00009c28   0x00009c28   0x00000030   Code   RO          159    .text.get_chip_uid  task.o
    0x00009c58   0x00009c58   0x0000000c   Code   RO          165    .text.get_high_speed_current  task.o
    0x00009c64   0x00009c64   0x00000008   Code   RO          231    .text.get_iic_rx_handle_type  standard_data_cmd.o
    0x00009c6c   0x00009c6c   0x00000022   Code   RO           43    .text.get_new_random  comm_protocol.o
    0x00009c8e   0x00009c8e   0x00000002   PAD
    0x00009c90   0x00009c90   0x0000000c   Code   RO          511    .text.get_pmu_period_time  modules_pmu.o
    0x00009c9c   0x00009c9c   0x0000000c   Code   RO          149    .text.get_sys_run_time  task.o
    0x00009ca8   0x00009ca8   0x00000004   Code   RO          311    .text.get_sys_seal_type  block_command.o
    0x00009cac   0x00009cac   0x00000010   Code   RO         1065    .text.gpio_bit_value_read  cbmx56x.lib(cbmx56x_gpio.o)
    0x00009cbc   0x00009cbc   0x00000018   Code   RO         1071    .text.gpio_bit_write  cbmx56x.lib(cbmx56x_gpio.o)
    0x00009cd4   0x00009cd4   0x00000088   Code   RO         1055    .text.gpio_init     cbmx56x.lib(cbmx56x_gpio.o)
    0x00009d5c   0x00009d5c   0x00000010   Code   RO         1079    .text.gpio_interrupt_status_clear  cbmx56x.lib(cbmx56x_gpio.o)
    0x00009d6c   0x00009d6c   0x00000020   Code   RO         1073    .text.gpio_mf_config  cbmx56x.lib(cbmx56x_gpio.o)
    0x00009d8c   0x00009d8c   0x00000074   Code   RO          247    .text.handle_block_read  standard_data_cmd.o
    0x00009e00   0x00009e00   0x0000001e   Code   RO          345    .text.handle_debug_mode  app_debug_mode_handle.o
    0x00009e1e   0x00009e1e   0x00000002   PAD
    0x00009e20   0x00009e20   0x00000020   Code   RO         1095    .text.hdiv_quotient_int  cbmx56x.lib(cbmx56x_hdiv.o)
    0x00009e40   0x00009e40   0x0000002c   Code   RO         1093    .text.hdiv_quotient_read  cbmx56x.lib(cbmx56x_hdiv.o)
    0x00009e6c   0x00009e6c   0x00000018   Code   RO         1195    .text.i2c_addr_timeout_enable_ctrl  cbmx56x.lib(cbmx56x_i2c.o)
    0x00009e84   0x00009e84   0x00000010   Code   RO         1193    .text.i2c_addr_timeout_set  cbmx56x.lib(cbmx56x_i2c.o)
    0x00009e94   0x00009e94   0x00000080   Code   RO         1189    .text.i2c_busy_judge  cbmx56x.lib(cbmx56x_i2c.o)
    0x00009f14   0x00009f14   0x00000018   Code   RO         1199    .text.i2c_busy_timeout_enable_ctrl  cbmx56x.lib(cbmx56x_i2c.o)
    0x00009f2c   0x00009f2c   0x00000018   Code   RO         1197    .text.i2c_busy_timeout_set  cbmx56x.lib(cbmx56x_i2c.o)
    0x00009f44   0x00009f44   0x0000000c   Code   RO         1177    .text.i2c_data_receive  cbmx56x.lib(cbmx56x_i2c.o)
    0x00009f50   0x00009f50   0x0000000c   Code   RO         1175    .text.i2c_data_send  cbmx56x.lib(cbmx56x_i2c.o)
    0x00009f5c   0x00009f5c   0x00000016   Code   RO         1107    .text.i2c_def_init  cbmx56x.lib(cbmx56x_i2c.o)
    0x00009f72   0x00009f72   0x00000002   PAD
    0x00009f74   0x00009f74   0x00000014   Code   RO         1111    .text.i2c_enable_ctrl  cbmx56x.lib(cbmx56x_i2c.o)
    0x00009f88   0x00009f88   0x00000014   Code   RO         1183    .text.i2c_flag_clear  cbmx56x.lib(cbmx56x_i2c.o)
    0x00009f9c   0x00009f9c   0x0000001c   Code   RO         1181    .text.i2c_flag_status_get  cbmx56x.lib(cbmx56x_i2c.o)
    0x00009fb8   0x00009fb8   0x00000064   Code   RO         1109    .text.i2c_init      cbmx56x.lib(cbmx56x_i2c.o)
    0x0000a01c   0x0000a01c   0x0000000c   Code   RO         1187    .text.i2c_interrupt_bit_clear  cbmx56x.lib(cbmx56x_i2c.o)
    0x0000a028   0x0000a028   0x00000014   Code   RO         1115    .text.i2c_interrupt_config  cbmx56x.lib(cbmx56x_i2c.o)
    0x0000a03c   0x0000a03c   0x00000014   Code   RO         1113    .text.i2c_software_reset  cbmx56x.lib(cbmx56x_i2c.o)
    0x0000a050   0x0000a050   0x00000018   Code   RO         1117    .text.i2c_stretch_clock_enable_ctrl  cbmx56x.lib(cbmx56x_i2c.o)
    0x0000a068   0x0000a068   0x0000001c   Code   RO         1119    .text.i2c_wakeup_enable_ctrl  cbmx56x.lib(cbmx56x_i2c.o)
    0x0000a084   0x0000a084   0x00000e04   Code   RO          237    .text.iic_isr_process  standard_data_cmd.o
    0x0000ae88   0x0000ae88   0x00000104   Code   RO          177    .text.init_soc_input_state  task.o
    0x0000af8c   0x0000af8c   0x0000000c   Code   RO         1225    .text.iwdg_enable   cbmx56x.lib(cbmx56x_iwdg.o)
    0x0000af98   0x0000af98   0x0000000c   Code   RO         1217    .text.iwdg_prescaler_set  cbmx56x.lib(cbmx56x_iwdg.o)
    0x0000afa4   0x0000afa4   0x0000000c   Code   RO         1221    .text.iwdg_reload_counter  cbmx56x.lib(cbmx56x_iwdg.o)
    0x0000afb0   0x0000afb0   0x0000000c   Code   RO         1219    .text.iwdg_reload_set  cbmx56x.lib(cbmx56x_iwdg.o)
    0x0000afbc   0x0000afbc   0x0000000c   Code   RO         1215    .text.iwdg_write_access_enable_ctrl  cbmx56x.lib(cbmx56x_iwdg.o)
    0x0000afc8   0x0000afc8   0x0000001a   Code   RO            2    .text.main          main.o
    0x0000afe2   0x0000afe2   0x00000002   PAD
    0x0000afe4   0x0000afe4   0x00000040   Code   RO          402    .text.modules_cc_hp_updata_value  modules_current.o
    0x0000b024   0x0000b024   0x0000000c   Code   RO          406    .text.modules_cc_hs_get_value  modules_current.o
    0x0000b030   0x0000b030   0x00000228   Code   RO          492    .text.modules_init  modules_init.o
    0x0000b258   0x0000b258   0x00000188   Code   RO          593    .text.more_init     bi2cs_interface.o
    0x0000b3e0   0x0000b3e0   0x00000054   Code   RO         1249    .text.nvic_init     cbmx56x.lib(cbmx56x_nvic.o)
    0x0000b434   0x0000b434   0x0000000c   Code   RO           27    .text.os_enable_interrupt  api_implement.o
    0x0000b440   0x0000b440   0x0000000a   Code   RO           23    .text.os_read_flash  api_implement.o
    0x0000b44a   0x0000b44a   0x00000002   PAD
    0x0000b44c   0x0000b44c   0x0000001c   Code   RO           29    .text.os_reset_system  api_implement.o
    0x0000b468   0x0000b468   0x0000000a   Code   RO           25    .text.os_write_flash  api_implement.o
    0x0000b472   0x0000b472   0x00000002   PAD
    0x0000b474   0x0000b474   0x0000009a   Code   RO           75    .text.parse_rx_data_packet  comm_protocol.o
    0x0000b50e   0x0000b50e   0x00000002   PAD
    0x0000b510   0x0000b510   0x00000020   Code   RO         1275    .text.pmu_deepsleep2_init  cbmx56x.lib(cbmx56x_pmu.o)
    0x0000b530   0x0000b530   0x00000018   Code   RO         1299    .text.rcc_ahb_periph_clock_enable_ctrl  cbmx56x.lib(cbmx56x_rcc.o)
    0x0000b548   0x0000b548   0x00000018   Code   RO         1301    .text.rcc_apb_periph_clock_enable_ctrl  cbmx56x.lib(cbmx56x_rcc.o)
    0x0000b560   0x0000b560   0x00000010   Code   RO         1297    .text.rcc_periph_reset_enable_ctrl  cbmx56x.lib(cbmx56x_rcc.o)
    0x0000b570   0x0000b570   0x00000018   Code   RO         1311    .text.rcc_tim1_clk_config  cbmx56x.lib(cbmx56x_rcc.o)
    0x0000b588   0x0000b588   0x000005f4   Code   RO          599    .text.readIPAmessage  bi2cs_interface.o
    0x0000bb7c   0x0000bb7c   0x00000010   Code   RO          293    .text.read_ChemID_fun  block_command.o
    0x0000bb8c   0x0000bb8c   0x0000001e   Code   RO          289    .text.read_DeviceType_fun  block_command.o
    0x0000bbaa   0x0000bbaa   0x0000000e   Code   RO          291    .text.read_FirmwareVersion_fun  block_command.o
    0x0000bbb8   0x0000bbb8   0x000000c4   Code   RO          315    .text.read_command_id_handle  block_command.o
    0x0000bc7c   0x0000bc7c   0x00000014   Code   RO          307    .text.read_serial_number  block_command.o
    0x0000bc90   0x0000bc90   0x000000a8   Code   RO           91    .text.register_read_fun  data_flash.o
    0x0000bd38   0x0000bd38   0x0000008c   Code   RO           87    .text.register_write_fun  data_flash.o
    0x0000bdc4   0x0000bdc4   0x00000020   Code   RO           71    .text.run_task_event  comm_protocol.o
    0x0000bde4   0x0000bde4   0x0000000c   Code   RO          454    .text.set_I2C_TimeOut_Count  modules_init.o
    0x0000bdf0   0x0000bdf0   0x00000020   Code   RO          233    .text.set_iic_rx_handle_type  standard_data_cmd.o
    0x0000be10   0x0000be10   0x00000010   Code   RO           45    .text.set_task_event  comm_protocol.o
    0x0000be20   0x0000be20   0x00000104   Code   RO         1322    .text.sha256_calc   cbmx56x.lib(cbmx56x_sha256.o)
    0x0000bf24   0x0000bf24   0x000000e8   Code   RO         1324    .text.sha256_hmac_calc  cbmx56x.lib(cbmx56x_sha256.o)
    0x0000c00c   0x0000c00c   0x00000040   Code   RO          488    .text.sleep         modules_init.o
    0x0000c04c   0x0000c04c   0x00000038   Code   RO          515    .text.sleep_timeout_decrease  modules_pmu.o
    0x0000c084   0x0000c084   0x000001a8   Code   RO          577    .text.t_comA0Change  bi2cs_interface.o
    0x0000c22c   0x0000c22c   0x00000018   Code   RO         1358    .text.tim1_cnt_update_enable_ctrl  cbmx56x.lib(cbmx56x_tim1.o)
    0x0000c244   0x0000c244   0x00000018   Code   RO         1344    .text.tim1_enable_ctrl  cbmx56x.lib(cbmx56x_tim1.o)
    0x0000c25c   0x0000c25c   0x0000000c   Code   RO         1364    .text.tim1_interrupt_status_clear  cbmx56x.lib(cbmx56x_tim1.o)
    0x0000c268   0x0000c268   0x00000010   Code   RO         1362    .text.tim1_interrupt_status_get  cbmx56x.lib(cbmx56x_tim1.o)
    0x0000c278   0x0000c278   0x00000050   Code   RO         1338    .text.tim1_timer_config  cbmx56x.lib(cbmx56x_tim1.o)
    0x0000c2c8   0x0000c2c8   0x00000120   Code   RO          355    .text.timer_reg_command  app_reg_cmd_handle.o
    0x0000c3e8   0x0000c3e8   0x0000000c   Code   RO          850    .text.ts_W_H        MyI2C.lib(myi2c.o)
    0x0000c3f4   0x0000c3f4   0x0000000c   Code   RO          852    .text.ts_W_L        MyI2C.lib(myi2c.o)
    0x0000c400   0x0000c400   0x000000f0   Code   RO           73    .text.tx_err_code_packet  comm_protocol.o
    0x0000c4f0   0x0000c4f0   0x0000057c   Code   RO          175    .text.update_soc_input_param  task.o
    0x0000ca6c   0x0000ca6c   0x00000008   Code   RO          496    .text.user_app_init  modules_init.o
    0x0000ca74   0x0000ca74   0x0000001c   Code   RO         1406    .text.vadc_channel_enable_ctrl  cbmx56x.lib(cbmx56x_vadc.o)
    0x0000ca90   0x0000ca90   0x00000044   Code   RO         1380    .text.vadc_channel_init  cbmx56x.lib(cbmx56x_vadc.o)
    0x0000cad4   0x0000cad4   0x00000018   Code   RO         1392    .text.vadc_chop_enable_ctrl  cbmx56x.lib(cbmx56x_vadc.o)
    0x0000caec   0x0000caec   0x0000000c   Code   RO         1414    .text.vadc_down_sampling_rate_set  cbmx56x.lib(cbmx56x_vadc.o)
    0x0000caf8   0x0000caf8   0x00000014   Code   RO         1384    .text.vadc_enable_ctrl  cbmx56x.lib(cbmx56x_vadc.o)
    0x0000cb0c   0x0000cb0c   0x000001c4   Code   RO         1430    .text.vadc_get_temperature  cbmx56x.lib(cbmx56x_vadc.o)
    0x0000ccd0   0x0000ccd0   0x000000dc   Code   RO         1426    .text.vadc_get_voltage  cbmx56x.lib(cbmx56x_vadc.o)
    0x0000cdac   0x0000cdac   0x0000002c   Code   RO         1376    .text.vadc_init     cbmx56x.lib(cbmx56x_vadc.o)
    0x0000cdd8   0x0000cdd8   0x0000001c   Code   RO         1418    .text.vadc_interrupt_config  cbmx56x.lib(cbmx56x_vadc.o)
    0x0000cdf4   0x0000cdf4   0x0000000c   Code   RO         1424    .text.vadc_intetrrupt_flag_clear  cbmx56x.lib(cbmx56x_vadc.o)
    0x0000ce00   0x0000ce00   0x00000014   Code   RO         1422    .text.vadc_intetrrupt_status_get  cbmx56x.lib(cbmx56x_vadc.o)
    0x0000ce14   0x0000ce14   0x00000018   Code   RO         1386    .text.vadc_stop_mode_set  cbmx56x.lib(cbmx56x_vadc.o)
    0x0000ce2c   0x0000ce2c   0x00000018   Code   RO         1408    .text.vadc_vcm_set  cbmx56x.lib(cbmx56x_vadc.o)
    0x0000ce44   0x0000ce44   0x00000090   Code   RO          239    .text.writeDFbySubcmd  standard_data_cmd.o
    0x0000ced4   0x0000ced4   0x0000000c   Code   RO          299    .text.write_Reset_sys_fun  block_command.o
    0x0000cee0   0x0000cee0   0x00000004   Code   RO          309    .text.write_SealDevice_fun  block_command.o
    0x0000cee4   0x0000cee4   0x00000004   Code   RO          305    .text.write_calibration_enable_fun  block_command.o
    0x0000cee8   0x0000cee8   0x000000e4   Code   RO          317    .text.write_command_id_handle  block_command.o
    0x0000cfcc   0x0000cfcc   0x00000004   Code   RO          297    .text.write_full_unseal_fun  block_command.o
    0x0000cfd0   0x0000cfd0   0x00000004   Code   RO          301    .text.write_life_time_enable_fun  block_command.o
    0x0000cfd4   0x0000cfd4   0x00000004   Code   RO          303    .text.write_life_time_flush_fun  block_command.o
    0x0000cfd8   0x0000cfd8   0x00000004   Code   RO          295    .text.write_unseal_fun  block_command.o
    0x0000cfdc   0x0000cfdc   0x000001f6   Code   RO         1459    .text_divfast       c_p.l(aeabi_sdivfast.o)
    0x0000d1d2   0x0000d1d2   0x00000016   Code   RO         1474    i._dgr              fz_ps.l(dcmp.o)
    0x0000d1e8   0x0000d1e8   0x0000001a   Code   RO         1475    i._dleq             fz_ps.l(dcmp.o)
    0x0000d202   0x0000d202   0x00000002   PAD
    0x0000d204   0x0000d204   0x00000064   Code   RO         1529    x$fpl$dgeqf         fz_ps.l(dgef.o)
    0x0000d268   0x0000d268   0x00000064   Code   RO         1531    x$fpl$dleqf         fz_ps.l(dlef.o)
    0x0000d2cc   0x0000d2cc   0x0000008c   Code   RO         1497    x$fpl$fadd          fz_ps.l(faddsub.o)
    0x0000d358   0x0000d358   0x000000d0   Code   RO         1499    x$fpl$fsub          fz_ps.l(faddsub.o)
    0x0000d428   0x0000d428   0x00000000   Code   RO         1533    x$fpl$usenofp       fz_ps.l(usenofp.o)
    0x0000d428   0x0000d428   0x00000080   Data   RO         1485    .constdata          fz_ps.l(ddiv.o)
    0x0000d4a8   0x0000d4a8   0x0000000c   Data   RO         1436    .rodata..Lswitch.table.vadc_temperature_calculate  cbmx56x.lib(cbmx56x_vadc.o)
    0x0000d4b4   0x0000d4b4   0x00000100   Data   RO          265    .rodata.CRC8TBL     standard_data_cmd.o
    0x0000d5b4   0x0000d5b4   0x00000058   Data   RO          322    .rodata.command_id_fun  block_command.o
    0x0000d60c   0x0000d60c   0x00000020   Data   RO           77    .rodata.cst32       comm_protocol.o
    0x0000d62c   0x0000d62c   0x000001e0   Data   RO          268    .rodata.cst32       standard_data_cmd.o
    0x0000d80c   0x0000d80c   0x000007f8   Data   RO          264    .rodata.scom_no_tbl  standard_data_cmd.o
    0x0000e004   0x0000e004   0x00000020   Data   RO         1709    Region$$Table       anon$$obj.o
    0x0000e024   0x0000e024   0x000003dc   PAD
    0x0000e400   0x0000e400   0x0000035d   Data   RO          623    .ARM.__at_0x0000E400  cell.o
    0x0000e75d   0x0000e75d   0x00000893   PAD
    0x0000eff0   0x0000eff0   0x00000004   Data   RO            7    .ARM.__at_0x0000EFF0  main.o


==============================================================================

Image component sizes


      Code (inc. data)   RO Data    RW Data    ZI Data      Debug   Object Name

        60          8          0          0          0       2600   api_implement.o
        30          0          0          0          0       1381   app_debug_mode_handle.o
       288         16          0          0          0       3111   app_reg_cmd_handle.o
       176         16          0          0          0       1171   app_task.o
      4340        756          0          0       1067      16494   bi2cs_interface.o
       544         16         88          0          0       4725   block_command.o
      3240        172          0          0         42       5477   calc_cvt.o
         0          0        861          0          0       8038   cell.o
      2938         54         32          0          3      16699   comm_protocol.o
      2072        156          0          0          5       7250   data_flash.o
      9060        428          0          2        142      20547   datcalc_spl.o
       126         16          0          1          0       1893   isr.o
      2112         76          0          2         88       7136   lifetime.o
        26          0         28          0          0        696   main.o
      2876        224          0          0          7       4955   mode.o
        76          4          0          0          8       2018   modules_current.o
       340         12          0          0          2       2152   modules_fmc.o
      1068         76          0          0          2       8480   modules_init.o
       388         36          0          1          3       2117   modules_pmu.o
       888         16          0          0        128       5156   ram.o
      7044       1466       2776        402        514      14698   standard_data_cmd.o
        52         22        128          0       1024        640   startup_cbmx56x.o
        28          8          0          0          0        795   system_cbmx56x.o
      2110        244          0          2         48       9011   task.o
        32          0          0          0          0       1936   utility.o

    ----------------------------------------------------------------------
     39938       3822       7268        412       3108     149176   Object Totals
         0          0         32          0          0          0   (incl. Generated)
        24          0       3323          2         25          0   (incl. Padding)

    ----------------------------------------------------------------------

      Code (inc. data)   RO Data    RW Data    ZI Data      Debug   Library Member Name

      2614          4          0          0          0      14561   myi2c.o
        86          0          0          0          0          0   __dczerorl2.o
         8          0          0          0          0         68   __main.o
         0          0          0          0          0          0   __rtentry.o
        12          0          0          0          0          0   __rtentry2.o
         6          0          0          0          0          0   __rtentry4.o
        60          8          0          0          0          0   __scatter.o
        28          0          0          0          0          0   __scatter_zi.o
      1006          4          0          0          0        184   aeabi_sdivfast.o
        16          0          0          0          0         68   exit.o
         6          0          0          0          0        136   heapauxi.o
         0          0          0          0          0          0   indicate_semi.o
         2          0          0          0          0          0   libinit.o
         2          0          0          0          0          0   libinit2.o
         2          0          0          0          0          0   libshutdown.o
         2          0          0          0          0          0   libshutdown2.o
         8          4          0          0         96         68   libspace.o
        48          0          0          0          0         72   llmul.o
       166          0          0          0          0         72   llsdiv.o
       272          0          0          0          0         88   lludiv.o
        90          0          0          0          0         68   memcmp.o
        64          0          0          0          0        108   rt_memclr.o
       186          0          0          0          0        144   rt_memcpy.o
         2          0          0          0          0          0   rtexit.o
        10          0          0          0          0          0   rtexit2.o
        12          4          0          0          0         60   sys_exit.o
        62          0          0          0          0         80   sys_stackheap_outer.o
         2          0          0          0          0         68   use_no_semi.o
       608         48          0          0          0       8070   cbmx56x_cc.o
        28          4          0          0          0       2804   cbmx56x_crc.o
       860         28          0          0          0       8997   cbmx56x_flash.o
        28          4          0          0          0       1353   cbmx56x_gcr.o
       224         20          0          0          0       6459   cbmx56x_gpio.o
        76          4          0          0          0       1637   cbmx56x_hdiv.o
       534         44          0          0          0      13010   cbmx56x_i2c.o
        60         20          0          0          0       1865   cbmx56x_iwdg.o
        84         12          0          0          0       2470   cbmx56x_nvic.o
        32          8          0          0          0       3046   cbmx56x_pmu.o
        88         16          0          0          0       5590   cbmx56x_rcc.o
       492          4          0          0          0       4046   cbmx56x_sha256.o
       156         16          0          0          0       3356   cbmx56x_tim1.o
       976         88         12          0          0      13168   cbmx56x_vadc.o
        46          0          0          0          0         60   cmpret.o
       856         20          0          0          0        208   daddsub.o
        48          0          0          0          0        136   dcmp.o
       160          6          0          0          0         76   dcmpin.o
      1096         26        128          0          0        112   ddiv.o
       108         10          0          0          0         72   dfixi.o
        72          4          0          0          0         68   dfixui.o
        88          0          0          0          0         92   dflti.o
       132          4          0          0          0        100   dfltl.o
       100          4          0          0          0         92   dgef.o
       100          4          0          0          0         92   dlef.o
       584         26          0          0          0         84   dmul.o
        20          6          0          0          0         68   dnan2.o
       348          8          0          0          0        160   faddsub.o
        76          0          0          0          0         68   ffixi.o
        94          0          0          0          0         92   fflti.o
        94          0          0          0          0         68   retnan.o
         0          0          0          0          0          0   usenofp.o

    ----------------------------------------------------------------------
     13058        458        140          0         96      93364   Library Totals
        18          0          0          0          0          0   (incl. Padding)

    ----------------------------------------------------------------------

      Code (inc. data)   RO Data    RW Data    ZI Data      Debug   Library Name

      2614          4          0          0          0      14561   MyI2C.lib
      2158         20          0          0         96       1284   c_p.l
      4246        316         12          0          0      75871   cbmx56x.lib
      4022        118        128          0          0       1648   fz_ps.l

    ----------------------------------------------------------------------
     13058        458        140          0         96      93364   Library Totals

    ----------------------------------------------------------------------

==============================================================================


      Code (inc. data)   RO Data    RW Data    ZI Data      Debug   

     52996       4280       7408        412       3204     240572   Grand Totals
     52996       4280       7408        128       3204     240572   ELF Image Totals (compressed)
     52996       4280       7408        128          0          0   ROM Totals

==============================================================================

    Total RO  Size (Code + RO Data)                60404 (  58.99kB)
    Total RW  Size (RW Data + ZI Data)              3616 (   3.53kB)
    Total ROM Size (Code + RO Data + RW Data)      60532 (  59.11kB)

==============================================================================

