Component: ARM Compiler 6.14 Tool: armlink [5db06800]

==============================================================================

Section Cross References

    main.o(.text.main) refers to modules_init.o(.text.user_app_init) for user_app_init
    main.o(.text.main) refers to app_task.o(.text.app_init) for app_init
    main.o(.text.main) refers to modules_init.o(.text.clear_dog) for clear_dog
    main.o(.text.main) refers to modules_init.o(.text.IIC_timeout_process) for IIC_timeout_process
    main.o(.text.main) refers to app_task.o(.text.app_handle_task) for app_handle_task
    main.o(.text.main) refers to task.o(.text.app_task_loop) for app_task_loop
    main.o(.ARM.exidx.text.main) refers to main.o(.text.main) for [Anonymous Symbol]
    api_implement.o(.text.os_i2c_data_send) refers to cbmx56x_i2c.o(.text.i2c_data_send) for i2c_data_send
    api_implement.o(.ARM.exidx.text.os_i2c_data_send) refers to api_implement.o(.text.os_i2c_data_send) for [Anonymous Symbol]
    api_implement.o(.ARM.exidx.text.os_sleep) refers to api_implement.o(.text.os_sleep) for [Anonymous Symbol]
    api_implement.o(.ARM.exidx.text.os_read_reg_block) refers to api_implement.o(.text.os_read_reg_block) for [Anonymous Symbol]
    api_implement.o(.ARM.exidx.text.os_write_reg_block) refers to api_implement.o(.text.os_write_reg_block) for [Anonymous Symbol]
    api_implement.o(.text.os_read_flash) refers to modules_fmc.o(.text.fmc_read_flash) for fmc_read_flash
    api_implement.o(.ARM.exidx.text.os_read_flash) refers to api_implement.o(.text.os_read_flash) for [Anonymous Symbol]
    api_implement.o(.text.os_write_flash) refers to modules_fmc.o(.text.fmc_write_flash) for fmc_write_flash
    api_implement.o(.ARM.exidx.text.os_write_flash) refers to api_implement.o(.text.os_write_flash) for [Anonymous Symbol]
    api_implement.o(.ARM.exidx.text.os_enable_interrupt) refers to api_implement.o(.text.os_enable_interrupt) for [Anonymous Symbol]
    api_implement.o(.ARM.exidx.text.os_reset_system) refers to api_implement.o(.text.os_reset_system) for [Anonymous Symbol]
    comm_protocol.o(.ARM.exidx.text.cal_crc8_check) refers to comm_protocol.o(.text.cal_crc8_check) for [Anonymous Symbol]
    comm_protocol.o(.ARM.exidx.text.set_reg_field_value) refers to comm_protocol.o(.text.set_reg_field_value) for [Anonymous Symbol]
    comm_protocol.o(.text.get_new_random) refers to task.o(.text.get_sys_run_time) for get_sys_run_time
    comm_protocol.o(.ARM.exidx.text.get_new_random) refers to comm_protocol.o(.text.get_new_random) for [Anonymous Symbol]
    comm_protocol.o(.text.set_task_event) refers to comm_protocol.o(.bss..L_MergedGlobals) for [Anonymous Symbol]
    comm_protocol.o(.ARM.exidx.text.set_task_event) refers to comm_protocol.o(.text.set_task_event) for [Anonymous Symbol]
    comm_protocol.o(.text.check_rx_data_packet) refers to comm_protocol.o(.bss..L_MergedGlobals) for [Anonymous Symbol]
    comm_protocol.o(.ARM.exidx.text.check_rx_data_packet) refers to comm_protocol.o(.text.check_rx_data_packet) for [Anonymous Symbol]
    comm_protocol.o(.text.filled_info_cmd) refers to rt_memclr.o(.text) for __aeabi_memclr4
    comm_protocol.o(.text.filled_info_cmd) refers to task.o(.text.get_sys_run_time) for get_sys_run_time
    comm_protocol.o(.text.filled_info_cmd) refers to cbmx56x_gcr.o(.text.gcr_reg_unlock) for gcr_reg_unlock
    comm_protocol.o(.text.filled_info_cmd) refers to cbmx56x_flash.o(.text.flash_get_ChipUID_value) for flash_get_ChipUID_value
    comm_protocol.o(.text.filled_info_cmd) refers to cbmx56x_gcr.o(.text.gcr_reg_lock) for gcr_reg_lock
    comm_protocol.o(.text.filled_info_cmd) refers to rt_memcpy.o(.text) for __aeabi_memcpy
    comm_protocol.o(.text.filled_info_cmd) refers to comm_protocol.o(.bss..L_MergedGlobals) for [Anonymous Symbol]
    comm_protocol.o(.ARM.exidx.text.filled_info_cmd) refers to comm_protocol.o(.text.filled_info_cmd) for [Anonymous Symbol]
    comm_protocol.o(.text.filled_connected_cmd) refers to task.o(.text.get_sys_run_time) for get_sys_run_time
    comm_protocol.o(.text.filled_connected_cmd) refers to comm_protocol.o(.bss..L_MergedGlobals) for [Anonymous Symbol]
    comm_protocol.o(.ARM.exidx.text.filled_connected_cmd) refers to comm_protocol.o(.text.filled_connected_cmd) for [Anonymous Symbol]
    comm_protocol.o(.text.filled_disconnected_cmd) refers to task.o(.text.get_sys_run_time) for get_sys_run_time
    comm_protocol.o(.text.filled_disconnected_cmd) refers to comm_protocol.o(.bss..L_MergedGlobals) for [Anonymous Symbol]
    comm_protocol.o(.ARM.exidx.text.filled_disconnected_cmd) refers to comm_protocol.o(.text.filled_disconnected_cmd) for [Anonymous Symbol]
    comm_protocol.o(.text.cmd_handshake) refers to rt_memcpy.o(.text) for __aeabi_memcpy
    comm_protocol.o(.text.cmd_handshake) refers to cbmx56x_sha256.o(.text.sha256_hmac_calc) for sha256_hmac_calc
    comm_protocol.o(.text.cmd_handshake) refers to memcmp.o(.text) for memcmp
[...]
    cc_stop_mode_set                         0x00008eed   Thumb Code    24  cbmx56x_cc.o(.text.cc_stop_mode_set)
    cc_vcm_set                               0x00008f05   Thumb Code    24  cbmx56x_cc.o(.text.cc_vcm_set)
    check_rx_data_packet                     0x00008f1d   Thumb Code   220  comm_protocol.o(.text.check_rx_data_packet)
    chg_pinghua                              0x00008ff9   Thumb Code   280  datcalc_spl.o(.text.chg_pinghua)
    clear_dog                                0x00009111   Thumb Code    24  modules_init.o(.text.clear_dog)
    crc_def_init                             0x00009129   Thumb Code    28  cbmx56x_crc.o(.text.crc_def_init)
    data_memory_read_fun                     0x00009145   Thumb Code   204  data_flash.o(.text.data_memory_read_fun)
    data_memory_write_fun                    0x00009211   Thumb Code   192  data_flash.o(.text.data_memory_write_fun)
    filled_authen_cmd                        0x000092d1   Thumb Code   272  comm_protocol.o(.text.filled_authen_cmd)
    filled_calibration_enable_cmd            0x000093e1   Thumb Code   204  comm_protocol.o(.text.filled_calibration_enable_cmd)
    filled_connected_cmd                     0x000094ad   Thumb Code   236  comm_protocol.o(.text.filled_connected_cmd)
    filled_disconnected_cmd                  0x00009599   Thumb Code   208  comm_protocol.o(.text.filled_disconnected_cmd)
    filled_info_cmd                          0x00009669   Thumb Code   264  comm_protocol.o(.text.filled_info_cmd)
    filled_jump_cmd                          0x00009771   Thumb Code   216  comm_protocol.o(.text.filled_jump_cmd)
    filled_unlock_memory_cmd                 0x00009849   Thumb Code   208  comm_protocol.o(.text.filled_unlock_memory_cmd)
    filled_write_calibration_value_cmd       0x00009919   Thumb Code   216  comm_protocol.o(.text.filled_write_calibration_value_cmd)
    flash_get_ChipUID_value                  0x000099f1   Thumb Code   224  cbmx56x_flash.o(.text.flash_get_ChipUID_value)
    flash_init                               0x00009ad1   Thumb Code   100  cbmx56x_flash.o(.text.flash_init)
    flash_last_operation_wait                0x00009b35   Thumb Code    36  cbmx56x_flash.o(.text.flash_last_operation_wait)
    flash_page_erase                         0x00009b59   Thumb Code    92  cbmx56x_flash.o(.text.flash_page_erase)
    flash_page_read                          0x00009bb5   Thumb Code   164  cbmx56x_flash.o(.text.flash_page_read)
    flash_page_write                         0x00009c59   Thumb Code   224  cbmx56x_flash.o(.text.flash_page_write)
    flash_wait_counter_set                   0x00009d39   Thumb Code    20  cbmx56x_flash.o(.text.flash_wait_counter_set)
    fmc_page_erase                           0x00009d4d   Thumb Code    38  modules_fmc.o(.text.fmc_page_erase)
    fmc_read_flash                           0x00009d73   Thumb Code   118  modules_fmc.o(.text.fmc_read_flash)
    fmc_write_flash                          0x00009de9   Thumb Code   180  modules_fmc.o(.text.fmc_write_flash)
    fristsample                              0x00009e9d   Thumb Code    22  task.o(.text.fristsample)
    fw_pmu_proc                              0x00009eb5   Thumb Code   268  modules_pmu.o(.text.fw_pmu_proc)
    fw_pmu_set_run_mode                      0x00009fc1   Thumb Code    32  modules_pmu.o(.text.fw_pmu_set_run_mode)
    gcr_reg_lock                             0x00009fe1   Thumb Code     8  cbmx56x_gcr.o(.text.gcr_reg_lock)
    gcr_reg_unlock                           0x00009fe9   Thumb Code    20  cbmx56x_gcr.o(.text.gcr_reg_unlock)
    get_chip_uid                             0x00009ffd   Thumb Code    48  task.o(.text.get_chip_uid)
    get_high_speed_current                   0x0000a02d   Thumb Code    12  task.o(.text.get_high_speed_current)
    get_iic_rx_handle_type                   0x0000a039   Thumb Code    12  standard_data_cmd.o(.text.get_iic_rx_handle_type)
    get_new_random                           0x0000a045   Thumb Code    34  comm_protocol.o(.text.get_new_random)
    get_pmu_period_time                      0x0000a069   Thumb Code    12  modules_pmu.o(.text.get_pmu_period_time)
    get_sys_run_time                         0x0000a075   Thumb Code    12  task.o(.text.get_sys_run_time)
    get_sys_seal_type                        0x0000a081   Thumb Code     4  block_command.o(.text.get_sys_seal_type)
    gpio_bit_value_read                      0x0000a085   Thumb Code    16  cbmx56x_gpio.o(.text.gpio_bit_value_read)
    gpio_bit_write                           0x0000a095   Thumb Code    24  cbmx56x_gpio.o(.text.gpio_bit_write)
    gpio_init                                0x0000a0ad   Thumb Code   136  cbmx56x_gpio.o(.text.gpio_init)
    gpio_interrupt_status_clear              0x0000a135   Thumb Code    16  cbmx56x_gpio.o(.text.gpio_interrupt_status_clear)
    gpio_mf_config                           0x0000a145   Thumb Code    32  cbmx56x_gpio.o(.text.gpio_mf_config)
    handle_block_read                        0x0000a165   Thumb Code   992  standard_data_cmd.o(.text.handle_block_read)
    handle_debug_mode                        0x0000a545   Thumb Code    30  app_debug_mode_handle.o(.text.handle_debug_mode)
    hdiv_quotient_int                        0x0000a565   Thumb Code    32  cbmx56x_hdiv.o(.text.hdiv_quotient_int)
    hdiv_quotient_read                       0x0000a585   Thumb Code    44  cbmx56x_hdiv.o(.text.hdiv_quotient_read)
    i2c_addr_timeout_enable_ctrl             0x0000a5b1   Thumb Code    24  cbmx56x_i2c.o(.text.i2c_addr_timeout_enable_ctrl)
    i2c_addr_timeout_set                     0x0000a5c9   Thumb Code    16  cbmx56x_i2c.o(.text.i2c_addr_timeout_set)
    i2c_busy_judge                           0x0000a5d9   Thumb Code   128  cbmx56x_i2c.o(.text.i2c_busy_judge)
    i2c_busy_timeout_enable_ctrl             0x0000a659   Thumb Code    24  cbmx56x_i2c.o(.text.i2c_busy_timeout_enable_ctrl)
    i2c_busy_timeout_set                     0x0000a671   Thumb Code    24  cbmx56x_i2c.o(.text.i2c_busy_timeout_set)
    i2c_data_receive                         0x0000a689   Thumb Code    12  cbmx56x_i2c.o(.text.i2c_data_receive)
    i2c_data_send                            0x0000a695   Thumb Code    12  cbmx56x_i2c.o(.text.i2c_data_send)
    i2c_def_init                             0x0000a6a1   Thumb Code    22  cbmx56x_i2c.o(.text.i2c_def_init)
    i2c_enable_ctrl                          0x0000a6b9   Thumb Code    20  cbmx56x_i2c.o(.text.i2c_enable_ctrl)
    i2c_flag_clear                           0x0000a6cd   Thumb Code    20  cbmx56x_i2c.o(.text.i2c_flag_clear)
    i2c_flag_status_get                      0x0000a6e1   Thumb Code    32  cbmx56x_i2c.o(.text.i2c_flag_status_get)
    i2c_init                                 0x0000a701   Thumb Code   100  cbmx56x_i2c.o(.text.i2c_init)
    i2c_interrupt_bit_clear                  0x0000a765   Thumb Code    12  cbmx56x_i2c.o(.text.i2c_interrupt_bit_clear)
    i2c_interrupt_config                     0x0000a771   Thumb Code    20  cbmx56x_i2c.o(.text.i2c_interrupt_config)
    i2c_software_reset                       0x0000a785   Thumb Code    20  cbmx56x_i2c.o(.text.i2c_software_reset)
    i2c_stretch_clock_enable_ctrl            0x0000a799   Thumb Code    24  cbmx56x_i2c.o(.text.i2c_stretch_clock_enable_ctrl)
    i2c_wakeup_enable_ctrl                   0x0000a7b1   Thumb Code    28  cbmx56x_i2c.o(.text.i2c_wakeup_enable_ctrl)
    iic_isr_process                          0x0000a7cd   Thumb Code  3424  standard_data_cmd.o(.text.iic_isr_process)
    init_soc_input_state                     0x0000b52d   Thumb Code   268  task.o(.text.init_soc_input_state)
    iwdg_enable                              0x0000b639   Thumb Code    12  cbmx56x_iwdg.o(.text.iwdg_enable)
    iwdg_prescaler_set                       0x0000b645   Thumb Code    12  cbmx56x_iwdg.o(.text.iwdg_prescaler_set)
    iwdg_reload_counter                      0x0000b651   Thumb Code    12  cbmx56x_iwdg.o(.text.iwdg_reload_counter)
    iwdg_reload_set                          0x0000b65d   Thumb Code    12  cbmx56x_iwdg.o(.text.iwdg_reload_set)
    iwdg_write_access_enable_ctrl            0x0000b669   Thumb Code    12  cbmx56x_iwdg.o(.text.iwdg_write_access_enable_ctrl)
    main                                     0x0000b675   Thumb Code    26  main.o(.text.main)
    modules_cc_hp_updata_value               0x0000b691   Thumb Code    64  modules_current.o(.text.modules_cc_hp_updata_value)
    modules_cc_hs_get_value                  0x0000b6d1   Thumb Code    12  modules_current.o(.text.modules_cc_hs_get_value)
    modules_init                             0x0000b6dd   Thumb Code   552  modules_init.o(.text.modules_init)
    more_init                                0x0000b905   Thumb Code   392  bi2cs_interface.o(.text.more_init)
    nvic_init                                0x0000ba8d   Thumb Code    84  cbmx56x_nvic.o(.text.nvic_init)
    os_enable_interrupt                      0x0000bae1   Thumb Code    12  api_implement.o(.text.os_enable_interrupt)
    os_read_flash                            0x0000baed   Thumb Code    10  api_implement.o(.text.os_read_flash)
    os_reset_system                          0x0000baf9   Thumb Code    28  api_implement.o(.text.os_reset_system)
    os_write_flash                           0x0000bb15   Thumb Code    10  api_implement.o(.text.os_write_flash)
    parse_rx_data_packet                     0x0000bb21   Thumb Code   154  comm_protocol.o(.text.parse_rx_data_packet)
    pmu_deepsleep2_init                      0x0000bbbd   Thumb Code    32  cbmx56x_pmu.o(.text.pmu_deepsleep2_init)
    rcc_ahb_periph_clock_enable_ctrl         0x0000bbdd   Thumb Code    24  cbmx56x_rcc.o(.text.rcc_ahb_periph_clock_enable_ctrl)
    rcc_apb_periph_clock_enable_ctrl         0x0000bbf5   Thumb Code    24  cbmx56x_rcc.o(.text.rcc_apb_periph_clock_enable_ctrl)
    rcc_periph_reset_enable_ctrl             0x0000bc0d   Thumb Code    16  cbmx56x_rcc.o(.text.rcc_periph_reset_enable_ctrl)
    rcc_tim1_clk_config                      0x0000bc1d   Thumb Code    24  cbmx56x_rcc.o(.text.rcc_tim1_clk_config)
    readIPAmessage                           0x0000bc35   Thumb Code  1484  bi2cs_interface.o(.text.readIPAmessage)
    read_ChemID_fun                          0x0000c201   Thumb Code    16  block_command.o(.text.read_ChemID_fun)
    read_DeviceType_fun                      0x0000c211   Thumb Code    30  block_command.o(.text.read_DeviceType_fun)
    read_FirmwareVersion_fun                 0x0000c22f   Thumb Code    14  block_command.o(.text.read_FirmwareVersion_fun)
    read_command_id_handle                   0x0000c23d   Thumb Code   196  block_command.o(.text.read_command_id_handle)
    read_serial_number                       0x0000c301   Thumb Code    20  block_command.o(.text.read_serial_number)
    register_read_fun                        0x0000c315   Thumb Code   184  data_flash.o(.text.register_read_fun)
    register_write_fun                       0x0000c3cd   Thumb Code   140  data_flash.o(.text.register_write_fun)
    run_task_event                           0x0000c459   Thumb Code    32  comm_protocol.o(.text.run_task_event)
    set_I2C_TimeOut_Count                    0x0000c479   Thumb Code    12  modules_init.o(.text.set_I2C_TimeOut_Count)
    set_iic_rx_handle_type                   0x0000c485   Thumb Code    32  standard_data_cmd.o(.text.set_iic_rx_handle_type)
    set_task_event                           0x0000c4a5   Thumb Code    16  comm_protocol.o(.text.set_task_event)
    sha256_calc                              0x0000c4b5   Thumb Code   260  cbmx56x_sha256.o(.text.sha256_calc)
    sha256_hmac_calc                         0x0000c5b9   Thumb Code   232  cbmx56x_sha256.o(.text.sha256_hmac_calc)
    sleep                                    0x0000c6a1   Thumb Code    64  modules_init.o(.text.sleep)
    sleep_timeout_decrease                   0x0000c6e1   Thumb Code    56  modules_pmu.o(.text.sleep_timeout_decrease)
    t_comA0Change                            0x0000c719   Thumb Code   424  bi2cs_interface.o(.text.t_comA0Change)
    tim1_cnt_update_enable_ctrl              0x0000c8c1   Thumb Code    24  cbmx56x_tim1.o(.text.tim1_cnt_update_enable_ctrl)
    tim1_enable_ctrl                         0x0000c8d9   Thumb Code    24  cbmx56x_tim1.o(.text.tim1_enable_ctrl)
    tim1_interrupt_status_clear              0x0000c8f1   Thumb Code    12  cbmx56x_tim1.o(.text.tim1_interrupt_status_clear)
    tim1_interrupt_status_get                0x0000c8fd   Thumb Code    16  cbmx56x_tim1.o(.text.tim1_interrupt_status_get)
    tim1_timer_config                        0x0000c90d   Thumb Code    80  cbmx56x_tim1.o(.text.tim1_timer_config)
    timer_reg_command                        0x0000c95d   Thumb Code   276  app_reg_cmd_handle.o(.text.timer_reg_command)
    ts_W_H                                   0x0000ca71   Thumb Code    12  myi2c.o(.text.ts_W_H)
    ts_W_L                                   0x0000ca7d   Thumb Code    12  myi2c.o(.text.ts_W_L)
    tx_err_code_packet                       0x0000ca89   Thumb Code   212  comm_protocol.o(.text.tx_err_code_packet)
    update_soc_input_param                   0x0000cb5d   Thumb Code  1348  task.o(.text.update_soc_input_param)
    user_app_init                            0x0000d0a1   Thumb Code     8  modules_init.o(.text.user_app_init)
    vadc_channel_enable_ctrl                 0x0000d0a9   Thumb Code    28  cbmx56x_vadc.o(.text.vadc_channel_enable_ctrl)
    vadc_channel_init                        0x0000d0c5   Thumb Code    68  cbmx56x_vadc.o(.text.vadc_channel_init)
    vadc_chop_enable_ctrl                    0x0000d109   Thumb Code    24  cbmx56x_vadc.o(.text.vadc_chop_enable_ctrl)
    vadc_down_sampling_rate_set              0x0000d121   Thumb Code    12  cbmx56x_vadc.o(.text.vadc_down_sampling_rate_set)
    vadc_enable_ctrl                         0x0000d12d   Thumb Code    20  cbmx56x_vadc.o(.text.vadc_enable_ctrl)
    vadc_get_temperature                     0x0000d141   Thumb Code   452  cbmx56x_vadc.o(.text.vadc_get_temperature)
    vadc_get_voltage                         0x0000d305   Thumb Code   220  cbmx56x_vadc.o(.text.vadc_get_voltage)
    vadc_init                                0x0000d3e1   Thumb Code    44  cbmx56x_vadc.o(.text.vadc_init)
    vadc_interrupt_config                    0x0000d40d   Thumb Code    28  cbmx56x_vadc.o(.text.vadc_interrupt_config)
    vadc_intetrrupt_flag_clear               0x0000d429   Thumb Code    12  cbmx56x_vadc.o(.text.vadc_intetrrupt_flag_clear)
    vadc_intetrrupt_status_get               0x0000d435   Thumb Code    20  cbmx56x_vadc.o(.text.vadc_intetrrupt_status_get)
    vadc_stop_mode_set                       0x0000d449   Thumb Code    24  cbmx56x_vadc.o(.text.vadc_stop_mode_set)
    vadc_vcm_set                             0x0000d461   Thumb Code    24  cbmx56x_vadc.o(.text.vadc_vcm_set)
    write_Reset_sys_fun                      0x0000d479   Thumb Code    12  block_command.o(.text.write_Reset_sys_fun)
    write_SealDevice_fun                     0x0000d485   Thumb Code     4  block_command.o(.text.write_SealDevice_fun)
    write_calibration_enable_fun             0x0000d489   Thumb Code     4  block_command.o(.text.write_calibration_enable_fun)
    write_command_id_handle                  0x0000d48d   Thumb Code   228  block_command.o(.text.write_command_id_handle)
    write_full_unseal_fun                    0x0000d571   Thumb Code     4  block_command.o(.text.write_full_unseal_fun)
    write_life_time_enable_fun               0x0000d575   Thumb Code     4  block_command.o(.text.write_life_time_enable_fun)
    write_life_time_flush_fun                0x0000d579   Thumb Code     4  block_command.o(.text.write_life_time_flush_fun)
    write_unseal_fun                         0x0000d57d   Thumb Code     4  block_command.o(.text.write_unseal_fun)
    __aeabi_uidiv                            0x0000d581   Thumb Code    68  aeabi_sdivfast.o(.text_divfast)
    __aeabi_idiv                             0x0000d5c5   Thumb Code   434  aeabi_sdivfast.o(.text_divfast)
    __aeabi_dcmpgt                           0x0000d777   Thumb Code     0  dcmp.o(i._dgr)
    _dgr                                     0x0000d777   Thumb Code    22  dcmp.o(i._dgr)
    __aeabi_dcmple                           0x0000d78d   Thumb Code     0  dcmp.o(i._dleq)
    _dleq                                    0x0000d78d   Thumb Code    26  dcmp.o(i._dleq)
    _dcmpge                                  0x0000d7a9   Thumb Code    94  dgef.o(x$fpl$dgeqf)
    __aeabi_cdcmple                          0x0000d80d   Thumb Code     0  dlef.o(x$fpl$dleqf)
    _dcmple                                  0x0000d80d   Thumb Code    94  dlef.o(x$fpl$dleqf)
    __aeabi_fadd                             0x0000d871   Thumb Code     0  faddsub.o(x$fpl$fadd)
    _fadd                                    0x0000d871   Thumb Code   134  faddsub.o(x$fpl$fadd)
    __aeabi_fsub                             0x0000d8fd   Thumb Code     0  faddsub.o(x$fpl$fsub)
    _fsub                                    0x0000d8fd   Thumb Code   204  faddsub.o(x$fpl$fsub)
    __I$use$fp                               0x0000d9cc   Number         0  usenofp.o(x$fpl$usenofp)
    CRC8TBL                                  0x0000da58   Data         256  standard_data_cmd.o(.rodata.CRC8TBL)
    command_id_fun                           0x0000db58   Data          88  block_command.o(.rodata.command_id_fun)
    Region$$Table$$Base                      0x0000ddb0   Number         0  anon$$obj.o(Region$$Table)
    Region$$Table$$Limit                     0x0000ddd0   Number         0  anon$$obj.o(Region$$Table)
    u_fd_rom                                 0x0000e400   Data         861  cell.o(.ARM.__at_0x0000E400)
    scom_no_tbl                              0x0000e760   Data        2040  standard_data_cmd.o(.rodata.scom_no_tbl)
    Long_BIN_VER                             0x0000eff0   Data           4  main.o(.ARM.__at_0x0000EFF0)
    readIPAFrist                             0x20000000   Data           1  task.o(.data..L_MergedGlobals)
    readIPAmesCnt                            0x20000001   Data           1  task.o(.data..L_MergedGlobals)
    dis_fac_cpl                              0x20000002   Data           2  datcalc_spl.o(.data.dis_fac_cpl)
    fac_fccold_chu_new_cph                   0x20000004   Data           2  standard_data_cmd.o(.data.fac_fccold_chu_new_cph)
    fac_fccold_chu_new_cph_low_temp          0x20000006   Data           2  standard_data_cmd.o(.data.fac_fccold_chu_new_cph_low_temp)
    fac_fccold_chu_new_cph_low_temp_xiaobeilv 0x20000008   Data           2  standard_data_cmd.o(.data.fac_fccold_chu_new_cph_low_temp_xiaobeilv)
    fac_fccold_chu_new_cph_xiaobeilv         0x2000000a   Data           2  standard_data_cmd.o(.data.fac_fccold_chu_new_cph_xiaobeilv)
    fac_fccold_chu_new_cpl                   0x2000000c   Data           2  standard_data_cmd.o(.data.fac_fccold_chu_new_cpl)
    fac_fccold_chu_new_cpl_low_temp          0x2000000e   Data           2  standard_data_cmd.o(.data.fac_fccold_chu_new_cpl_low_temp)
    fac_fccold_chu_new_cpl_low_temp_xiaobeilv 0x20000010   Data           2  standard_data_cmd.o(.data.fac_fccold_chu_new_cpl_low_temp_xiaobeilv)
    fac_fccold_chu_new_cpl_xiaobeilv         0x20000012   Data           2  standard_data_cmd.o(.data.fac_fccold_chu_new_cpl_xiaobeilv)
    lt_test                                  0x20000014   Data           2  lifetime.o(.data.lt_test)
    pCMDAddress                              0x20000018   Data         400  standard_data_cmd.o(.data.pCMDAddress)
    protocol_type                            0x200001a9   Data           1  isr.o(.data.protocol_type)
    t_ChargingVoltage                        0x200001aa   Data           2  standard_data_cmd.o(.data.t_ChargingVoltage)
    xiaobeilv_last_high_temp_cph             0x200001ac   Data           2  standard_data_cmd.o(.data.xiaobeilv_last_high_temp_cph)
    xiaobeilv_last_high_temp_cpl             0x200001ae   Data           2  standard_data_cmd.o(.data.xiaobeilv_last_high_temp_cpl)
    xiaobeilv_last_low_temp_cph              0x200001b0   Data           2  standard_data_cmd.o(.data.xiaobeilv_last_low_temp_cph)
    xiaobeilv_last_low_temp_cpl              0x200001b2   Data           2  standard_data_cmd.o(.data.xiaobeilv_last_low_temp_cpl)
    __libspace_start                         0x200001b8   Data          96  libspace.o(.bss)
    __temporary_stack_top$libspace           0x20000218   Data           0  libspace.o(.bss)
    rcv_random                               0x20000218   Data           1  comm_protocol.o(.bss..L_MergedGlobals)
    new_random                               0x20000219   Data           1  comm_protocol.o(.bss..L_MergedGlobals)
    task_event                               0x2000021a   Data           1  comm_protocol.o(.bss..L_MergedGlobals)
    t_com3eBufFlg                            0x20000220   Data           1  standard_data_cmd.o(.bss..L_MergedGlobals)
    iic_rx_cnt                               0x20000221   Data           1  standard_data_cmd.o(.bss..L_MergedGlobals)
    iic_tx_cnt                               0x20000222   Data           1  standard_data_cmd.o(.bss..L_MergedGlobals)
    t_com62Flg                               0x20000223   Data           1  standard_data_cmd.o(.bss..L_MergedGlobals)
    apec                                     0x20000224   Data           1  standard_data_cmd.o(.bss..L_MergedGlobals)
    nPos                                     0x20000225   Data           1  standard_data_cmd.o(.bss..L_MergedGlobals)
    subcmd_datalen                           0x20000227   Data           1  standard_data_cmd.o(.bss..L_MergedGlobals)
    ccnt                                     0x20000228   Data           2  standard_data_cmd.o(.bss..L_MergedGlobals)
    nReadLen                                 0x2000022a   Data           2  standard_data_cmd.o(.bss..L_MergedGlobals)
    nWriteLen                                0x2000022c   Data           2  standard_data_cmd.o(.bss..L_MergedGlobals)
    LifeTimeprt                              0x2000022e   Data           2  standard_data_cmd.o(.bss..L_MergedGlobals)
    iic_rx_type                              0x20000230   Data           4  standard_data_cmd.o(.bss..L_MergedGlobals)
    chargetv                                 0x20000234   Data           4  standard_data_cmd.o(.bss..L_MergedGlobals)
    chargetC                                 0x20000238   Data           4  standard_data_cmd.o(.bss..L_MergedGlobals)
    ssmbdata                                 0x20000240   Data           8  standard_data_cmd.o(.bss..L_MergedGlobals)
    g_i2cBuffRecv                            0x20000248   Data          36  standard_data_cmd.o(.bss..L_MergedGlobals)
    pmu_sleep_timeout                        0x20000274   Data           1  modules_pmu.o(.bss..L_MergedGlobals)
    ut_com66                                 0x20000278   Data           2  bi2cs_interface.o(.bss..L_MergedGlobals)
    ManufacturingStatus                      0x2000027a   Data           2  bi2cs_interface.o(.bss..L_MergedGlobals)
    OperationStatusA                         0x2000027c   Data           2  bi2cs_interface.o(.bss..L_MergedGlobals)
    t_com09_new                              0x20000280   Data           4  bi2cs_interface.o(.bss..L_MergedGlobals)
    t_com0a_new                              0x20000284   Data           4  bi2cs_interface.o(.bss..L_MergedGlobals)
    t_com08_new                              0x20000288   Data           4  bi2cs_interface.o(.bss..L_MergedGlobals)
    t_com75_new                              0x2000028c   Data           4  bi2cs_interface.o(.bss..L_MergedGlobals)
    t_com8c_new                              0x20000290   Data           4  bi2cs_interface.o(.bss..L_MergedGlobals)
    adfflg                                   0x20000296   Data           2  ram.o(.bss..L_MergedGlobals)
    sdf                                      0x2000029c   Data          60  ram.o(.bss..L_MergedGlobals)
    FLAG_PINGHUA                             0x200002d8   Data           1  datcalc_spl.o(.bss..L_MergedGlobals)
    f_bat_init                               0x200002d9   Data           1  datcalc_spl.o(.bss..L_MergedGlobals)
    dsg_upfcc_keep_temp                      0x200002da   Data           1  datcalc_spl.o(.bss..L_MergedGlobals)
    count_3s                                 0x200002db   Data           1  datcalc_spl.o(.bss..L_MergedGlobals)
    f_count3s_en                             0x200002dc   Data           1  datcalc_spl.o(.bss..L_MergedGlobals)
    f_count3s_en_b                           0x200002dd   Data           1  datcalc_spl.o(.bss..L_MergedGlobals)
    f_ful_chg_once                           0x200002de   Data           1  datcalc_spl.o(.bss..L_MergedGlobals)
    f_chg_last2                              0x200002df   Data           1  datcalc_spl.o(.bss..L_MergedGlobals)
    f_start_add_chg                          0x200002e0   Data           1  datcalc_spl.o(.bss..L_MergedGlobals)
    f_relax_last_dsgupdate_use               0x200002e1   Data           1  datcalc_spl.o(.bss..L_MergedGlobals)
    f_charge_last_dsgupdate_use              0x200002e2   Data           1  datcalc_spl.o(.bss..L_MergedGlobals)
    CellTemp_last_time_update                0x200002e3   Data           1  datcalc_spl.o(.bss..L_MergedGlobals)
    f_bigger_than_zero                       0x200002e4   Data           1  datcalc_spl.o(.bss..L_MergedGlobals)
    f_discharge_last2                        0x200002e5   Data           1  datcalc_spl.o(.bss..L_MergedGlobals)
    f_cp_l_last                              0x200002e6   Data           1  datcalc_spl.o(.bss..L_MergedGlobals)
    f_cp_l_fccupdated                        0x200002e7   Data           1  datcalc_spl.o(.bss..L_MergedGlobals)
    f_cpl_d3_updated                         0x200002e8   Data           1  datcalc_spl.o(.bss..L_MergedGlobals)
    arelearn_cnt                             0x200002e9   Data           1  datcalc_spl.o(.bss..L_MergedGlobals)
    arcflg                                   0x200002ea   Data           1  datcalc_spl.o(.bss..L_MergedGlobals)
    f_cp_h_fccupdated                        0x200002eb   Data           1  datcalc_spl.o(.bss..L_MergedGlobals)
    pinghua_soc_start                        0x200002ec   Data           1  datcalc_spl.o(.bss..L_MergedGlobals)
    buchang_conditon_cnt                     0x200002ed   Data           1  datcalc_spl.o(.bss..L_MergedGlobals)
    f_cp_l_off_delay_count                   0x200002f2   Data           1  datcalc_spl.o(.bss..L_MergedGlobals)
    Count_0volt                              0x200002f3   Data           1  datcalc_spl.o(.bss..L_MergedGlobals)
    isochold1                                0x200002f4   Data           1  datcalc_spl.o(.bss..L_MergedGlobals)
    keep_cur_study_d3                        0x200002f6   Data           2  datcalc_spl.o(.bss..L_MergedGlobals)
    save_fac_dsg_upd                         0x200002f8   Data           2  datcalc_spl.o(.bss..L_MergedGlobals)
    tcph_v                                   0x200002fa   Data           2  datcalc_spl.o(.bss..L_MergedGlobals)
    tcpl_v                                   0x200002fc   Data           2  datcalc_spl.o(.bss..L_MergedGlobals)
    voltage_new                              0x200002fe   Data           2  datcalc_spl.o(.bss..L_MergedGlobals)
    current_dsg_keep                         0x20000300   Data           2  datcalc_spl.o(.bss..L_MergedGlobals)
    dsg_upfcc_keep_current                   0x20000302   Data           2  datcalc_spl.o(.bss..L_MergedGlobals)
    save_dsg_upd_fcc                         0x20000304   Data           2  datcalc_spl.o(.bss..L_MergedGlobals)
    t_com0dlast                              0x20000306   Data           2  datcalc_spl.o(.bss..L_MergedGlobals)
    fcc_last_cpl_pinghua                     0x20000308   Data           2  datcalc_spl.o(.bss..L_MergedGlobals)
    t_com0f_cwh                              0x2000030a   Data           2  datcalc_spl.o(.bss..L_MergedGlobals)
    t_com10_cwh                              0x2000030c   Data           2  datcalc_spl.o(.bss..L_MergedGlobals)
    current_continue_last                    0x2000030e   Data           2  datcalc_spl.o(.bss..L_MergedGlobals)
    CellTemp_continue_last                   0x20000310   Data           2  datcalc_spl.o(.bss..L_MergedGlobals)
    FCC_continue_last                        0x20000312   Data           2  datcalc_spl.o(.bss..L_MergedGlobals)
    tcom10c_w                                0x20000314   Data           2  datcalc_spl.o(.bss..L_MergedGlobals)
    beilv                                    0x20000316   Data           2  datcalc_spl.o(.bss..L_MergedGlobals)
    tcom2a_w                                 0x20000318   Data           2  datcalc_spl.o(.bss..L_MergedGlobals)
    rsoc_enlarge_1000                        0x2000031a   Data           2  datcalc_spl.o(.bss..L_MergedGlobals)
    IdealFcc_last                            0x2000031c   Data           2  datcalc_spl.o(.bss..L_MergedGlobals)
    temp_Current                             0x2000031e   Data           2  datcalc_spl.o(.bss..L_MergedGlobals)
    chg_pinghua_current                      0x20000320   Data           2  datcalc_spl.o(.bss..L_MergedGlobals)
    toldrc                                   0x20000322   Data           2  datcalc_spl.o(.bss..L_MergedGlobals)
    tdfup_cnt                                0x20000324   Data           2  datcalc_spl.o(.bss..L_MergedGlobals)
    tccup                                    0x20000326   Data           2  datcalc_spl.o(.bss..L_MergedGlobals)
    keep_rc_rsoc20                           0x20000328   Data           4  datcalc_spl.o(.bss..L_MergedGlobals)
    cap_accmu_chg_update                     0x2000032c   Data           4  datcalc_spl.o(.bss..L_MergedGlobals)
    leiji                                    0x20000330   Data           4  datcalc_spl.o(.bss..L_MergedGlobals)
    lrc_w_last                               0x20000334   Data           4  datcalc_spl.o(.bss..L_MergedGlobals)
    lrccr_w                                  0x20000338   Data           4  datcalc_spl.o(.bss..L_MergedGlobals)
    lrcdr_w                                  0x2000033c   Data           4  datcalc_spl.o(.bss..L_MergedGlobals)
    lrlstp_cnt                               0x20000340   Data           4  datcalc_spl.o(.bss..L_MergedGlobals)
    accu_chg_cap                             0x20000348   Data           4  datcalc_spl.o(.bss..L_MergedGlobals)
    lmaxerr_cnt                              0x2000034c   Data           4  datcalc_spl.o(.bss..L_MergedGlobals)
    volt_keep                                0x20000350   Data           6  datcalc_spl.o(.bss..L_MergedGlobals)
    Fwrun_Cnt                                0x20000366   Data           2  lifetime.o(.bss..L_MergedGlobals)
    HT_Cnt                                   0x20000368   Data           2  lifetime.o(.bss..L_MergedGlobals)
    HV_Cnt                                   0x2000036a   Data           2  lifetime.o(.bss..L_MergedGlobals)
    HTV_Cnt                                  0x2000036c   Data           2  lifetime.o(.bss..L_MergedGlobals)
    altflg                                   0x2000036e   Data           2  lifetime.o(.bss..L_MergedGlobals)
    LtW_CntW                                 0x20000370   Data           4  lifetime.o(.bss..L_MergedGlobals)
    DF_LifeTime                              0x20000378   Data          54  lifetime.o(.bss..L_MergedGlobals)
    relaxing                                 0x200003b0   Data           1  calc_cvt.o(.bss..L_MergedGlobals)
    AveCurNum                                0x200003b1   Data           1  calc_cvt.o(.bss..L_MergedGlobals)
    aaveragecur_cnt                          0x200003b2   Data           1  calc_cvt.o(.bss..L_MergedGlobals)
    f_Qmax_ctrl                              0x200003b4   Data           1  calc_cvt.o(.bss..L_MergedGlobals)
    SOC_Init                                 0x200003b5   Data           1  calc_cvt.o(.bss..L_MergedGlobals)
    SOC_End                                  0x200003b6   Data           1  calc_cvt.o(.bss..L_MergedGlobals)
    relaxingCnt                              0x200003b8   Data           2  calc_cvt.o(.bss..L_MergedGlobals)
    LastCur                                  0x200003ba   Data           2  calc_cvt.o(.bss..L_MergedGlobals)
    tfc_cnt                                  0x200003bc   Data           2  calc_cvt.o(.bss..L_MergedGlobals)
    AverageCurSum                            0x200003c0   Data           4  calc_cvt.o(.bss..L_MergedGlobals)
    MinFCCCap                                0x200003c4   Data           4  calc_cvt.o(.bss..L_MergedGlobals)
    at_startqmax_cnt                         0x200003c8   Data           4  calc_cvt.o(.bss..L_MergedGlobals)
    at_endqmax_cnt                           0x200003cc   Data           4  calc_cvt.o(.bss..L_MergedGlobals)
    QmaxCapcity_Calc                         0x200003d0   Data           4  calc_cvt.o(.bss..L_MergedGlobals)
    CalcCur                                  0x200003d8   Data           8  calc_cvt.o(.bss..L_MergedGlobals)
    CS_Cnt                                   0x200003e0   Data           2  mode.o(.bss..L_MergedGlobals)
    CS_Cnt1                                  0x200003e2   Data           2  mode.o(.bss..L_MergedGlobals)
    timer_inc_cnt                            0x200003e4   Data           1  task.o(.bss..L_MergedGlobals.1)
    readIPAmes_flag                          0x200003e5   Data           1  task.o(.bss..L_MergedGlobals.1)
    f_ipa_vol                                0x200003e6   Data           1  task.o(.bss..L_MergedGlobals.1)
    f_ipa_temp                               0x200003e7   Data           1  task.o(.bss..L_MergedGlobals.1)
    readCommErr                              0x200003e8   Data           1  task.o(.bss..L_MergedGlobals.1)
    cali_timeout_cnt                         0x200003eb   Data           1  task.o(.bss..L_MergedGlobals.1)
    cc_value_valid                           0x200003ed   Data           1  task.o(.bss..L_MergedGlobals.1)
    t_com86cnt                               0x200003f0   Data           2  task.o(.bss..L_MergedGlobals.1)
    open_IPA                                 0x200003f2   Data           2  task.o(.bss..L_MergedGlobals.1)
    t_com66_FC_cnt                           0x200003f4   Data           2  task.o(.bss..L_MergedGlobals.1)
    t_com62cnt                               0x200003f6   Data           2  task.o(.bss..L_MergedGlobals.1)
    readCommErrCnt                           0x200003f8   Data           2  task.o(.bss..L_MergedGlobals.1)
    alg_run_time_tick                        0x200003fa   Data           2  task.o(.bss..L_MergedGlobals.1)
    currlimit                                0x200003fe   Data           2  task.o(.bss..L_MergedGlobals.1)
    CC_Vadc_value                            0x20000404   Data          12  task.o(.bss..L_MergedGlobals.1)
    CellTemp                                 0x20000410   Data           1  bi2cs_interface.o(.bss.CellTemp)
    CellTemp_use_rsoc                        0x20000411   Data           1  bi2cs_interface.o(.bss.CellTemp_use_rsoc)
    CellVoltRange                            0x20000412   Data           1  mode.o(.bss.CellVoltRange)
    ChargingStatus                           0x20000414   Data           2  bi2cs_interface.o(.bss.ChargingStatus)
    CurrentPower                             0x20000416   Data           2  lifetime.o(.bss.CurrentPower)
    DFUpdate                                 0x20000418   Data           4  data_flash.o(.bss.DFUpdate)
    FVoltage                                 0x2000041c   Data           2  mode.o(.bss.FVoltage)
    Fcc_cpl_temp                             0x2000041e   Data           2  standard_data_cmd.o(.bss.Fcc_cpl_temp)
    GaugingStatus                            0x20000420   Data           2  bi2cs_interface.o(.bss.GaugingStatus)
    I2C_TimeOut_Count                        0x20000422   Data           2  modules_init.o(.bss.I2C_TimeOut_Count)
    IntTemp                                  0x20000424   Data           1  bi2cs_interface.o(.bss.IntTemp)
    OperationStatusB                         0x20000426   Data           2  bi2cs_interface.o(.bss.OperationStatusB)
    ReadRecord                               0x20000428   Data          60  ram.o(.bss.ReadRecord)
    SOCFlagConfig_update_flag                0x20000464   Data           1  data_flash.o(.bss.SOCFlagConfig_update_flag)
    TempRange                                0x20000466   Data           2  bi2cs_interface.o(.bss.TempRange)
    TimesTamp                                0x20000468   Data           4  standard_data_cmd.o(.bss.TimesTamp)
    curr_keep                                0x2000046c   Data           6  datcalc_spl.o(.bss.curr_keep)
    debug_mode_buf                           0x20000472   Data         250  standard_data_cmd.o(.bss.debug_mode_buf)
    fmc_tick_cnt                             0x2000056c   Data           2  modules_fmc.o(.bss.fmc_tick_cnt)
    g_StdCmdData                             0x20000570   Data        1024  bi2cs_interface.o(.bss.g_StdCmdData)
    new_factor                               0x20000970   Data           2  standard_data_cmd.o(.bss.new_factor)
    new_fcc                                  0x20000972   Data           2  standard_data_cmd.o(.bss.new_fcc)
    old_factor                               0x20000974   Data           2  standard_data_cmd.o(.bss.old_factor)
    outer_tinreg                             0x20000976   Data           2  standard_data_cmd.o(.bss.outer_tinreg)
    std_data                                 0x20000978   Data         118  standard_data_cmd.o(.bss.std_data)
    sys_run_time_cnt                         0x200009f0   Data           4  task.o(.bss.sys_run_time_cnt)
    t_com09_rep                              0x200009f4   Data           2  standard_data_cmd.o(.bss.t_com09_rep)
    t_com2c_fcc_cph                          0x200009f6   Data           2  standard_data_cmd.o(.bss.t_com2c_fcc_cph)
    t_com2d_f_study_d3_ful                   0x200009f8   Data           2  standard_data_cmd.o(.bss.t_com2d_f_study_d3_ful)
    t_com2e_ful_dsg_cap                      0x200009fa   Data           2  standard_data_cmd.o(.bss.t_com2e_ful_dsg_cap)
    t_com62Buf                               0x200009fc   Data          34  standard_data_cmd.o(.bss.t_com62Buf)
    t_com84_cwh                              0x20000a1e   Data           2  calc_cvt.o(.bss.t_com84_cwh)
    tabsc                                    0x20000a20   Data           2  bi2cs_interface.o(.bss.tabsc)
    tcom89_new                               0x20000a24   Data           4  bi2cs_interface.o(.bss.tcom89_new)
    temp_CPH_FCC                             0x20000a28   Data           2  standard_data_cmd.o(.bss.temp_CPH_FCC)



==============================================================================

Memory Map of the image

  Image Entry point : 0x00000521

  Load Region LR_IROM1 (Base: 0x00000000, Size: 0x00000120, Max: 0x00000120, ABSOLUTE)

    Execution Region ER_IROM1 (Exec base: 0x00000000, Load base: 0x00000000, Size: 0x00000120, Max: 0x00000120, ABSOLUTE)

    Exec Addr    Load Addr    Size         Type   Attr      Idx    E Section Name        Object

    0x00000000   0x00000000   0x00000080   Data   RO          844    RESET               startup_cbmx56x.o
    0x00000080   0x00000080   0x00000080   PAD
    0x00000100   0x00000100   0x00000004   Data   RO            5    .ARM.__at_0x00000100  main.o
    0x00000104   0x00000104   0x0000000c   PAD
    0x00000110   0x00000110   0x00000010   Data   RO            4    .ARM.__at_0x00000110  main.o



  Load Region LR_IROM2 (Base: 0x00000120, Size: 0x000001b8, Max: 0x00000400, ABSOLUTE, COMPRESSED[0x00000088])

    Execution Region RW_IRAM1 (Exec base: 0x20000000, Load base: 0x00000120, Size: 0x00000e30, Max: 0x00001000, ABSOLUTE, COMPRESSED[0x00000088])

    Exec Addr    Load Addr    Size         Type   Attr      Idx    E Section Name        Object

    0x20000000   COMPRESSED   0x00000002   Data   RW          203    .data..L_MergedGlobals  task.o
    0x20000002   COMPRESSED   0x00000002   Data   RW          706    .data.dis_fac_cpl   datcalc_spl.o
    0x20000004   COMPRESSED   0x00000002   Data   RW          256    .data.fac_fccold_chu_new_cph  standard_data_cmd.o
    0x20000006   COMPRESSED   0x00000002   Data   RW          258    .data.fac_fccold_chu_new_cph_low_temp  standard_data_cmd.o
    0x20000008   COMPRESSED   0x00000002   Data   RW          262    .data.fac_fccold_chu_new_cph_low_temp_xiaobeilv  standard_data_cmd.o
    0x2000000a   COMPRESSED   0x00000002   Data   RW          260    .data.fac_fccold_chu_new_cph_xiaobeilv  standard_data_cmd.o
    0x2000000c   COMPRESSED   0x00000002   Data   RW          255    .data.fac_fccold_chu_new_cpl  standard_data_cmd.o
    0x2000000e   COMPRESSED   0x00000002   Data   RW          257    .data.fac_fccold_chu_new_cpl_low_temp  standard_data_cmd.o
    0x20000010   COMPRESSED   0x00000002   Data   RW          261    .data.fac_fccold_chu_new_cpl_low_temp_xiaobeilv  standard_data_cmd.o
    0x20000012   COMPRESSED   0x00000002   Data   RW          259    .data.fac_fccold_chu_new_cpl_xiaobeilv  standard_data_cmd.o
    0x20000014   COMPRESSED   0x00000002   Data   RW          738    .data.lt_test       lifetime.o
    0x20000016   COMPRESSED   0x00000002   PAD
    0x20000018   COMPRESSED   0x00000190   Data   RW          267    .data.pCMDAddress   standard_data_cmd.o
    0x200001a8   COMPRESSED   0x00000001   Data   RW          526    .data.pmu_period_time  modules_pmu.o
    0x200001a9   COMPRESSED   0x00000001   Data   RW          140    .data.protocol_type  isr.o
    0x200001aa   COMPRESSED   0x00000002   Data   RW          251    .data.t_ChargingVoltage  standard_data_cmd.o
    0x200001ac   COMPRESSED   0x00000002   Data   RW          266    .data.xiaobeilv_last_high_temp_cph  standard_data_cmd.o
    0x200001ae   COMPRESSED   0x00000002   Data   RW          264    .data.xiaobeilv_last_high_temp_cpl  standard_data_cmd.o
    0x200001b0   COMPRESSED   0x00000002   Data   RW          265    .data.xiaobeilv_last_low_temp_cph  standard_data_cmd.o
    0x200001b2   COMPRESSED   0x00000002   Data   RW          263    .data.xiaobeilv_last_low_temp_cpl  standard_data_cmd.o
    0x200001b4   COMPRESSED   0x00000004   PAD
    0x200001b8        -       0x00000060   Zero   RW         1581    .bss                c_p.l(libspace.o)
    0x20000218        -       0x00000003   Zero   RW           78    .bss..L_MergedGlobals  comm_protocol.o
    0x2000021b   COMPRESSED   0x00000005   PAD
    0x20000220        -       0x0000004c   Zero   RW          289    .bss..L_MergedGlobals  standard_data_cmd.o
    0x2000026c        -       0x00000008   Zero   RW          427    .bss..L_MergedGlobals  modules_current.o
    0x20000274        -       0x00000003   Zero   RW          527    .bss..L_MergedGlobals  modules_pmu.o
    0x20000277   COMPRESSED   0x00000001   PAD
    0x20000278        -       0x0000001c   Zero   RW          622    .bss..L_MergedGlobals  bi2cs_interface.o
    0x20000294        -       0x00000044   Zero   RW          648    .bss..L_MergedGlobals  ram.o
    0x200002d8        -       0x0000007e   Zero   RW          715    .bss..L_MergedGlobals  datcalc_spl.o
    0x20000356   COMPRESSED   0x00000002   PAD
    0x20000358        -       0x00000056   Zero   RW          741    .bss..L_MergedGlobals  lifetime.o
    0x200003ae   COMPRESSED   0x00000002   PAD
    0x200003b0        -       0x00000030   Zero   RW          765    .bss..L_MergedGlobals  calc_cvt.o
    0x200003e0        -       0x00000004   Zero   RW          788    .bss..L_MergedGlobals  mode.o
    0x200003e4        -       0x0000002c   Zero   RW          204    .bss..L_MergedGlobals.1  task.o
    0x20000410        -       0x00000001   Zero   RW          617    .bss.CellTemp       bi2cs_interface.o
    0x20000411        -       0x00000001   Zero   RW          618    .bss.CellTemp_use_rsoc  bi2cs_interface.o
    0x20000412        -       0x00000001   Zero   RW          787    .bss.CellVoltRange  mode.o
    0x20000413   COMPRESSED   0x00000001   PAD
    0x20000414        -       0x00000002   Zero   RW          613    .bss.ChargingStatus  bi2cs_interface.o
    0x20000416        -       0x00000002   Zero   RW          740    .bss.CurrentPower   lifetime.o
    0x20000418        -       0x00000004   Zero   RW          100    .bss.DFUpdate       data_flash.o
    0x2000041c        -       0x00000002   Zero   RW          786    .bss.FVoltage       mode.o
    0x2000041e        -       0x00000002   Zero   RW          269    .bss.Fcc_cpl_temp   standard_data_cmd.o
    0x20000420        -       0x00000002   Zero   RW          612    .bss.GaugingStatus  bi2cs_interface.o
    0x20000422        -       0x00000002   Zero   RW          507    .bss.I2C_TimeOut_Count  modules_init.o
    0x20000424        -       0x00000001   Zero   RW          619    .bss.IntTemp        bi2cs_interface.o
    0x20000425   COMPRESSED   0x00000001   PAD
    0x20000426        -       0x00000002   Zero   RW          614    .bss.OperationStatusB  bi2cs_interface.o
    0x20000428        -       0x0000003c   Zero   RW          647    .bss.ReadRecord     ram.o
    0x20000464        -       0x00000001   Zero   RW           99    .bss.SOCFlagConfig_update_flag  data_flash.o
    0x20000465   COMPRESSED   0x00000001   PAD
    0x20000466        -       0x00000002   Zero   RW          615    .bss.TempRange      bi2cs_interface.o
    0x20000468        -       0x00000004   Zero   RW          254    .bss.TimesTamp      standard_data_cmd.o
    0x2000046c        -       0x00000006   Zero   RW          707    .bss.curr_keep      datcalc_spl.o
    0x20000472        -       0x000000fa   Zero   RW          276    .bss.debug_mode_buf  standard_data_cmd.o
    0x2000056c        -       0x00000002   Zero   RW          444    .bss.fmc_tick_cnt   modules_fmc.o
    0x2000056e   COMPRESSED   0x00000002   PAD
    0x20000570        -       0x00000400   Zero   RW          611    .bss.g_StdCmdData   bi2cs_interface.o
    0x20000970        -       0x00000002   Zero   RW          284    .bss.new_factor     standard_data_cmd.o
    0x20000972        -       0x00000002   Zero   RW          286    .bss.new_fcc        standard_data_cmd.o
    0x20000974        -       0x00000002   Zero   RW          283    .bss.old_factor     standard_data_cmd.o
    0x20000976        -       0x00000002   Zero   RW          288    .bss.outer_tinreg   standard_data_cmd.o
    0x20000978        -       0x00000076   Zero   RW          278    .bss.std_data       standard_data_cmd.o
    0x200009ee   COMPRESSED   0x00000002   PAD
    0x200009f0        -       0x00000004   Zero   RW          189    .bss.sys_run_time_cnt  task.o
    0x200009f4        -       0x00000002   Zero   RW          268    .bss.t_com09_rep    standard_data_cmd.o
    0x200009f6        -       0x00000002   Zero   RW          270    .bss.t_com2c_fcc_cph  standard_data_cmd.o
    0x200009f8        -       0x00000002   Zero   RW          271    .bss.t_com2d_f_study_d3_ful  standard_data_cmd.o
    0x200009fa        -       0x00000002   Zero   RW          272    .bss.t_com2e_ful_dsg_cap  standard_data_cmd.o
    0x200009fc        -       0x00000022   Zero   RW          252    .bss.t_com62Buf     standard_data_cmd.o
    0x20000a1e        -       0x00000002   Zero   RW          764    .bss.t_com84_cwh    calc_cvt.o
    0x20000a20        -       0x00000002   Zero   RW          616    .bss.tabsc          bi2cs_interface.o
    0x20000a22   COMPRESSED   0x00000002   PAD
    0x20000a24        -       0x00000004   Zero   RW          620    .bss.tcom89_new     bi2cs_interface.o
    0x20000a28        -       0x00000002   Zero   RW          287    .bss.temp_CPH_FCC   standard_data_cmd.o
    0x20000a2a   COMPRESSED   0x00000006   PAD
    0x20000a30        -       0x00000000   Zero   RW          843    HEAP                startup_cbmx56x.o
    0x20000a30        -       0x00000400   Zero   RW          842    STACK               startup_cbmx56x.o



  Load Region LR_IROM3 (Base: 0x00000520, Size: 0x0000ead4, Max: 0x0000f000, ABSOLUTE)

    Execution Region ER_IROM3 (Exec base: 0x00000520, Load base: 0x00000520, Size: 0x0000ead4, Max: 0x0000f000, ABSOLUTE)

    Exec Addr    Load Addr    Size         Type   Attr      Idx    E Section Name        Object

    0x00000520   0x00000520   0x00000008   Code   RO         1476  * !!!main             c_p.l(__main.o)
    0x00000528   0x00000528   0x0000003c   Code   RO         1720    !!!scatter          c_p.l(__scatter.o)
    0x00000564   0x00000564   0x0000001c   Code   RO         1722    !!handler_zi        c_p.l(__scatter_zi.o)
    0x00000580   0x00000580   0x00000002   Code   RO         1575    .ARM.Collect$$libinit$$00000000  c_p.l(libinit.o)
    0x00000582   0x00000582   0x00000000   Code   RO         1593    .ARM.Collect$$libinit$$00000002  c_p.l(libinit2.o)
    0x00000582   0x00000582   0x00000000   Code   RO         1595    .ARM.Collect$$libinit$$00000004  c_p.l(libinit2.o)
    0x00000582   0x00000582   0x00000000   Code   RO         1598    .ARM.Collect$$libinit$$0000000A  c_p.l(libinit2.o)
    0x00000582   0x00000582   0x00000000   Code   RO         1600    .ARM.Collect$$libinit$$0000000C  c_p.l(libinit2.o)
    0x00000582   0x00000582   0x00000000   Code   RO         1602    .ARM.Collect$$libinit$$0000000E  c_p.l(libinit2.o)
    0x00000582   0x00000582   0x00000000   Code   RO         1605    .ARM.Collect$$libinit$$00000011  c_p.l(libinit2.o)
    0x00000582   0x00000582   0x00000000   Code   RO         1607    .ARM.Collect$$libinit$$00000013  c_p.l(libinit2.o)
    0x00000582   0x00000582   0x00000000   Code   RO         1609    .ARM.Collect$$libinit$$00000015  c_p.l(libinit2.o)
    0x00000582   0x00000582   0x00000000   Code   RO         1611    .ARM.Collect$$libinit$$00000017  c_p.l(libinit2.o)
    0x00000582   0x00000582   0x00000000   Code   RO         1613    .ARM.Collect$$libinit$$00000019  c_p.l(libinit2.o)
    0x00000582   0x00000582   0x00000000   Code   RO         1615    .ARM.Collect$$libinit$$0000001B  c_p.l(libinit2.o)
    0x00000582   0x00000582   0x00000000   Code   RO         1617    .ARM.Collect$$libinit$$0000001D  c_p.l(libinit2.o)
    0x00000582   0x00000582   0x00000000   Code   RO         1619    .ARM.Collect$$libinit$$0000001F  c_p.l(libinit2.o)
    0x00000582   0x00000582   0x00000000   Code   RO         1621    .ARM.Collect$$libinit$$00000021  c_p.l(libinit2.o)
    0x00000582   0x00000582   0x00000000   Code   RO         1623    .ARM.Collect$$libinit$$00000023  c_p.l(libinit2.o)
    0x00000582   0x00000582   0x00000000   Code   RO         1625    .ARM.Collect$$libinit$$00000025  c_p.l(libinit2.o)
    0x00000582   0x00000582   0x00000000   Code   RO         1629    .ARM.Collect$$libinit$$0000002C  c_p.l(libinit2.o)
    0x00000582   0x00000582   0x00000000   Code   RO         1631    .ARM.Collect$$libinit$$0000002E  c_p.l(libinit2.o)
    0x00000582   0x00000582   0x00000000   Code   RO         1633    .ARM.Collect$$libinit$$00000030  c_p.l(libinit2.o)
    0x00000582   0x00000582   0x00000000   Code   RO         1635    .ARM.Collect$$libinit$$00000032  c_p.l(libinit2.o)
    0x00000582   0x00000582   0x00000002   Code   RO         1636    .ARM.Collect$$libinit$$00000033  c_p.l(libinit2.o)
    0x00000584   0x00000584   0x00000002   Code   RO         1673    .ARM.Collect$$libshutdown$$00000000  c_p.l(libshutdown.o)
    0x00000586   0x00000586   0x00000000   Code   RO         1701    .ARM.Collect$$libshutdown$$00000002  c_p.l(libshutdown2.o)
    0x00000586   0x00000586   0x00000000   Code   RO         1703    .ARM.Collect$$libshutdown$$00000004  c_p.l(libshutdown2.o)
    0x00000586   0x00000586   0x00000000   Code   RO         1706    .ARM.Collect$$libshutdown$$00000007  c_p.l(libshutdown2.o)
    0x00000586   0x00000586   0x00000000   Code   RO         1709    .ARM.Collect$$libshutdown$$0000000A  c_p.l(libshutdown2.o)
    0x00000586   0x00000586   0x00000000   Code   RO         1711    .ARM.Collect$$libshutdown$$0000000C  c_p.l(libshutdown2.o)
    0x00000586   0x00000586   0x00000000   Code   RO         1714    .ARM.Collect$$libshutdown$$0000000F  c_p.l(libshutdown2.o)
    0x00000586   0x00000586   0x00000002   Code   RO         1715    .ARM.Collect$$libshutdown$$00000010  c_p.l(libshutdown2.o)
    0x00000588   0x00000588   0x00000000   Code   RO         1524    .ARM.Collect$$rtentry$$00000000  c_p.l(__rtentry.o)
    0x00000588   0x00000588   0x00000000   Code   RO         1543    .ARM.Collect$$rtentry$$00000002  c_p.l(__rtentry2.o)
    0x00000588   0x00000588   0x00000006   Code   RO         1555    .ARM.Collect$$rtentry$$00000004  c_p.l(__rtentry4.o)
    0x0000058e   0x0000058e   0x00000000   Code   RO         1545    .ARM.Collect$$rtentry$$00000009  c_p.l(__rtentry2.o)
    0x0000058e   0x0000058e   0x00000004   Code   RO         1546    .ARM.Collect$$rtentry$$0000000A  c_p.l(__rtentry2.o)
    0x00000592   0x00000592   0x00000000   Code   RO         1548    .ARM.Collect$$rtentry$$0000000C  c_p.l(__rtentry2.o)
    0x00000592   0x00000592   0x00000008   Code   RO         1549    .ARM.Collect$$rtentry$$0000000D  c_p.l(__rtentry2.o)
    0x0000059a   0x0000059a   0x00000002   Code   RO         1584    .ARM.Collect$$rtexit$$00000000  c_p.l(rtexit.o)
    0x0000059c   0x0000059c   0x00000000   Code   RO         1644    .ARM.Collect$$rtexit$$00000002  c_p.l(rtexit2.o)
    0x0000059c   0x0000059c   0x00000004   Code   RO         1645    .ARM.Collect$$rtexit$$00000003  c_p.l(rtexit2.o)
    0x000005a0   0x000005a0   0x00000006   Code   RO         1646    .ARM.Collect$$rtexit$$00000004  c_p.l(rtexit2.o)
    0x000005a6   0x000005a6   0x00000002   PAD
    0x000005a8   0x000005a8   0x00000038   Code   RO         1460    .emb_text           c_p.l(rt_memcpy.o)
    0x000005e0   0x000005e0   0x00000034   Code   RO          845    .text               startup_cbmx56x.o
    0x00000614   0x00000614   0x00000006   Code   RO         1474    .text               c_p.l(heapauxi.o)
    0x0000061a   0x0000061a   0x00000002   Code   RO         1662    .text               c_p.l(use_no_semi.o)
    0x0000061c   0x0000061c   0x00000000   Code   RO         1664    .text               c_p.l(indicate_semi.o)
    0x0000061c   0x0000061c   0x00000002   Code   RO          120    .text.HardFault_Handler  isr.o
    0x0000061e   0x0000061e   0x00000002   Code   RO          118    .text.NMI_Handler   isr.o
    0x00000620   0x00000620   0x00000004   Data   RO            6    .ARM.__at_0x00000620  main.o
    0x00000624   0x00000624   0x00000030   Code   RO         1454    .text               c_p.l(llmul.o)
    0x00000654   0x00000654   0x000000a6   Code   RO         1456    .text               c_p.l(llsdiv.o)
    0x000006fa   0x000006fa   0x0000005a   Code   RO         1458    .text               c_p.l(memcmp.o)
    0x00000754   0x00000754   0x00000082   Code   RO         1461    .text               c_p.l(rt_memcpy.o)
    0x000007d6   0x000007d6   0x00000040   Code   RO         1464    .text               c_p.l(rt_memclr.o)
    0x00000816   0x00000816   0x00000002   PAD
    0x00000818   0x00000818   0x000001f8   Code   RO         1466    .text               c_p.l(aeabi_sdivfast.o)
    0x00000a10   0x00000a10   0x00000358   Code   RO         1478    .text               fz_ps.l(daddsub.o)
    0x00000d68   0x00000d68   0x00000448   Code   RO         1492    .text               fz_ps.l(ddiv.o)
    0x000011b0   0x000011b0   0x0000006c   Code   RO         1495    .text               fz_ps.l(dfixi.o)
    0x0000121c   0x0000121c   0x00000048   Code   RO         1497    .text               fz_ps.l(dfixui.o)
    0x00001264   0x00001264   0x00000058   Code   RO         1499    .text               fz_ps.l(dflti.o)
    0x000012bc   0x000012bc   0x00000084   Code   RO         1501    .text               fz_ps.l(dfltl.o)
    0x00001340   0x00001340   0x00000248   Code   RO         1503    .text               fz_ps.l(dmul.o)
    0x00001588   0x00001588   0x0000004c   Code   RO         1514    .text               fz_ps.l(ffixi.o)
    0x000015d4   0x000015d4   0x0000005e   Code   RO         1518    .text               fz_ps.l(fflti.o)
    0x00001632   0x00001632   0x00000110   Code   RO         1533    .text               c_p.l(lludiv.o)
    0x00001742   0x00001742   0x00000002   PAD
    0x00001744   0x00001744   0x000000a0   Code   RO         1559    .text               fz_ps.l(dcmpin.o)
    0x000017e4   0x000017e4   0x0000003e   Code   RO         1561    .text               c_p.l(sys_stackheap_outer.o)
    0x00001822   0x00001822   0x00000010   Code   RO         1564    .text               c_p.l(exit.o)
    0x00001832   0x00001832   0x0000002e   Code   RO         1576    .text               fz_ps.l(cmpret.o)
    0x00001860   0x00001860   0x00000014   Code   RO         1578    .text               fz_ps.l(dnan2.o)
    0x00001874   0x00001874   0x00000008   Code   RO         1580    .text               c_p.l(libspace.o)
    0x0000187c   0x0000187c   0x0000005e   Code   RO         1637    .text               fz_ps.l(retnan.o)
    0x000018da   0x000018da   0x00000002   PAD
    0x000018dc   0x000018dc   0x0000000c   Code   RO         1639    .text               c_p.l(sys_exit.o)
    0x000018e8   0x000018e8   0x00000056   Code   RO         1718    .text               c_p.l(__dczerorl2.o)
    0x0000193e   0x0000193e   0x00000018   Code   RO          213    .text.A_Div_B       utility.o
    0x00001956   0x00001956   0x00000014   Code   RO          132    .text.CC_IRQHandler  isr.o
    0x0000196a   0x0000196a   0x00000002   PAD
    0x0000196c   0x0000196c   0x00000074   Code   RO          752    .text.Calc_ATTE     calc_cvt.o
    0x000019e0   0x000019e0   0x00000064   Code   RO          754    .text.Calc_ATTF     calc_cvt.o
    0x00001a44   0x00001a44   0x000000f4   Code   RO          750    .text.Calc_AvgCur   calc_cvt.o
    0x00001b38   0x00001b38   0x000001ac   Code   RO          699    .text.Calc_CC       datcalc_spl.o
    0x00001ce4   0x00001ce4   0x0000068c   Code   RO          663    .text.Calc_CPVolt   datcalc_spl.o
    0x00002370   0x00002370   0x00000138   Code   RO          756    .text.Calc_FullCharge  calc_cvt.o
    0x000024a8   0x000024a8   0x000003fc   Code   RO          679    .text.Calc_HoseiRC  datcalc_spl.o
    0x000028a4   0x000028a4   0x000006cc   Code   RO          762    .text.Calc_QMax     calc_cvt.o
    0x00002f70   0x00002f70   0x0000069c   Code   RO          693    .text.Calc_RC       datcalc_spl.o
    0x0000360c   0x0000360c   0x000001b4   Code   RO          675    .text.Calc_RSOC     datcalc_spl.o
    0x000037c0   0x000037c0   0x000001b0   Code   RO          661    .text.Calc_factor_of_fcc  datcalc_spl.o
    0x00003970   0x00003970   0x00000254   Code   RO          691    .text.Calc_fulchg_fuldsg_cap  datcalc_spl.o
    0x00003bc4   0x00003bc4   0x000000e0   Code   RO          687    .text.Calc_iRSOC    datcalc_spl.o
    0x00003ca4   0x00003ca4   0x00000178   Code   RO          760    .text.DCR_Mode      calc_cvt.o
    0x00003e1c   0x00003e1c   0x00000514   Code   RO           97    .text.DFUdata_Chk   data_flash.o
    0x00004330   0x00004330   0x0000000a   Code   RO          637    .text.DF_Erase_A    ram.o
    0x0000433a   0x0000433a   0x0000000a   Code   RO          639    .text.DF_Erase_B    ram.o
    0x00004344   0x00004344   0x00000174   Code   RO          645    .text.DF_Read       ram.o
    0x000044b8   0x000044b8   0x000001ac   Code   RO          641    .text.DF_Write      ram.o
    0x00004664   0x00004664   0x000002a0   Code   RO          671    .text.Dsg_Update_FCC  datcalc_spl.o
    0x00004904   0x00004904   0x00000150   Code   RO          673    .text.Dsg_Update_work  datcalc_spl.o
    0x00004a54   0x00004a54   0x00000044   Code   RO          890    .text.ECCComm       MyI2C.lib(myi2c.o)
    0x00004a98   0x00004a98   0x00000070   Code   RO          681    .text.FCC_Limit_Chk  datcalc_spl.o
    0x00004b08   0x00004b08   0x00000008   Code   RO          217    .text.Fabs          utility.o
    0x00004b10   0x00004b10   0x00000060   Code   RO          782    .text.FlagStatus    mode.o
    0x00004b70   0x00004b70   0x00000198   Code   RO          758    .text.FullCharge    calc_cvt.o
    0x00004d08   0x00004d08   0x00000024   Code   RO          136    .text.I2C_IRQHandler  isr.o
    0x00004d2c   0x00004d2c   0x000001e8   Code   RO          888    .text.IIC_ReadIpa   MyI2C.lib(myi2c.o)
    0x00004f14   0x00004f14   0x000001d2   Code   RO          884    .text.IIC_ReadReg   MyI2C.lib(myi2c.o)
    0x000050e6   0x000050e6   0x000001d4   Code   RO          886    .text.IIC_WriteIpa  MyI2C.lib(myi2c.o)
    0x000052ba   0x000052ba   0x00000002   PAD
    0x000052bc   0x000052bc   0x000000b8   Code   RO          465    .text.IIC_timeout_process  modules_init.o
    0x00005374   0x00005374   0x0000000c   Code   RO          894    .text.IPHSeril      MyI2C.lib(myi2c.o)
    0x00005380   0x00005380   0x00000032   Code   RO          892    .text.IPhVerify     MyI2C.lib(myi2c.o)
    0x000053b2   0x000053b2   0x00000002   PAD
    0x000053b4   0x000053b4   0x000002b0   Code   RO          701    .text.Init_Cap      datcalc_spl.o
    0x00005664   0x00005664   0x0000000a   Code   RO          726    .text.LT_Erase_A    lifetime.o
    0x0000566e   0x0000566e   0x0000000a   Code   RO          728    .text.LT_Erase_B    lifetime.o
    0x00005678   0x00005678   0x00000430   Code   RO          724    .text.LifeTime_Calc  lifetime.o
    0x00005aa8   0x00005aa8   0x00000178   Code   RO          730    .text.LifeTime_Read  lifetime.o
    0x00005c20   0x00005c20   0x00000250   Code   RO          732    .text.LifeTime_Write  lifetime.o
    0x00005e70   0x00005e70   0x00000044   Code   RO          665    .text.Make_RC       datcalc_spl.o
    0x00005eb4   0x00005eb4   0x000002f4   Code   RO          683    .text.Make_Relearning  datcalc_spl.o
    0x000061a8   0x000061a8   0x00000500   Code   RO          685    .text.Make_Relearning_cpl  datcalc_spl.o
    0x000066a8   0x000066a8   0x0000004c   Code   RO          667    .text.Make_iRC      datcalc_spl.o
    0x000066f4   0x000066f4   0x00000068   Code   RO          856    .text.MyI2C_Init    MyI2C.lib(myi2c.o)
    0x0000675c   0x0000675c   0x000000b6   Code   RO          880    .text.MyI2C_ReceiveAck  MyI2C.lib(myi2c.o)
    0x00006812   0x00006812   0x000000b2   Code   RO          874    .text.MyI2C_ReceiveByte  MyI2C.lib(myi2c.o)
    0x000068c4   0x000068c4   0x00000078   Code   RO          878    .text.MyI2C_SendAck  MyI2C.lib(myi2c.o)
    0x0000693c   0x0000693c   0x00000080   Code   RO          876    .text.MyI2C_SendByte  MyI2C.lib(myi2c.o)
    0x000069bc   0x000069bc   0x000000ce   Code   RO          870    .text.MyI2C_Start   MyI2C.lib(myi2c.o)
    0x00006a8a   0x00006a8a   0x00000078   Code   RO          872    .text.MyI2C_Stop    MyI2C.lib(myi2c.o)
    0x00006b02   0x00006b02   0x00000002   PAD
    0x00006b04   0x00006b04   0x00000020   Code   RO          138    .text.PA_IRQHandler  isr.o
    0x00006b24   0x00006b24   0x00000002   Code   RO          124    .text.PendSV_Handler  isr.o
    0x00006b26   0x00006b26   0x00000002   PAD
    0x00006b28   0x00006b28   0x000001c0   Code   RO          241    .text.ReadFlashData  standard_data_cmd.o
    0x00006ce8   0x00006ce8   0x00000002   Code   RO          122    .text.SVC_Handler   isr.o
    0x00006cea   0x00006cea   0x00000002   PAD
    0x00006cec   0x00006cec   0x000005ec   Code   RO          784    .text.Set_CCCV      mode.o
    0x000072d8   0x000072d8   0x0000078c   Code   RO          249    .text.SubCmdProcess  standard_data_cmd.o
    0x00007a64   0x00007a64   0x00000002   Code   RO          126    .text.SysTick_Handler  isr.o
    0x00007a66   0x00007a66   0x00000002   PAD
    0x00007a68   0x00007a68   0x0000001c   Code   RO          833    .text.SystemInit    system_cbmx56x.o
    0x00007a84   0x00007a84   0x0000038c   Code   RO          780    .text.TFStatus      mode.o
    0x00007e10   0x00007e10   0x00000008   Code   RO          128    .text.TMR1_IRQHandler  isr.o
    0x00007e18   0x00007e18   0x00000144   Code   RO          774    .text.TemperatureRangeJudge  mode.o
    0x00007f5c   0x00007f5c   0x00000054   Code   RO          736    .text.Timestamp     lifetime.o
    0x00007fb0   0x00007fb0   0x00000014   Code   RO          134    .text.VADC_IRQHandler  isr.o
    0x00007fc4   0x00007fc4   0x00000084   Code   RO          481    .text.VADC_init     modules_init.o
    0x00008048   0x00008048   0x0000017c   Code   RO          776    .text.VoltageRangeJudge  mode.o
    0x000081c4   0x000081c4   0x00000028   Code   RO          493    .text.address_gpio_disable_irq  modules_init.o
    0x000081ec   0x000081ec   0x00000008   Code   RO          400    .text.app_handle_task  app_task.o
    0x000081f4   0x000081f4   0x000000ac   Code   RO          398    .text.app_init      app_task.o
    0x000082a0   0x000082a0   0x0000008c   Code   RO          181    .text.app_task_isr_process  task.o
    0x0000832c   0x0000832c   0x000000cc   Code   RO          183    .text.app_task_loop  task.o
    0x000083f8   0x000083f8   0x0000031c   Code   RO          582    .text.bi2cs_dataCmd_Save  bi2cs_interface.o
    0x00008714   0x00008714   0x000004e0   Code   RO          580    .text.bi2cs_dataCmd_init  bi2cs_interface.o
    0x00008bf4   0x00008bf4   0x00000034   Code   RO          455    .text.block_delay_ms  modules_init.o
    0x00008c28   0x00008c28   0x0000008a   Code   RO           39    .text.cal_crc8_check  comm_protocol.o
    0x00008cb2   0x00008cb2   0x00000002   PAD
    0x00008cb4   0x00008cb4   0x00000018   Code   RO          958    .text.cc_ccidr_get  cbmx56x.lib(cbmx56x_cc.o)
    0x00008ccc   0x00008ccc   0x00000018   Code   RO          928    .text.cc_chop_enable_ctrl  cbmx56x.lib(cbmx56x_cc.o)
    0x00008ce4   0x00008ce4   0x00000014   Code   RO          940    .text.cc_down_sampling_rate_set  cbmx56x.lib(cbmx56x_cc.o)
    0x00008cf8   0x00008cf8   0x00000024   Code   RO          912    .text.cc_enable_ctrl  cbmx56x.lib(cbmx56x_cc.o)
    0x00008d1c   0x00008d1c   0x00000128   Code   RO          956    .text.cc_get_current  cbmx56x.lib(cbmx56x_cc.o)
    0x00008e44   0x00008e44   0x00000014   Code   RO          936    .text.cc_gtc_set    cbmx56x.lib(cbmx56x_cc.o)
    0x00008e58   0x00008e58   0x00000038   Code   RO          908    .text.cc_init       cbmx56x.lib(cbmx56x_cc.o)
    0x00008e90   0x00008e90   0x0000001c   Code   RO          948    .text.cc_interrupt_config  cbmx56x.lib(cbmx56x_cc.o)
    0x00008eac   0x00008eac   0x0000000c   Code   RO          954    .text.cc_intetrrupt_flag_clear  cbmx56x.lib(cbmx56x_cc.o)
    0x00008eb8   0x00008eb8   0x00000014   Code   RO          952    .text.cc_intetrrupt_status_get  cbmx56x.lib(cbmx56x_cc.o)
    0x00008ecc   0x00008ecc   0x00000018   Code   RO          930    .text.cc_opchop_enable_ctrl  cbmx56x.lib(cbmx56x_cc.o)
    0x00008ee4   0x00008ee4   0x00000008   Code   RO          187    .text.cc_start_connection  task.o
    0x00008eec   0x00008eec   0x00000018   Code   RO          914    .text.cc_stop_mode_set  cbmx56x.lib(cbmx56x_cc.o)
    0x00008f04   0x00008f04   0x00000018   Code   RO          934    .text.cc_vcm_set    cbmx56x.lib(cbmx56x_cc.o)
    0x00008f1c   0x00008f1c   0x000000dc   Code   RO           47    .text.check_rx_data_packet  comm_protocol.o
    0x00008ff8   0x00008ff8   0x00000118   Code   RO          689    .text.chg_pinghua   datcalc_spl.o
    0x00009110   0x00009110   0x00000018   Code   RO          459    .text.clear_dog     modules_init.o
    0x00009128   0x00009128   0x0000001c   Code   RO          970    .text.crc_def_init  cbmx56x.lib(cbmx56x_crc.o)
    0x00009144   0x00009144   0x000000cc   Code   RO           93    .text.data_memory_read_fun  data_flash.o
    0x00009210   0x00009210   0x000000c0   Code   RO           95    .text.data_memory_write_fun  data_flash.o
    0x000092d0   0x000092d0   0x00000110   Code   RO           57    .text.filled_authen_cmd  comm_protocol.o
    0x000093e0   0x000093e0   0x000000cc   Code   RO           63    .text.filled_calibration_enable_cmd  comm_protocol.o
    0x000094ac   0x000094ac   0x000000ec   Code   RO           51    .text.filled_connected_cmd  comm_protocol.o
    0x00009598   0x00009598   0x000000d0   Code   RO           53    .text.filled_disconnected_cmd  comm_protocol.o
    0x00009668   0x00009668   0x00000108   Code   RO           49    .text.filled_info_cmd  comm_protocol.o
    0x00009770   0x00009770   0x000000d8   Code   RO           67    .text.filled_jump_cmd  comm_protocol.o
    0x00009848   0x00009848   0x000000d0   Code   RO           69    .text.filled_unlock_memory_cmd  comm_protocol.o
    0x00009918   0x00009918   0x000000d8   Code   RO           65    .text.filled_write_calibration_value_cmd  comm_protocol.o
    0x000099f0   0x000099f0   0x000000e0   Code   RO         1004    .text.flash_get_ChipUID_value  cbmx56x.lib(cbmx56x_flash.o)
    0x00009ad0   0x00009ad0   0x00000064   Code   RO         1010    .text.flash_init    cbmx56x.lib(cbmx56x_flash.o)
    0x00009b34   0x00009b34   0x00000024   Code   RO         1014    .text.flash_last_operation_wait  cbmx56x.lib(cbmx56x_flash.o)
    0x00009b58   0x00009b58   0x0000005c   Code   RO         1018    .text.flash_page_erase  cbmx56x.lib(cbmx56x_flash.o)
    0x00009bb4   0x00009bb4   0x000000a4   Code   RO         1006    .text.flash_page_read  cbmx56x.lib(cbmx56x_flash.o)
    0x00009c58   0x00009c58   0x000000e0   Code   RO         1020    .text.flash_page_write  cbmx56x.lib(cbmx56x_flash.o)
    0x00009d38   0x00009d38   0x00000014   Code   RO         1008    .text.flash_wait_counter_set  cbmx56x.lib(cbmx56x_flash.o)
    0x00009d4c   0x00009d4c   0x00000026   Code   RO          440    .text.fmc_page_erase  modules_fmc.o
    0x00009d72   0x00009d72   0x00000076   Code   RO          438    .text.fmc_read_flash  modules_fmc.o
    0x00009de8   0x00009de8   0x000000b4   Code   RO          442    .text.fmc_write_flash  modules_fmc.o
    0x00009e9c   0x00009e9c   0x00000016   Code   RO          185    .text.fristsample   task.o
    0x00009eb2   0x00009eb2   0x00000002   PAD
    0x00009eb4   0x00009eb4   0x0000010c   Code   RO          522    .text.fw_pmu_proc   modules_pmu.o
    0x00009fc0   0x00009fc0   0x00000020   Code   RO          516    .text.fw_pmu_set_run_mode  modules_pmu.o
    0x00009fe0   0x00009fe0   0x00000008   Code   RO         1052    .text.gcr_reg_lock  cbmx56x.lib(cbmx56x_gcr.o)
    0x00009fe8   0x00009fe8   0x00000014   Code   RO         1050    .text.gcr_reg_unlock  cbmx56x.lib(cbmx56x_gcr.o)
    0x00009ffc   0x00009ffc   0x00000030   Code   RO          159    .text.get_chip_uid  task.o
    0x0000a02c   0x0000a02c   0x0000000c   Code   RO          165    .text.get_high_speed_current  task.o
    0x0000a038   0x0000a038   0x0000000c   Code   RO          231    .text.get_iic_rx_handle_type  standard_data_cmd.o
    0x0000a044   0x0000a044   0x00000022   Code   RO           43    .text.get_new_random  comm_protocol.o
    0x0000a066   0x0000a066   0x00000002   PAD
    0x0000a068   0x0000a068   0x0000000c   Code   RO          520    .text.get_pmu_period_time  modules_pmu.o
    0x0000a074   0x0000a074   0x0000000c   Code   RO          149    .text.get_sys_run_time  task.o
    0x0000a080   0x0000a080   0x00000004   Code   RO          320    .text.get_sys_seal_type  block_command.o
    0x0000a084   0x0000a084   0x00000010   Code   RO         1073    .text.gpio_bit_value_read  cbmx56x.lib(cbmx56x_gpio.o)
    0x0000a094   0x0000a094   0x00000018   Code   RO         1079    .text.gpio_bit_write  cbmx56x.lib(cbmx56x_gpio.o)
    0x0000a0ac   0x0000a0ac   0x00000088   Code   RO         1063    .text.gpio_init     cbmx56x.lib(cbmx56x_gpio.o)
    0x0000a134   0x0000a134   0x00000010   Code   RO         1087    .text.gpio_interrupt_status_clear  cbmx56x.lib(cbmx56x_gpio.o)
    0x0000a144   0x0000a144   0x00000020   Code   RO         1081    .text.gpio_mf_config  cbmx56x.lib(cbmx56x_gpio.o)
    0x0000a164   0x0000a164   0x000003e0   Code   RO          247    .text.handle_block_read  standard_data_cmd.o
    0x0000a544   0x0000a544   0x0000001e   Code   RO          354    .text.handle_debug_mode  app_debug_mode_handle.o
    0x0000a562   0x0000a562   0x00000002   PAD
    0x0000a564   0x0000a564   0x00000020   Code   RO         1103    .text.hdiv_quotient_int  cbmx56x.lib(cbmx56x_hdiv.o)
    0x0000a584   0x0000a584   0x0000002c   Code   RO         1101    .text.hdiv_quotient_read  cbmx56x.lib(cbmx56x_hdiv.o)
    0x0000a5b0   0x0000a5b0   0x00000018   Code   RO         1203    .text.i2c_addr_timeout_enable_ctrl  cbmx56x.lib(cbmx56x_i2c.o)
    0x0000a5c8   0x0000a5c8   0x00000010   Code   RO         1201    .text.i2c_addr_timeout_set  cbmx56x.lib(cbmx56x_i2c.o)
    0x0000a5d8   0x0000a5d8   0x00000080   Code   RO         1197    .text.i2c_busy_judge  cbmx56x.lib(cbmx56x_i2c.o)
    0x0000a658   0x0000a658   0x00000018   Code   RO         1207    .text.i2c_busy_timeout_enable_ctrl  cbmx56x.lib(cbmx56x_i2c.o)
    0x0000a670   0x0000a670   0x00000018   Code   RO         1205    .text.i2c_busy_timeout_set  cbmx56x.lib(cbmx56x_i2c.o)
    0x0000a688   0x0000a688   0x0000000c   Code   RO         1185    .text.i2c_data_receive  cbmx56x.lib(cbmx56x_i2c.o)
    0x0000a694   0x0000a694   0x0000000c   Code   RO         1183    .text.i2c_data_send  cbmx56x.lib(cbmx56x_i2c.o)
    0x0000a6a0   0x0000a6a0   0x00000016   Code   RO         1115    .text.i2c_def_init  cbmx56x.lib(cbmx56x_i2c.o)
    0x0000a6b6   0x0000a6b6   0x00000002   PAD
    0x0000a6b8   0x0000a6b8   0x00000014   Code   RO         1119    .text.i2c_enable_ctrl  cbmx56x.lib(cbmx56x_i2c.o)
    0x0000a6cc   0x0000a6cc   0x00000014   Code   RO         1191    .text.i2c_flag_clear  cbmx56x.lib(cbmx56x_i2c.o)
    0x0000a6e0   0x0000a6e0   0x00000020   Code   RO         1189    .text.i2c_flag_status_get  cbmx56x.lib(cbmx56x_i2c.o)
    0x0000a700   0x0000a700   0x00000064   Code   RO         1117    .text.i2c_init      cbmx56x.lib(cbmx56x_i2c.o)
    0x0000a764   0x0000a764   0x0000000c   Code   RO         1195    .text.i2c_interrupt_bit_clear  cbmx56x.lib(cbmx56x_i2c.o)
    0x0000a770   0x0000a770   0x00000014   Code   RO         1123    .text.i2c_interrupt_config  cbmx56x.lib(cbmx56x_i2c.o)
    0x0000a784   0x0000a784   0x00000014   Code   RO         1121    .text.i2c_software_reset  cbmx56x.lib(cbmx56x_i2c.o)
    0x0000a798   0x0000a798   0x00000018   Code   RO         1125    .text.i2c_stretch_clock_enable_ctrl  cbmx56x.lib(cbmx56x_i2c.o)
    0x0000a7b0   0x0000a7b0   0x0000001c   Code   RO         1127    .text.i2c_wakeup_enable_ctrl  cbmx56x.lib(cbmx56x_i2c.o)
    0x0000a7cc   0x0000a7cc   0x00000d60   Code   RO          237    .text.iic_isr_process  standard_data_cmd.o
    0x0000b52c   0x0000b52c   0x0000010c   Code   RO          177    .text.init_soc_input_state  task.o
    0x0000b638   0x0000b638   0x0000000c   Code   RO         1233    .text.iwdg_enable   cbmx56x.lib(cbmx56x_iwdg.o)
    0x0000b644   0x0000b644   0x0000000c   Code   RO         1225    .text.iwdg_prescaler_set  cbmx56x.lib(cbmx56x_iwdg.o)
    0x0000b650   0x0000b650   0x0000000c   Code   RO         1229    .text.iwdg_reload_counter  cbmx56x.lib(cbmx56x_iwdg.o)
    0x0000b65c   0x0000b65c   0x0000000c   Code   RO         1227    .text.iwdg_reload_set  cbmx56x.lib(cbmx56x_iwdg.o)
    0x0000b668   0x0000b668   0x0000000c   Code   RO         1223    .text.iwdg_write_access_enable_ctrl  cbmx56x.lib(cbmx56x_iwdg.o)
    0x0000b674   0x0000b674   0x0000001a   Code   RO            2    .text.main          main.o
    0x0000b68e   0x0000b68e   0x00000002   PAD
    0x0000b690   0x0000b690   0x00000040   Code   RO          411    .text.modules_cc_hp_updata_value  modules_current.o
    0x0000b6d0   0x0000b6d0   0x0000000c   Code   RO          415    .text.modules_cc_hs_get_value  modules_current.o
    0x0000b6dc   0x0000b6dc   0x00000228   Code   RO          501    .text.modules_init  modules_init.o
    0x0000b904   0x0000b904   0x00000188   Code   RO          602    .text.more_init     bi2cs_interface.o
    0x0000ba8c   0x0000ba8c   0x00000054   Code   RO         1257    .text.nvic_init     cbmx56x.lib(cbmx56x_nvic.o)
    0x0000bae0   0x0000bae0   0x0000000c   Code   RO           27    .text.os_enable_interrupt  api_implement.o
    0x0000baec   0x0000baec   0x0000000a   Code   RO           23    .text.os_read_flash  api_implement.o
    0x0000baf6   0x0000baf6   0x00000002   PAD
    0x0000baf8   0x0000baf8   0x0000001c   Code   RO           29    .text.os_reset_system  api_implement.o
    0x0000bb14   0x0000bb14   0x0000000a   Code   RO           25    .text.os_write_flash  api_implement.o
    0x0000bb1e   0x0000bb1e   0x00000002   PAD
    0x0000bb20   0x0000bb20   0x0000009a   Code   RO           75    .text.parse_rx_data_packet  comm_protocol.o
    0x0000bbba   0x0000bbba   0x00000002   PAD
    0x0000bbbc   0x0000bbbc   0x00000020   Code   RO         1283    .text.pmu_deepsleep2_init  cbmx56x.lib(cbmx56x_pmu.o)
    0x0000bbdc   0x0000bbdc   0x00000018   Code   RO         1307    .text.rcc_ahb_periph_clock_enable_ctrl  cbmx56x.lib(cbmx56x_rcc.o)
    0x0000bbf4   0x0000bbf4   0x00000018   Code   RO         1309    .text.rcc_apb_periph_clock_enable_ctrl  cbmx56x.lib(cbmx56x_rcc.o)
    0x0000bc0c   0x0000bc0c   0x00000010   Code   RO         1305    .text.rcc_periph_reset_enable_ctrl  cbmx56x.lib(cbmx56x_rcc.o)
    0x0000bc1c   0x0000bc1c   0x00000018   Code   RO         1319    .text.rcc_tim1_clk_config  cbmx56x.lib(cbmx56x_rcc.o)
    0x0000bc34   0x0000bc34   0x000005cc   Code   RO          608    .text.readIPAmessage  bi2cs_interface.o
    0x0000c200   0x0000c200   0x00000010   Code   RO          302    .text.read_ChemID_fun  block_command.o
    0x0000c210   0x0000c210   0x0000001e   Code   RO          298    .text.read_DeviceType_fun  block_command.o
    0x0000c22e   0x0000c22e   0x0000000e   Code   RO          300    .text.read_FirmwareVersion_fun  block_command.o
    0x0000c23c   0x0000c23c   0x000000c4   Code   RO          324    .text.read_command_id_handle  block_command.o
    0x0000c300   0x0000c300   0x00000014   Code   RO          316    .text.read_serial_number  block_command.o
    0x0000c314   0x0000c314   0x000000b8   Code   RO           91    .text.register_read_fun  data_flash.o
    0x0000c3cc   0x0000c3cc   0x0000008c   Code   RO           87    .text.register_write_fun  data_flash.o
    0x0000c458   0x0000c458   0x00000020   Code   RO           71    .text.run_task_event  comm_protocol.o
    0x0000c478   0x0000c478   0x0000000c   Code   RO          463    .text.set_I2C_TimeOut_Count  modules_init.o
    0x0000c484   0x0000c484   0x00000020   Code   RO          233    .text.set_iic_rx_handle_type  standard_data_cmd.o
    0x0000c4a4   0x0000c4a4   0x00000010   Code   RO           45    .text.set_task_event  comm_protocol.o
    0x0000c4b4   0x0000c4b4   0x00000104   Code   RO         1330    .text.sha256_calc   cbmx56x.lib(cbmx56x_sha256.o)
    0x0000c5b8   0x0000c5b8   0x000000e8   Code   RO         1332    .text.sha256_hmac_calc  cbmx56x.lib(cbmx56x_sha256.o)
    0x0000c6a0   0x0000c6a0   0x00000040   Code   RO          497    .text.sleep         modules_init.o
    0x0000c6e0   0x0000c6e0   0x00000038   Code   RO          524    .text.sleep_timeout_decrease  modules_pmu.o
    0x0000c718   0x0000c718   0x000001a8   Code   RO          586    .text.t_comA0Change  bi2cs_interface.o
    0x0000c8c0   0x0000c8c0   0x00000018   Code   RO         1366    .text.tim1_cnt_update_enable_ctrl  cbmx56x.lib(cbmx56x_tim1.o)
    0x0000c8d8   0x0000c8d8   0x00000018   Code   RO         1352    .text.tim1_enable_ctrl  cbmx56x.lib(cbmx56x_tim1.o)
    0x0000c8f0   0x0000c8f0   0x0000000c   Code   RO         1372    .text.tim1_interrupt_status_clear  cbmx56x.lib(cbmx56x_tim1.o)
    0x0000c8fc   0x0000c8fc   0x00000010   Code   RO         1370    .text.tim1_interrupt_status_get  cbmx56x.lib(cbmx56x_tim1.o)
    0x0000c90c   0x0000c90c   0x00000050   Code   RO         1346    .text.tim1_timer_config  cbmx56x.lib(cbmx56x_tim1.o)
    0x0000c95c   0x0000c95c   0x00000114   Code   RO          364    .text.timer_reg_command  app_reg_cmd_handle.o
    0x0000ca70   0x0000ca70   0x0000000c   Code   RO          858    .text.ts_W_H        MyI2C.lib(myi2c.o)
    0x0000ca7c   0x0000ca7c   0x0000000c   Code   RO          860    .text.ts_W_L        MyI2C.lib(myi2c.o)
    0x0000ca88   0x0000ca88   0x000000d4   Code   RO           73    .text.tx_err_code_packet  comm_protocol.o
    0x0000cb5c   0x0000cb5c   0x00000544   Code   RO          175    .text.update_soc_input_param  task.o
    0x0000d0a0   0x0000d0a0   0x00000008   Code   RO          505    .text.user_app_init  modules_init.o
    0x0000d0a8   0x0000d0a8   0x0000001c   Code   RO         1414    .text.vadc_channel_enable_ctrl  cbmx56x.lib(cbmx56x_vadc.o)
    0x0000d0c4   0x0000d0c4   0x00000044   Code   RO         1388    .text.vadc_channel_init  cbmx56x.lib(cbmx56x_vadc.o)
    0x0000d108   0x0000d108   0x00000018   Code   RO         1400    .text.vadc_chop_enable_ctrl  cbmx56x.lib(cbmx56x_vadc.o)
    0x0000d120   0x0000d120   0x0000000c   Code   RO         1422    .text.vadc_down_sampling_rate_set  cbmx56x.lib(cbmx56x_vadc.o)
    0x0000d12c   0x0000d12c   0x00000014   Code   RO         1392    .text.vadc_enable_ctrl  cbmx56x.lib(cbmx56x_vadc.o)
    0x0000d140   0x0000d140   0x000001c4   Code   RO         1438    .text.vadc_get_temperature  cbmx56x.lib(cbmx56x_vadc.o)
    0x0000d304   0x0000d304   0x000000dc   Code   RO         1434    .text.vadc_get_voltage  cbmx56x.lib(cbmx56x_vadc.o)
    0x0000d3e0   0x0000d3e0   0x0000002c   Code   RO         1384    .text.vadc_init     cbmx56x.lib(cbmx56x_vadc.o)
    0x0000d40c   0x0000d40c   0x0000001c   Code   RO         1426    .text.vadc_interrupt_config  cbmx56x.lib(cbmx56x_vadc.o)
    0x0000d428   0x0000d428   0x0000000c   Code   RO         1432    .text.vadc_intetrrupt_flag_clear  cbmx56x.lib(cbmx56x_vadc.o)
    0x0000d434   0x0000d434   0x00000014   Code   RO         1430    .text.vadc_intetrrupt_status_get  cbmx56x.lib(cbmx56x_vadc.o)
    0x0000d448   0x0000d448   0x00000018   Code   RO         1394    .text.vadc_stop_mode_set  cbmx56x.lib(cbmx56x_vadc.o)
    0x0000d460   0x0000d460   0x00000018   Code   RO         1416    .text.vadc_vcm_set  cbmx56x.lib(cbmx56x_vadc.o)
    0x0000d478   0x0000d478   0x0000000c   Code   RO          308    .text.write_Reset_sys_fun  block_command.o
    0x0000d484   0x0000d484   0x00000004   Code   RO          318    .text.write_SealDevice_fun  block_command.o
    0x0000d488   0x0000d488   0x00000004   Code   RO          314    .text.write_calibration_enable_fun  block_command.o
    0x0000d48c   0x0000d48c   0x000000e4   Code   RO          326    .text.write_command_id_handle  block_command.o
    0x0000d570   0x0000d570   0x00000004   Code   RO          306    .text.write_full_unseal_fun  block_command.o
    0x0000d574   0x0000d574   0x00000004   Code   RO          310    .text.write_life_time_enable_fun  block_command.o
    0x0000d578   0x0000d578   0x00000004   Code   RO          312    .text.write_life_time_flush_fun  block_command.o
    0x0000d57c   0x0000d57c   0x00000004   Code   RO          304    .text.write_unseal_fun  block_command.o
    0x0000d580   0x0000d580   0x000001f6   Code   RO         1467    .text_divfast       c_p.l(aeabi_sdivfast.o)
    0x0000d776   0x0000d776   0x00000016   Code   RO         1482    i._dgr              fz_ps.l(dcmp.o)
    0x0000d78c   0x0000d78c   0x0000001a   Code   RO         1483    i._dleq             fz_ps.l(dcmp.o)
    0x0000d7a6   0x0000d7a6   0x00000002   PAD
    0x0000d7a8   0x0000d7a8   0x00000064   Code   RO         1537    x$fpl$dgeqf         fz_ps.l(dgef.o)
    0x0000d80c   0x0000d80c   0x00000064   Code   RO         1539    x$fpl$dleqf         fz_ps.l(dlef.o)
    0x0000d870   0x0000d870   0x0000008c   Code   RO         1505    x$fpl$fadd          fz_ps.l(faddsub.o)
    0x0000d8fc   0x0000d8fc   0x000000d0   Code   RO         1507    x$fpl$fsub          fz_ps.l(faddsub.o)
    0x0000d9cc   0x0000d9cc   0x00000000   Code   RO         1541    x$fpl$usenofp       fz_ps.l(usenofp.o)
    0x0000d9cc   0x0000d9cc   0x00000080   Data   RO         1493    .constdata          fz_ps.l(ddiv.o)
    0x0000da4c   0x0000da4c   0x0000000c   Data   RO         1444    .rodata..Lswitch.table.vadc_temperature_calculate  cbmx56x.lib(cbmx56x_vadc.o)
    0x0000da58   0x0000da58   0x00000100   Data   RO          274    .rodata.CRC8TBL     standard_data_cmd.o
    0x0000db58   0x0000db58   0x00000058   Data   RO          331    .rodata.command_id_fun  block_command.o
    0x0000dbb0   0x0000dbb0   0x00000020   Data   RO           77    .rodata.cst32       comm_protocol.o
    0x0000dbd0   0x0000dbd0   0x000001e0   Data   RO          277    .rodata.cst32       standard_data_cmd.o
    0x0000ddb0   0x0000ddb0   0x00000020   Data   RO         1717    Region$$Table       anon$$obj.o
    0x0000ddd0   0x0000ddd0   0x00000630   PAD
    0x0000e400   0x0000e400   0x0000035d   Data   RO          631    .ARM.__at_0x0000E400  cell.o
    0x0000e75d   0x0000e75d   0x00000003   PAD
    0x0000e760   0x0000e760   0x000007f8   Data   RO          273    .rodata.scom_no_tbl  standard_data_cmd.o
    0x0000ef58   0x0000ef58   0x00000098   PAD
    0x0000eff0   0x0000eff0   0x00000004   Data   RO            7    .ARM.__at_0x0000EFF0  main.o


==============================================================================

Image component sizes


      Code (inc. data)   RO Data    RW Data    ZI Data      Debug   Object Name

        60          8          0          0          0       2452   api_implement.o
        30          0          0          0          0       1387   app_debug_mode_handle.o
       276         16          0          0          0       3068   app_reg_cmd_handle.o
       180         16          0          0          0       1177   app_task.o
      4344        756          0          0       1069      16634   bi2cs_interface.o
       544         16         88          0          0       4778   block_command.o
      3296        168          0          0         50       5458   calc_cvt.o
         0          0        861          0          0       8046   cell.o
      2630         54         32          0          3      18494   comm_protocol.o
      2020        172          0          0          5       7383   data_flash.o
     10772        568          0          2        132      21967   datcalc_spl.o
       126         16          0          1          0       1871   isr.o
      2144         76          0          2         88       7092   lifetime.o
        26          0         28          0          0        702   main.o
      3224        380          0          0          7       5016   mode.o
        76          4          0          0          8       1985   modules_current.o
       336         12          0          0          2       2195   modules_fmc.o
      1068         76          0          0          2       8501   modules_init.o
       368         40          0          1          3       2152   modules_pmu.o
       820         16          0          0        128       5045   ram.o
      6840       1632       2776        426        502      17008   standard_data_cmd.o
        52         22        128          0       1024        648   startup_cbmx56x.o
        28          8          0          0          0        747   system_cbmx56x.o
      2062        244          0          2         48       8857   task.o
        32          0          0          0          0       1877   utility.o

    ----------------------------------------------------------------------
     41378       4300       5824        436       3100     154540   Object Totals
         0          0         32          0          0          0   (incl. Generated)
        24          0       1879          2         29          0   (incl. Padding)

    ----------------------------------------------------------------------

      Code (inc. data)   RO Data    RW Data    ZI Data      Debug   Library Member Name

      2614          4          0          0          0      14561   myi2c.o
        86          0          0          0          0          0   __dczerorl2.o
         8          0          0          0          0         68   __main.o
         0          0          0          0          0          0   __rtentry.o
        12          0          0          0          0          0   __rtentry2.o
         6          0          0          0          0          0   __rtentry4.o
        60          8          0          0          0          0   __scatter.o
        28          0          0          0          0          0   __scatter_zi.o
      1006          4          0          0          0        184   aeabi_sdivfast.o
        16          0          0          0          0         68   exit.o
         6          0          0          0          0        136   heapauxi.o
         0          0          0          0          0          0   indicate_semi.o
         2          0          0          0          0          0   libinit.o
         2          0          0          0          0          0   libinit2.o
         2          0          0          0          0          0   libshutdown.o
         2          0          0          0          0          0   libshutdown2.o
         8          4          0          0         96         68   libspace.o
        48          0          0          0          0         72   llmul.o
       166          0          0          0          0         72   llsdiv.o
       272          0          0          0          0         88   lludiv.o
        90          0          0          0          0         68   memcmp.o
        64          0          0          0          0        108   rt_memclr.o
       186          0          0          0          0        144   rt_memcpy.o
         2          0          0          0          0          0   rtexit.o
        10          0          0          0          0          0   rtexit2.o
        12          4          0          0          0         60   sys_exit.o
        62          0          0          0          0         80   sys_stackheap_outer.o
         2          0          0          0          0         68   use_no_semi.o
       608         48          0          0          0       8070   cbmx56x_cc.o
        28          4          0          0          0       2804   cbmx56x_crc.o
       860         28          0          0          0       8997   cbmx56x_flash.o
        28          4          0          0          0       1353   cbmx56x_gcr.o
       224         20          0          0          0       6459   cbmx56x_gpio.o
        76          4          0          0          0       1637   cbmx56x_hdiv.o
       538         48          0          0          0      13010   cbmx56x_i2c.o
        60         20          0          0          0       1865   cbmx56x_iwdg.o
        84         12          0          0          0       2470   cbmx56x_nvic.o
        32          8          0          0          0       3046   cbmx56x_pmu.o
        88         16          0          0          0       5590   cbmx56x_rcc.o
       492          4          0          0          0       4046   cbmx56x_sha256.o
       156         16          0          0          0       3356   cbmx56x_tim1.o
       976         88         12          0          0      13168   cbmx56x_vadc.o
        46          0          0          0          0         60   cmpret.o
       856         20          0          0          0        208   daddsub.o
        48          0          0          0          0        136   dcmp.o
       160          6          0          0          0         76   dcmpin.o
      1096         26        128          0          0        112   ddiv.o
       108         10          0          0          0         72   dfixi.o
        72          4          0          0          0         68   dfixui.o
        88          0          0          0          0         92   dflti.o
       132          4          0          0          0        100   dfltl.o
       100          4          0          0          0         92   dgef.o
       100          4          0          0          0         92   dlef.o
       584         26          0          0          0         84   dmul.o
        20          6          0          0          0         68   dnan2.o
       348          8          0          0          0        160   faddsub.o
        76          0          0          0          0         68   ffixi.o
        94          0          0          0          0         92   fflti.o
        94          0          0          0          0         68   retnan.o
         0          0          0          0          0          0   usenofp.o

    ----------------------------------------------------------------------
     13062        462        140          0         96      93364   Library Totals
        18          0          0          0          0          0   (incl. Padding)

    ----------------------------------------------------------------------

      Code (inc. data)   RO Data    RW Data    ZI Data      Debug   Library Name

      2614          4          0          0          0      14561   MyI2C.lib
      2158         20          0          0         96       1284   c_p.l
      4250        320         12          0          0      75871   cbmx56x.lib
      4022        118        128          0          0       1648   fz_ps.l

    ----------------------------------------------------------------------
     13062        462        140          0         96      93364   Library Totals

    ----------------------------------------------------------------------

==============================================================================


      Code (inc. data)   RO Data    RW Data    ZI Data      Debug   

     54440       4762       5964        436       3196     245936   Grand Totals
     54440       4762       5964        136       3196     245936   ELF Image Totals (compressed)
     54440       4762       5964        136          0          0   ROM Totals

==============================================================================

    Total RO  Size (Code + RO Data)                60404 (  58.99kB)
    Total RW  Size (RW Data + ZI Data)              3632 (   3.55kB)
    Total ROM Size (Code + RO Data + RW Data)      60540 (  59.12kB)

==============================================================================

